I/AudioFlinger( 2740): loadHwModule() Loaded a2dp audio interface from A2DP Audio HW HAL (audio) handle 3
I/AudioPolicyService( 2740): Loaded audio policy from QCOM Audio Policy HAL (audio_policy)
E/BandwidthController( 2738): runIptablesCmd(): failed /system/bin/iptables -t raw -N bw_raw_PREROUTING res=256
E/BandwidthController( 2738): runIptablesCmd(): failed /system/bin/ip6tables -t raw -N bw_raw_PREROUTING res=256
D/dalvikvm( 2739): DexOpt: --- BEGIN 'framework.jar' (bootstrap=1) ---
D/MDnsDS  ( 2738): MDnsSdListener::Hander starting up
D/MDnsDS  ( 2738): MDnsSdListener starting to monitor
D/MDnsDS  ( 2738): Going to poll with pollCount 1
E/dalvikvm( 2852): Out-of-order field_idx: 0x223c then 0x223c
E/dalvikvm( 2852): Trouble with item 2129 @ offset 0x4a04e4
E/dalvikvm( 2852): Swap of section type 2006 failed
E/dalvikvm( 2852): ERROR: Byte swap + verify failed
E/dalvikvm( 2852): Optimization failed
W/dalvikvm( 2739): DexOpt: --- END 'framework.jar' --- status=0xff00, process failed
E/dalvikvm( 2739): Unable to extract+optimize DEX from '/system/framework/framework.jar'
D/dalvikvm( 2739): Unable to process classpath element '/system/framework/framework.jar'
D/dalvikvm( 2739): Unable to stat classpath element '/system/framework/framework2.jar'
D/dalvikvm( 2739): DexOpt: incorrect opt magic number (0xff ff ff ff)
D/dalvikvm( 2739): ODEX file is stale or bad; removing and retrying (/data/dalvik-cache/system@framework@services.jar@classes.dex)
D/dalvikvm( 2739): DexOpt: --- BEGIN 'services.jar' (bootstrap=1) ---
E/dalvikvm( 2869): Out-of-order method_idx: 0x21ba then 0x21ba
E/dalvikvm( 2869): Trouble with item 554 @ offset 0x146aac
E/dalvikvm( 2869): Swap of section type 2006 failed
E/dalvikvm( 2869): ERROR: Byte swap + verify failed
E/dalvikvm( 2869): Optimization failed
W/dalvikvm( 2739): DexOpt: --- END 'services.jar' --- status=0xff00, process failed
E/dalvikvm( 2739): Unable to extract+optimize DEX from '/system/framework/services.jar'
D/dalvikvm( 2739): Unable to process classpath element '/system/framework/services.jar'
D/dalvikvm( 2739): Trying to load lib libjavacore.so 0x0
D/dalvikvm( 2739): Added shared lib libjavacore.so 0x0
D/dalvikvm( 2739): Trying to load lib libnativehelper.so 0x0
D/dalvikvm( 2739): Added shared lib libnativehelper.so 0x0
E/JNIHelp ( 2739): Native registration unable to find class 'android/debug/JNITest', aborting
F/libc    ( 2739): Fatal signal 11 (SIGSEGV) at 0xdeadbaad (code=1), thread 2739 (zygote)
I/DEBUG   (  157): *** *** *** *** *** *** *** *** *** *** *** *** *** *** *** ***
I/DEBUG   (  157): Build fingerprint: 'samsung/GT-I8150/GT-I8150:2.3.6/GINGERBREAD/XXLMD:user/release-keys'
I/DEBUG   (  157): pid: 2739, tid: 2739, name: zygote  >>> zygote <<<
I/DEBUG   (  157): signal 11 (SIGSEGV), code 1 (SEGV_MAPERR), fault addr deadbaad
I/DEBUG   (  157):     r0 00000027  r1 deadbaad  r2 00000000  r3 00000000
I/DEBUG   (  157):     r4 00000000  r5 be9779e4  r6 401e4ed8  r7 00000002
I/DEBUG   (  157):     r8 401ed834  r9 401ee414  sl 00008f9c  fp 00008fd2
I/DEBUG   (  157):     ip 40005fe0  sp be9779e0  lr 4007a5e1  pc 4007a60a  cpsr 600b0030
I/DEBUG   (  157):     d0  722065766974614e  d1  7461727473696765
I/DEBUG   (  157):     d2  62616e75206e6f69  d3  6966206f7420656c
I/DEBUG   (  157):     d4  0000d4cc0000d4b1  d5  0000d4e80000d4cd
I/DEBUG   (  157):     d6  0000d5040000d4e9  d7  0000d5200000d505
I/DEBUG   (  157):     d8  0000000000000000  d9  0000000000000000
I/DEBUG   (  157):     d10 0000000000000000  d11 0000000000000000
I/DEBUG   (  157):     d12 0000000000000000  d13 0000000000000000
I/DEBUG   (  157):     d14 0000000000000000  d15 0000000000000000
I/DEBUG   (  157):     d16 2f64696f72646e61  d17 4e4a2f6775626564
I/DEBUG   (  157):     d18 0000d5740000d559  d19 0000d5900000d575
I/DEBUG   (  157):     d20 0000d5ac0000d591  d21 0000d5c80000d5ad
I/DEBUG   (  157):     d22 0000d5e40000d5c9  d23 0000d6000000d5e5
I/DEBUG   (  157):     d24 0000000000000000  d25 0000000000000000
I/DEBUG   (  157):     d26 0000000000000000  d27 0000000000000000
I/DEBUG   (  157):     d28 0000000000000000  d29 0000000000000000
I/DEBUG   (  157):     d30 0000000000000000  d31 0000000000000000
I/DEBUG   (  157):     scr 60000010
I/DEBUG   (  157): 
I/DEBUG   (  157): backtrace:
I/DEBUG   (  157):     #00  pc 0001860a  /system/lib/libc.so
I/DEBUG   (  157):     #01  pc 0000dd44  /system/lib/libc.so (abort+4)
I/DEBUG   (  157):     #02  pc 00000955  /system/lib/libnativehelper.so (jniRegisterNativeMethods+72)
I/DEBUG   (  157):     #03  pc 00048555  /system/lib/libandroid_runtime.so (android::AndroidRuntime::startReg(_JNIEnv*)+36)
I/DEBUG   (  157):     #04  pc 00048659  /system/lib/libandroid_runtime.so (android::AndroidRuntime::start(char const*, char const*)+208)
I/DEBUG   (  157):     #05  pc 00000e9b  /system/bin/app_process
I/DEBUG   (  157): 
I/DEBUG   (  157): stack:
I/DEBUG   (  157):          be9779a0  0131af68  [heap]
I/DEBUG   (  157):          be9779a4  40ab35e8  /dev/ashmem/dalvik-heap (deleted)
I/DEBUG   (  157):          be9779a8  00000000  
I/DEBUG   (  157):          be9779ac  0131af68  [heap]
I/DEBUG   (  157):          be9779b0  40ab35e8  /dev/ashmem/dalvik-heap (deleted)
I/DEBUG   (  157):          be9779b4  40079353  /system/lib/libc.so (free+14)
I/DEBUG   (  157):          be9779b8  0131af68  [heap]
I/DEBUG   (  157):          be9779bc  40ab35e8  /dev/ashmem/dalvik-heap (deleted)
I/DEBUG   (  157):          be9779c0  00000000  
I/DEBUG   (  157):          be9779c4  00000002  
I/DEBUG   (  157):          be9779c8  0131af68  [heap]
I/DEBUG   (  157):          be9779cc  40077b75  /system/lib/libc.so (dlfree+56)
I/DEBUG   (  157):          be9779d0  40077b3d  /system/lib/libc.so (dlfree)
I/DEBUG   (  157):          be9779d4  0131af68  [heap]
I/DEBUG   (  157):          be9779d8  df0027ad  
I/DEBUG   (  157):          be9779dc  00000000  
I/DEBUG   (  157):     #00  be9779e0  be9779fc  [stack]
I/DEBUG   (  157):          be9779e4  fffffbdf  
I/DEBUG   (  157):          be9779e8  00000000  
I/DEBUG   (  157):          be9779ec  40777b5d  /system/lib/libdvm.so
I/DEBUG   (  157):          be9779f0  00000000  
I/DEBUG   (  157):          be9779f4  765e4d58  
I/DEBUG   (  157):          be9779f8  012fe460  [heap]
I/DEBUG   (  157):          be9779fc  012fe460  [heap]
I/DEBUG   (  157):          be977a00  401df44a  /system/lib/libandroid_runtime.so
I/DEBUG   (  157):          be977a04  4006fd48  /system/lib/libc.so (__pthread_clone)
I/DEBUG   (  157):     #01  be977a08  765e4d58  
I/DEBUG   (  157):          be977a0c  40003959  /system/lib/libnativehelper.so (jniRegisterNativeMethods+76)
I/DEBUG   (  157):     #02  be977a10  012fe460  [heap]
I/DEBUG   (  157):          be977a14  00000000  
I/DEBUG   (  157):          be977a18  012fe460  [heap]
I/DEBUG   (  157):          be977a1c  00000000  
I/DEBUG   (  157):          be977a20  401e4ed8  /system/lib/libandroid_runtime.so
I/DEBUG   (  157):          be977a24  00008fa3  /system/bin/app_process
I/DEBUG   (  157):          be977a28  00009003  /system/bin/app_process
I/DEBUG   (  157):          be977a2c  4018b557  /system/lib/libandroid_runtime.so (android::AndroidRuntime::startReg(_JNIEnv*)+38)
I/DEBUG   (  157): 
I/DEBUG   (  157): memory near r5:
I/DEBUG   (  157):     be9779c4 00000002 0131af68 40077b75 40077b3d  ....h.1.u{.@={.@
I/DEBUG   (  157):     be9779d4 0131af68 df0027ad 00000000 be9779fc  h.1..'.......y..
I/DEBUG   (  157):     be9779e4 fffffbdf 00000000 40777b5d 00000000  ........]{w@....
I/DEBUG   (  157):     be9779f4 765e4d58 012fe460 012fe460 401df44a  XM^v`./.`./.J..@
I/DEBUG   (  157):     be977a04 4006fd48 765e4d58 40003959 012fe460  H..@XM^vY9.@`./.
I/DEBUG   (  157): 
I/DEBUG   (  157): memory near r6:
I/DEBUG   (  157):     401e4eb8 00000000 00000000 4018abe1 4018ac05  ...........@...@
I/DEBUG   (  157):     401e4ec8 4018a9f9 40009909 4018a9f9 4018a9f9  ...@...@...@...@
I/DEBUG   (  157):     401e4ed8 401bc7bd 4018abc9 401a223d 401a9b0d  ...@...@=".@...@
I/DEBUG   (  157):     401e4ee8 401a9e45 401a9fb9 401a57b9 401a7ac9  E..@...@.W.@.z.@
I/DEBUG   (  157):     401e4ef8 401ab409 401ab7fd 401992d5 4019fe81  ...@...@...@...@
I/DEBUG   (  157): 
I/DEBUG   (  157): memory near r8:
I/DEBUG   (  157):     401ed814 401df33d 401bc425 401df358 401cedd4  =..@%..@X..@...@
I/DEBUG   (  157):     401ed824 401bc3f1 401df36e 401cf2b2 401bc3bd  ...@n..@...@...@
I/DEBUG   (  157):     401ed834 401df460 401df466 401bc6e5 401df480  `..@f..@...@...@
I/DEBUG   (  157):     401ed844 401d5749 401bc685 401d342d 401cf676  IW.@...@-4.@v..@
I/DEBUG   (  157):     401ed854 401bc81b 401df55b 401cf0dc 401bc821  ...@[..@...@!..@
I/DEBUG   (  157): 
I/DEBUG   (  157): memory near r9:
I/DEBUG   (  157):     401ee3f4 00000000 00000000 00000000 00000000  ................
I/DEBUG   (  157):     401ee404 00000000 00000000 00000000 00000000  ................
I/DEBUG   (  157):     401ee414 012fee78 be977b00 00000000 00000000  x./..{..........
I/DEBUG   (  157):     401ee424 00000000 00000000 00000000 00000000  ................
I/DEBUG   (  157):     401ee434 00000000 00000000 00000000 00000000  ................
I/DEBUG   (  157): 
I/DEBUG   (  157): memory near sl:
I/DEBUG   (  157):     00008f7c 20726964 72617473 6c632d74 2d737361  dir start-class-
I/DEBUG   (  157):     00008f8c 656d616e 706f5b20 6e6f6974 000a5d73  name [options]..
I/DEBUG   (  157):     00008f9c 6f67797a 73006574 74726174 7379732d  zygote.start-sys
I/DEBUG   (  157):     00008fac 2d6d6574 76726573 00007265 6c707061  tem-server..appl
I/DEBUG   (  157):     00008fbc 74616369 006e6f69 6c6f6f74 7a2d2d00  ication.tool.--z
I/DEBUG   (  157): 
I/DEBUG   (  157): memory near fp:
I/DEBUG   (  157):     00008fb0 76726573 00007265 6c707061 74616369  server..applicat
I/DEBUG   (  157):     00008fc0 006e6f69 6c6f6f74 7a2d2d00 746f6779  ion.tool.--zygot
I/DEBUG   (  157):     00008fd0 2d2d0065 72617473 79732d74 6d657473  e.--start-system
I/DEBUG   (  157):     00008fe0 7265732d 00726576 70612d2d 63696c70  -server.--applic
I/DEBUG   (  157):     00008ff0 6f697461 2d2d006e 6563696e 6d616e2d  ation.--nice-nam
I/DEBUG   (  157): 
I/DEBUG   (  157): memory near ip:
I/DEBUG   (  157):     40005fc0 00000000 400abb44 00000000 00000000  ....D..@........
I/DEBUG   (  157):     40005fd0 00000000 40084d41 4007e841 400c0489  ....AM.@A..@...@
I/DEBUG   (  157):     40005fe0 4006fd40 40084d09 4007cc41 400c0131  @..@.M.@A..@1..@
I/DEBUG   (  157):     40005ff0 40079345 4007952d 40081065 40081425  E..@-..@e..@%..@
I/DEBUG   (  157):     40006000 1d2000a6 4bc9cd18 4bc9ccc8 00000000  .. ....K...K....
I/DEBUG   (  157): 
I/DEBUG   (  157): memory near sp:
I/DEBUG   (  157):     be9779c0 00000000 00000002 0131af68 40077b75  ........h.1.u{.@
I/DEBUG   (  157):     be9779d0 40077b3d 0131af68 df0027ad 00000000  ={.@h.1..'......
I/DEBUG   (  157):     be9779e0 be9779fc fffffbdf 00000000 40777b5d  .y..........]{w@
I/DEBUG   (  157):     be9779f0 00000000 765e4d58 012fe460 012fe460  ....XM^v`./.`./.
I/DEBUG   (  157):     be977a00 401df44a 4006fd48 765e4d58 40003959  J..@H..@XM^vY9.@
I/DEBUG   (  157): 
I/DEBUG   (  157): code around pc:
I/DEBUG   (  157):     4007a5e8 e000b164 6823461c d1fb2b00 68e3e026  d....F#h.+..&..h
I/DEBUG   (  157):     4007a5f8 4a17b123 447a2401 47986014 20274911  #..J.$zD.`.G.I' 
I/DEBUG   (  157):     4007a608 70082400 eaccf7f4 f7f52106 a902ec08  .$.p.....!......
I/DEBUG   (  157):     4007a618 f04f2006 460a5380 94029304 f7f49403  . O..S.F........
I/DEBUG   (  157):     4007a628 4629efea 20024622 eff2f7f4 eab8f7f4  ..)F"F. ........
I/DEBUG   (  157): 
I/DEBUG   (  157): code around lr:
I/DEBUG   (  157):     4007a5c0 f46f4923 b5306084 4479b087 ad066809  #Io..`0...yD.h..
I/DEBUG   (  157):     4007a5d0 f8452200 20020d14 4629680c e81cf7f5  ."E.... .h)F....
I/DEBUG   (  157):     4007a5e0 447b4b1c b96b681b e000b164 6823461c  .K{D.hk.d....F#h
I/DEBUG   (  157):     4007a5f0 d1fb2b00 68e3e026 4a17b123 447a2401  .+..&..h#..J.$zD
I/DEBUG   (  157):     4007a600 47986014 20274911 70082400 eaccf7f4  .`.G.I' .$.p....
I/DEBUG   (  157): 
I/DEBUG   (  157): memory map around fault addr deadbaad:
I/DEBUG   (  157):     be957000-be978000 [stack]
I/DEBUG   (  157):     (no map for address)
I/DEBUG   (  157):     ffff0000-ffff1000 [vectors]
I/ServiceManager(  153): service 'media.audio_flinger' died
I/ServiceManager(  153): service 'media.player' died
I/ServiceManager(  153): service 'media.camera' died
I/ServiceManager(  153): service 'media.audio_policy' died
I/Netd    ( 2885): Netd 1.0 starting
D/AndroidRuntime( 2886): 
D/AndroidRuntime( 2886): >>>>>> AndroidRuntime START com.android.internal.os.ZygoteInit <<<<<<
D/AndroidRuntime( 2886): CheckJNI is OFF
D/dalvikvm( 2886): DexOpt: incorrect opt magic number (0xff ff ff ff)
D/dalvikvm( 2886): ODEX file is stale or bad; removing and retrying (/data/dalvik-cache/system@framework@framework.jar@classes.dex)
I/mediaserver( 2887): ServiceManager: 0x1f36d78
I/AudioFlinger( 2887): Using default 3000 mSec as standby time.
I/CameraService( 2887): CameraService started (pid=2887)
I/QualcommCameraHardware( 2887): getCameraInfo: IN
I/QualcommCameraHardware( 2887): getCameraInfo: loading libqcamera at 0x4011040c
I/QualcommCameraHardware( 2887): getCameraInfo: numOfCameras = 2
I/QualcommCameraHardware( 2887): Camera sensor 0 info:
I/QualcommCameraHardware( 2887): camera_id: 0
I/QualcommCameraHardware( 2887): modes_supported: 1
I/QualcommCameraHardware( 2887): position: 0
I/QualcommCameraHardware( 2887): sensor_mount_angle: 0
I/QualcommCameraHardware( 2887): Camera sensor 1 info:
I/QualcommCameraHardware( 2887): camera_id: 1
I/QualcommCameraHardware( 2887): modes_supported: 1
I/QualcommCameraHardware( 2887): position: 1
I/QualcommCameraHardware( 2887): sensor_mount_angle: 180
V/QualcommCameraHardware( 2887): getCameraInfo: dlclose(libqcamera)
I/QualcommCameraHardware( 2887): getCameraInfo: OUT
I/CameraHAL( 2887): camera_get_number_of_cameras: number:2
I/AudioPolicyManagerBase( 2887): loadAudioPolicyConfig() loaded /system/etc/audio_policy.conf
D/AudioHardware7x30( 2887): Could not open libhtc_acoustic.so
D/AudioHardware7x30( 2887): msm_mixer_open: Opening the device
D/AudioHardware7x30( 2887): msm_mixer_count:mixer_cnt =61
I/AudioHardware7x30( 2887): ******* name[0] = [handset_rx] *********
I/AudioHardware7x30( 2887): ******* name[1] = [handset_tx] *********
I/AudioHardware7x30( 2887): ******* name[2] = [speaker_rx] *********
I/AudioHardware7x30( 2887): ******* name[3] = [speaker_tx] *********
I/AudioHardware7x30( 2887): ******* name[4] = [headset_rx] *********
I/AudioHardware7x30( 2887): ******* name[5] = [headset_tx] *********
I/AudioHardware7x30( 2887): ******* name[6] = [bt_sco_rx] *********
I/AudioHardware7x30( 2887): ******* name[7] = [bt_sco_tx] *********
I/AudioHardware7x30( 2887): ******* name[8] = [bt_sco_nrec_rx] *********
I/AudioHardware7x30( 2887): ******* name[9] = [bt_sco_nrec_tx] *********
I/AudioHardware7x30( 2887): ******* name[10] = [hdmi_stereo_rx] *********
I/AudioHardware7x30( 2887): ******* name[11] = [aux_dock_rx] *********
I/AudioHardware7x30( 2887): ******* name[12] = [speaker_headset_rx] *********
I/AudioHardware7x30( 2887): ******* name[13] = [speaker_dock_rx] *********
I/AudioHardware7x30( 2887): ******* name[14] = [speaker_hdmi_rx] *********
I/AudioHardware7x30( 2887): ******* name[15] = [handset_call_rx] *********
I/AudioHardware7x30( 2887): ******* name[16] = [handset_call_tx] *********
I/AudioHardware7x30( 2887): ******* name[17] = [speaker_call_rx] *********
I/AudioHardware7x30( 2887): ******* name[18] = [speaker_call_tx] *********
I/AudioHardware7x30( 2887): ******* name[19] = [headset_call_rx] *********
I/AudioHardware7x30( 2887): ******* name[20] = [headset_call_tx] *********
I/AudioHardware7x30( 2887): ******* name[21] = [bt_sco_call_rx] *********
I/AudioHardware7x30( 2887): ******* name[22] = [bt_sco_call_tx] *********
I/AudioHardware7x30( 2887): ******* name[23] = [bt_sco_nrec_call_rx] *********
I/AudioHardware7x30( 2887): ******* name[24] = [bt_sco_nrec_call_tx] *********
I/AudioHardware7x30( 2887): ******* name[25] = [tty_headset_mono_call_rx] *********
I/AudioHardware7x30( 2887): ******* name[26] = [tty_headset_mono_call_tx] *********
I/AudioHardware7x30( 2887): ******* name[27] = [dualmic_handset_call_tx] *********
I/AudioHardware7x30( 2887): ******* name[28] = [handset_fmradio_rx] *********
I/AudioHardware7x30( 2887): ******* name[29] = [headset_fmradio_rx] *********
I/AudioHardware7x30( 2887): ******* name[30] = [headset_fmradio_tx] *********
I/AudioHardware7x30( 2887): ******* name[31] = [speaker_fmradio_rx] *********
I/AudioHardware7x30( 2887): ******* name[32] = [speaker_voice_dialer_tx] *********
I/AudioHardware7x30( 2887): ******* name[33] = [headset_voice_dialer_tx] *********
I/AudioHardware7x30( 2887): ******* name[34] = [bt_sco_voice_dialer_tx] *********
I/AudioHardware7x30( 2887): ******* name[35] = [bt_sco_nrec_voice_dialer_tx] *********
I/AudioHardware7x30( 2887): ******* name[36] = [speaker_voice_search_tx] *********
I/AudioHardware7x30( 2887): ******* name[37] = [headset_voice_search_tx] *********
I/AudioHardware7x30( 2887): ******* name[38] = [headset_fmradio_only_rx] *********
I/AudioHardware7x30( 2887): ******* name[39] = [speaker_fmradio_only_rx] *********
I/AudioHardware7x30( 2887): ******* name[40] = [handset_voip_rx] *********
I/AudioHardware7x30( 2887): ******* name[41] = [handset_voip_tx] *********
I/AudioHardware7x30( 2887): ******* name[42] = [speaker_voip_rx] *********
I/AudioHardware7x30( 2887): ******* name[43] = [speaker_voip_tx] *********
I/AudioHardware7x30( 2887): ******* name[44] = [headset_voip_rx] *********
I/AudioHardware7x30( 2887): ******* name[45] = [headset_voip_tx] *********
I/AudioHardware7x30( 2887): ******* name[46] = [bt_sco_voip_rx] *********
I/AudioHardware7x30( 2887): ******* name[47] = [bt_sco_voip_tx] *********
I/AudioFlinger( 2887): loadHwModule() Loaded primary audio interface from QCOM Audio HW HAL (audio) handle 1
D/AudioHardware7x30( 2887): AudioHardware::openOutputStream devices 2 format 1 channels 3 samplerate 44100
I/AudioFlinger( 2887): HAL output buffer size 1200 frames, normal mix buffer size 1200 frames
I/AudioMixer( 2887): found effect "Multichannel Downmix To Stereo" from The Android Open Source Project
I/AudioFlinger( 2887): Using module 1 has the primary audio interface
I/AudioFlinger( 2887): AudioFlinger's thread 0x1f3ef50 ready to run
D/AudioHardwareInterface( 2887): setMode(NORMAL)
I/AudioHardware7x30( 2887): Set master volume to 7.
W/AudioFlinger( 2887): Thread AudioOut_2 cannot connect to the power manager service
D/AudioHardware7x30( 2887): AudioStreamOutMSM7x30::standby()
W/AudioFlinger( 2887): Thread AudioOut_2 cannot connect to the power manager service
I/AudioHardware7x30( 2887): Routing audio to Speakerphone
D/AudioHardware7x30( 2887): new_rx = 2
D/AudioHardware7x30( 2887): new_tx = 3
E/AudioHardware7x30( 2887): updateDeviceInfo: E rx_device 2 and tx_device 3
D/AudioHardware7x30( 2887): No active voicecall/playback, disabling cur_rx 65535
D/AudioHardware7x30( 2887): No active voicecall/recording, disabling cur_tx 65535
E/AudioHardware7x30( 2887): updateDeviceInfo: X cur_rx 2 cur_tx 3
D/AudioHardware7x30( 2887): setVoiceVolume(0.000000)
I/AudioHardware7x30( 2887): Setting in-call volume to 0 (available range is 0 to 100)
E/AudioHardware7x30( 2887): msm_set_voice_rx_vol(0) failed errno = 1
I/AudioFlinger( 2887): loadHwModule() Loaded a2dp audio interface from A2DP Audio HW HAL (audio) handle 3
I/AudioPolicyService( 2887): Loaded audio policy from QCOM Audio Policy HAL (audio_policy)
E/BandwidthController( 2885): runIptablesCmd(): failed /system/bin/iptables -t raw -N bw_raw_PREROUTING res=256
E/BandwidthController( 2885): runIptablesCmd(): failed /system/bin/ip6tables -t raw -N bw_raw_PREROUTING res=256
D/dalvikvm( 2886): DexOpt: --- BEGIN 'framework.jar' (bootstrap=1) ---
D/MDnsDS  ( 2885): MDnsSdListener::Hander starting up
D/MDnsDS  ( 2885): MDnsSdListener starting to monitor
D/MDnsDS  ( 2885): Going to poll with pollCount 1
E/dalvikvm( 2993): Out-of-order field_idx: 0x223c then 0x223c
E/dalvikvm( 2993): Trouble with item 2129 @ offset 0x4a04e4
E/dalvikvm( 2993): Swap of section type 2006 failed
E/dalvikvm( 2993): ERROR: Byte swap + verify failed
E/dalvikvm( 2993): Optimization failed
W/dalvikvm( 2886): DexOpt: --- END 'framework.jar' --- status=0xff00, process failed
E/dalvikvm( 2886): Unable to extract+optimize DEX from '/system/framework/framework.jar'
D/dalvikvm( 2886): Unable to process classpath element '/system/framework/framework.jar'
D/dalvikvm( 2886): Unable to stat classpath element '/system/framework/framework2.jar'
D/dalvikvm( 2886): DexOpt: incorrect opt magic number (0xff ff ff ff)
D/dalvikvm( 2886): ODEX file is stale or bad; removing and retrying (/data/dalvik-cache/system@framework@services.jar@classes.dex)
D/dalvikvm( 2886): DexOpt: --- BEGIN 'services.jar' (bootstrap=1) ---
E/dalvikvm( 3016): Out-of-order method_idx: 0x21ba then 0x21ba
E/dalvikvm( 3016): Trouble with item 554 @ offset 0x146aac
E/dalvikvm( 3016): Swap of section type 2006 failed
E/dalvikvm( 3016): ERROR: Byte swap + verify failed
E/dalvikvm( 3016): Optimization failed
W/dalvikvm( 2886): DexOpt: --- END 'services.jar' --- status=0xff00, process failed
E/dalvikvm( 2886): Unable to extract+optimize DEX from '/system/framework/services.jar'
D/dalvikvm( 2886): Unable to process classpath element '/system/framework/services.jar'
D/dalvikvm( 2886): Trying to load lib libjavacore.so 0x0
D/dalvikvm( 2886): Added shared lib libjavacore.so 0x0
D/dalvikvm( 2886): Trying to load lib libnativehelper.so 0x0
D/dalvikvm( 2886): Added shared lib libnativehelper.so 0x0
E/JNIHelp ( 2886): Native registration unable to find class 'android/debug/JNITest', aborting
F/libc    ( 2886): Fatal signal 11 (SIGSEGV) at 0xdeadbaad (code=1), thread 2886 (zygote)
I/DEBUG   (  157): *** *** *** *** *** *** *** *** *** *** *** *** *** *** *** ***
I/DEBUG   (  157): Build fingerprint: 'samsung/GT-I8150/GT-I8150:2.3.6/GINGERBREAD/XXLMD:user/release-keys'
I/DEBUG   (  157): pid: 2886, tid: 2886, name: zygote  >>> zygote <<<
I/DEBUG   (  157): signal 11 (SIGSEGV), code 1 (SEGV_MAPERR), fault addr deadbaad
I/DEBUG   (  157):     r0 00000027  r1 deadbaad  r2 00000000  r3 00000000
I/DEBUG   (  157):     r4 00000000  r5 bebf79e4  r6 401ffed8  r7 00000002
I/DEBUG   (  157):     r8 40208834  r9 40209414  sl 00008f9c  fp 00008fd2
I/DEBUG   (  157):     ip 400cefe0  sp bebf79e0  lr 400795e1  pc 4007960a  cpsr 600b0030
I/DEBUG   (  157):     d0  722065766974614e  d1  7461727473696765
I/DEBUG   (  157):     d2  62616e75206e6f69  d3  6966206f7420656c
I/DEBUG   (  157):     d4  0000d4cc0000d4b1  d5  0000d4e80000d4cd
I/DEBUG   (  157):     d6  0000d5040000d4e9  d7  0000d5200000d505
I/DEBUG   (  157):     d8  0000000000000000  d9  0000000000000000
I/DEBUG   (  157):     d10 0000000000000000  d11 0000000000000000
I/DEBUG   (  157):     d12 0000000000000000  d13 0000000000000000
I/DEBUG   (  157):     d14 0000000000000000  d15 0000000000000000
I/DEBUG   (  157):     d16 2f64696f72646e61  d17 4e4a2f6775626564
I/DEBUG   (  157):     d18 0000d5740000d559  d19 0000d5900000d575
I/DEBUG   (  157):     d20 0000d5ac0000d591  d21 0000d5c80000d5ad
I/DEBUG   (  157):     d22 0000d5e40000d5c9  d23 0000d6000000d5e5
I/DEBUG   (  157):     d24 0000000000000000  d25 0000000000000000
I/DEBUG   (  157):     d26 0000000000000000  d27 0000000000000000
I/DEBUG   (  157):     d28 0000000000000000  d29 0000000000000000
I/DEBUG   (  157):     d30 0000000000000000  d31 0000000000000000
I/DEBUG   (  157):     scr 60000010
I/DEBUG   (  157): 
I/DEBUG   (  157): backtrace:
I/DEBUG   (  157):     #00  pc 0001860a  /system/lib/libc.so
I/DEBUG   (  157):     #01  pc 0000dd44  /system/lib/libc.so (abort+4)
I/DEBUG   (  157):     #02  pc 00000955  /system/lib/libnativehelper.so (jniRegisterNativeMethods+72)
I/DEBUG   (  157):     #03  pc 00048555  /system/lib/libandroid_runtime.so (android::AndroidRuntime::startReg(_JNIEnv*)+36)
I/DEBUG   (  157):     #04  pc 00048659  /system/lib/libandroid_runtime.so (android::AndroidRuntime::start(char const*, char const*)+208)
I/DEBUG   (  157):     #05  pc 00000e9b  /system/bin/app_process
I/DEBUG   (  157): 
I/DEBUG   (  157): stack:
I/DEBUG   (  157):          bebf79a0  0163bf68  [heap]
I/DEBUG   (  157):          bebf79a4  40aaf5e8  /dev/ashmem/dalvik-heap (deleted)
I/DEBUG   (  157):          bebf79a8  00000000  
I/DEBUG   (  157):          bebf79ac  0163bf68  [heap]
I/DEBUG   (  157):          bebf79b0  40aaf5e8  /dev/ashmem/dalvik-heap (deleted)
I/DEBUG   (  157):          bebf79b4  40078353  /system/lib/libc.so (free+14)
I/DEBUG   (  157):          bebf79b8  0163bf68  [heap]
I/DEBUG   (  157):          bebf79bc  40aaf5e8  /dev/ashmem/dalvik-heap (deleted)
I/DEBUG   (  157):          bebf79c0  00000000  
I/DEBUG   (  157):          bebf79c4  00000002  
I/DEBUG   (  157):          bebf79c8  0163bf68  [heap]
I/DEBUG   (  157):          bebf79cc  40076b75  /system/lib/libc.so (dlfree+56)
I/DEBUG   (  157):          bebf79d0  40076b3d  /system/lib/libc.so (dlfree)
I/DEBUG   (  157):          bebf79d4  0163bf68  [heap]
I/DEBUG   (  157):          bebf79d8  df0027ad  
I/DEBUG   (  157):          bebf79dc  00000000  
I/DEBUG   (  157):     #00  bebf79e0  bebf79fc  [stack]
I/DEBUG   (  157):          bebf79e4  fffffbdf  
I/DEBUG   (  157):          bebf79e8  00000000  
I/DEBUG   (  157):          bebf79ec  40788b5d  /system/lib/libdvm.so
I/DEBUG   (  157):          bebf79f0  00000000  
I/DEBUG   (  157):          bebf79f4  3dc357c1  
I/DEBUG   (  157):          bebf79f8  0161f460  [heap]
I/DEBUG   (  157):          bebf79fc  0161f460  [heap]
I/DEBUG   (  157):          bebf7a00  401fa44a  /system/lib/libandroid_runtime.so
I/DEBUG   (  157):          bebf7a04  4006ed48  /system/lib/libc.so (__pthread_clone)
I/DEBUG   (  157):     #01  bebf7a08  3dc357c1  
I/DEBUG   (  157):          bebf7a0c  400cc959  /system/lib/libnativehelper.so (jniRegisterNativeMethods+76)
I/DEBUG   (  157):     #02  bebf7a10  0161f460  [heap]
I/DEBUG   (  157):          bebf7a14  00000000  
I/DEBUG   (  157):          bebf7a18  0161f460  [heap]
I/DEBUG   (  157):          bebf7a1c  00000000  
I/DEBUG   (  157):          bebf7a20  401ffed8  /system/lib/libandroid_runtime.so
I/DEBUG   (  157):          bebf7a24  00008fa3  /system/bin/app_process
I/DEBUG   (  157):          bebf7a28  00009003  /system/bin/app_process
I/DEBUG   (  157):          bebf7a2c  401a6557  /system/lib/libandroid_runtime.so (android::AndroidRuntime::startReg(_JNIEnv*)+38)
I/DEBUG   (  157): 
I/DEBUG   (  157): memory near r5:
I/DEBUG   (  157):     bebf79c4 00000002 0163bf68 40076b75 40076b3d  ....h.c.uk.@=k.@
I/DEBUG   (  157):     bebf79d4 0163bf68 df0027ad 00000000 bebf79fc  h.c..'.......y..
I/DEBUG   (  157):     bebf79e4 fffffbdf 00000000 40788b5d 00000000  ........].x@....
I/DEBUG   (  157):     bebf79f4 3dc357c1 0161f460 0161f460 401fa44a  .W.=`.a.`.a.J..@
I/DEBUG   (  157):     bebf7a04 4006ed48 3dc357c1 400cc959 0161f460  H..@.W.=Y..@`.a.
I/DEBUG   (  157): 
I/DEBUG   (  157): memory near r6:
I/DEBUG   (  157):     401ffeb8 00000000 00000000 401a5be1 401a5c05  .........[.@.\.@
I/DEBUG   (  157):     401ffec8 401a59f9 400b2909 401a59f9 401a59f9  .Y.@.).@.Y.@.Y.@
I/DEBUG   (  157):     401ffed8 401d77bd 401a5bc9 401bd23d 401c4b0d  .w.@.[.@=..@.K.@
I/DEBUG   (  157):     401ffee8 401c4e45 401c4fb9 401c07b9 401c2ac9  EN.@.O.@...@.*.@
I/DEBUG   (  157):     401ffef8 401c6409 401c67fd 401b42d5 401bae81  .d.@.g.@.B.@...@
I/DEBUG   (  157): 
I/DEBUG   (  157): memory near r8:
I/DEBUG   (  157):     40208814 401fa33d 401d7425 401fa358 401e9dd4  =..@%t.@X..@...@
I/DEBUG   (  157):     40208824 401d73f1 401fa36e 401ea2b2 401d73bd  .s.@n..@...@.s.@
I/DEBUG   (  157):     40208834 401fa460 401fa466 401d76e5 401fa480  `..@f..@.v.@...@
I/DEBUG   (  157):     40208844 401f0749 401d7685 401ee42d 401ea676  I..@.v.@-..@v..@
I/DEBUG   (  157):     40208854 401d781b 401fa55b 401ea0dc 401d7821  .x.@[..@...@!x.@
I/DEBUG   (  157): 
I/DEBUG   (  157): memory near r9:
I/DEBUG   (  157):     402093f4 00000000 00000000 00000000 00000000  ................
I/DEBUG   (  157):     40209404 00000000 00000000 00000000 00000000  ................
I/DEBUG   (  157):     40209414 0161fe78 bebf7b00 00000000 00000000  x.a..{..........
I/DEBUG   (  157):     40209424 00000000 00000000 00000000 00000000  ................
I/DEBUG   (  157):     40209434 00000000 00000000 00000000 00000000  ................
I/DEBUG   (  157): 
I/DEBUG   (  157): memory near sl:
I/DEBUG   (  157):     00008f7c 20726964 72617473 6c632d74 2d737361  dir start-class-
I/DEBUG   (  157):     00008f8c 656d616e 706f5b20 6e6f6974 000a5d73  name [options]..
I/DEBUG   (  157):     00008f9c 6f67797a 73006574 74726174 7379732d  zygote.start-sys
I/DEBUG   (  157):     00008fac 2d6d6574 76726573 00007265 6c707061  tem-server..appl
I/DEBUG   (  157):     00008fbc 74616369 006e6f69 6c6f6f74 7a2d2d00  ication.tool.--z
I/DEBUG   (  157): 
I/DEBUG   (  157): memory near fp:
I/DEBUG   (  157):     00008fb0 76726573 00007265 6c707061 74616369  server..applicat
I/DEBUG   (  157):     00008fc0 006e6f69 6c6f6f74 7a2d2d00 746f6779  ion.tool.--zygot
I/DEBUG   (  157):     00008fd0 2d2d0065 72617473 79732d74 6d657473  e.--start-system
I/DEBUG   (  157):     00008fe0 7265732d 00726576 70612d2d 63696c70  -server.--applic
I/DEBUG   (  157):     00008ff0 6f697461 2d2d006e 6563696e 6d616e2d  ation.--nice-nam
I/DEBUG   (  157): 
I/DEBUG   (  157): memory near ip:
I/DEBUG   (  157):     400cefc0 00000000 400aab44 00000000 00000000  ....D..@........
I/DEBUG   (  157):     400cefd0 00000000 40083d41 4007d841 40048489  ....A=.@A..@...@
I/DEBUG   (  157):     400cefe0 4006ed40 40083d09 4007bc41 40048131  @..@.=.@A..@1..@
I/DEBUG   (  157):     400ceff0 40078345 4007852d 40080065 40080425  E..@-..@e..@%..@
I/DEBUG   (  157):     400cf000 1d2000a6 4bc38d18 4bc38cc8 00000000  .. ....K...K....
I/DEBUG   (  157): 
I/DEBUG   (  157): memory near sp:
I/DEBUG   (  157):     bebf79c0 00000000 00000002 0163bf68 40076b75  ........h.c.uk.@
I/DEBUG   (  157):     bebf79d0 40076b3d 0163bf68 df0027ad 00000000  =k.@h.c..'......
I/DEBUG   (  157):     bebf79e0 bebf79fc fffffbdf 00000000 40788b5d  .y..........].x@
I/DEBUG   (  157):     bebf79f0 00000000 3dc357c1 0161f460 0161f460  .....W.=`.a.`.a.
I/DEBUG   (  157):     bebf7a00 401fa44a 4006ed48 3dc357c1 400cc959  J..@H..@.W.=Y..@
I/DEBUG   (  157): 
I/DEBUG   (  157): code around pc:
I/DEBUG   (  157):     400795e8 e000b164 6823461c d1fb2b00 68e3e026  d....F#h.+..&..h
I/DEBUG   (  157):     400795f8 4a17b123 447a2401 47986014 20274911  #..J.$zD.`.G.I' 
I/DEBUG   (  157):     40079608 70082400 eaccf7f4 f7f52106 a902ec08  .$.p.....!......
I/DEBUG   (  157):     40079618 f04f2006 460a5380 94029304 f7f49403  . O..S.F........
I/DEBUG   (  157):     40079628 4629efea 20024622 eff2f7f4 eab8f7f4  ..)F"F. ........
I/DEBUG   (  157): 
I/DEBUG   (  157): code around lr:
I/DEBUG   (  157):     400795c0 f46f4923 b5306084 4479b087 ad066809  #Io..`0...yD.h..
I/DEBUG   (  157):     400795d0 f8452200 20020d14 4629680c e81cf7f5  ."E.... .h)F....
I/DEBUG   (  157):     400795e0 447b4b1c b96b681b e000b164 6823461c  .K{D.hk.d....F#h
I/DEBUG   (  157):     400795f0 d1fb2b00 68e3e026 4a17b123 447a2401  .+..&..h#..J.$zD
I/DEBUG   (  157):     40079600 47986014 20274911 70082400 eaccf7f4  .`.G.I' .$.p....
I/DEBUG   (  157): 
I/DEBUG   (  157): memory map around fault addr deadbaad:
I/DEBUG   (  157):     bebd7000-bebf8000 [stack]
I/DEBUG   (  157):     (no map for address)
I/DEBUG   (  157):     ffff0000-ffff1000 [vectors]
I/ServiceManager(  153): service 'media.audio_flinger' died
I/ServiceManager(  153): service 'media.player' died
I/ServiceManager(  153): service 'media.camera' died
I/ServiceManager(  153): service 'media.audio_policy' died
