I/DEBUG   (  157):     d10 0000000000000000  d11 0000000000000000
I/DEBUG   (  157):     d12 0000000000000000  d13 0000000000000000
I/DEBUG   (  157):     d14 0000000000000000  d15 0000000000000000
I/DEBUG   (  157):     d16 2f64696f72646e61  d17 4e4a2f6775626564
I/DEBUG   (  157):     d18 0000d5740000d559  d19 0000d5900000d575
I/DEBUG   (  157):     d20 0000d5ac0000d591  d21 0000d5c80000d5ad
I/DEBUG   (  157):     d22 0000d5e40000d5c9  d23 0000d6000000d5e5
I/DEBUG   (  157):     d24 0000000000000000  d25 0000000000000000
I/DEBUG   (  157):     d26 0000000000000000  d27 0000000000000000
I/DEBUG   (  157):     d28 0000000000000000  d29 0000000000000000
I/DEBUG   (  157):     d30 0000000000000000  d31 0000000000000000
I/DEBUG   (  157):     scr 60000010
I/DEBUG   (  157): 
I/DEBUG   (  157): backtrace:
I/DEBUG   (  157):     #00  pc 0001860a  /system/lib/libc.so
I/DEBUG   (  157):     #01  pc 0000dd44  /system/lib/libc.so (abort+4)
I/DEBUG   (  157):     #02  pc 00000955  /system/lib/libnativehelper.so (jniRegisterNativeMethods+72)
I/DEBUG   (  157):     #03  pc 00048555  /system/lib/libandroid_runtime.so (android::AndroidRuntime::startReg(_JNIEnv*)+36)
I/DEBUG   (  157):     #04  pc 00048659  /system/lib/libandroid_runtime.so (android::AndroidRuntime::start(char const*, char const*)+208)
I/DEBUG   (  157):     #05  pc 00000e9b  /system/bin/app_process
I/DEBUG   (  157): 
I/DEBUG   (  157): stack:
I/DEBUG   (  157):          bec859a0  01daef68  [heap]
I/DEBUG   (  157):          bec859a4  40b845e8  /dev/ashmem/dalvik-heap (deleted)
I/DEBUG   (  157):          bec859a8  00000000  
I/DEBUG   (  157):          bec859ac  01daef68  [heap]
I/DEBUG   (  157):          bec859b0  40b845e8  /dev/ashmem/dalvik-heap (deleted)
I/DEBUG   (  157):          bec859b4  400c5353  /system/lib/libc.so (free+14)
I/DEBUG   (  157):          bec859b8  01daef68  [heap]
I/DEBUG   (  157):          bec859bc  40b845e8  /dev/ashmem/dalvik-heap (deleted)
I/DEBUG   (  157):          bec859c0  00000000  
I/DEBUG   (  157):          bec859c4  00000002  
I/DEBUG   (  157):          bec859c8  01daef68  [heap]
I/DEBUG   (  157):          bec859cc  400c3b75  /system/lib/libc.so (dlfree+56)
I/DEBUG   (  157):          bec859d0  400c3b3d  /system/lib/libc.so (dlfree)
I/DEBUG   (  157):          bec859d4  01daef68  [heap]
I/DEBUG   (  157):          bec859d8  df0027ad  
I/DEBUG   (  157):          bec859dc  00000000  
I/DEBUG   (  157):     #00  bec859e0  bec859fc  [stack]
I/DEBUG   (  157):          bec859e4  fffffbdf  
I/DEBUG   (  157):          bec859e8  00000000  
I/DEBUG   (  157):          bec859ec  40781b5d  /system/lib/libdvm.so
I/DEBUG   (  157):          bec859f0  00000000  
I/DEBUG   (  157):          bec859f4  0f09ab28  
I/DEBUG   (  157):          bec859f8  01d92460  [heap]
I/DEBUG   (  157):          bec859fc  01d92460  [heap]
I/DEBUG   (  157):          bec85a00  401ef44a  /system/lib/libandroid_runtime.so
I/DEBUG   (  157):          bec85a04  400bbd48  /system/lib/libc.so (__pthread_clone)
I/DEBUG   (  157):     #01  bec85a08  0f09ab28  
I/DEBUG   (  157):          bec85a0c  400a8959  /system/lib/libnativehelper.so (jniRegisterNativeMethods+76)
I/DEBUG   (  157):     #02  bec85a10  01d92460  [heap]
I/DEBUG   (  157):          bec85a14  00000000  
I/DEBUG   (  157):          bec85a18  01d92460  [heap]
I/DEBUG   (  157):          bec85a1c  00000000  
I/DEBUG   (  157):          bec85a20  401f4ed8  /system/lib/libandroid_runtime.so
I/DEBUG   (  157):          bec85a24  00008fa3  /system/bin/app_process
I/DEBUG   (  157):          bec85a28  00009003  /system/bin/app_process
I/DEBUG   (  157):          bec85a2c  4019b557  /system/lib/libandroid_runtime.so (android::AndroidRuntime::startReg(_JNIEnv*)+38)
I/DEBUG   (  157): 
I/DEBUG   (  157): memory near r5:
I/DEBUG   (  157):     bec859c4 00000002 01daef68 400c3b75 400c3b3d  ....h...u;.@=;.@
I/DEBUG   (  157):     bec859d4 01daef68 df0027ad 00000000 bec859fc  h....'.......Y..
I/DEBUG   (  157):     bec859e4 fffffbdf 00000000 40781b5d 00000000  ........].x@....
I/DEBUG   (  157):     bec859f4 0f09ab28 01d92460 01d92460 401ef44a  (...`$..`$..J..@
I/DEBUG   (  157):     bec85a04 400bbd48 0f09ab28 400a8959 01d92460  H..@(...Y..@`$..
I/DEBUG   (  157): 
I/DEBUG   (  157): memory near r6:
I/DEBUG   (  157):     401f4eb8 00000000 00000000 4019abe1 4019ac05  ...........@...@
I/DEBUG   (  157):     401f4ec8 4019a9f9 400a5909 4019a9f9 4019a9f9  ...@.Y.@...@...@
I/DEBUG   (  157):     401f4ed8 401cc7bd 4019abc9 401b223d 401b9b0d  ...@...@=".@...@
I/DEBUG   (  157):     401f4ee8 401b9e45 401b9fb9 401b57b9 401b7ac9  E..@...@.W.@.z.@
I/DEBUG   (  157):     401f4ef8 401bb409 401bb7fd 401a92d5 401afe81  ...@...@...@...@
I/DEBUG   (  157): 
I/DEBUG   (  157): memory near r8:
I/DEBUG   (  157):     401fd814 401ef33d 401cc425 401ef358 401dedd4  =..@%..@X..@...@
I/DEBUG   (  157):     401fd824 401cc3f1 401ef36e 401df2b2 401cc3bd  ...@n..@...@...@
I/DEBUG   (  157):     401fd834 401ef460 401ef466 401cc6e5 401ef480  `..@f..@...@...@
I/DEBUG   (  157):     401fd844 401e5749 401cc685 401e342d 401df676  IW.@...@-4.@v..@
I/DEBUG   (  157):     401fd854 401cc81b 401ef55b 401df0dc 401cc821  ...@[..@...@!..@
I/DEBUG   (  157): 
I/DEBUG   (  157): memory near r9:
I/DEBUG   (  157):     401fe3f4 00000000 00000000 00000000 00000000  ................
I/DEBUG   (  157):     401fe404 00000000 00000000 00000000 00000000  ................
I/DEBUG   (  157):     401fe414 01d92e78 bec85b00 00000000 00000000  x....[..........
I/DEBUG   (  157):     401fe424 00000000 00000000 00000000 00000000  ................
I/DEBUG   (  157):     401fe434 00000000 00000000 00000000 00000000  ................
I/DEBUG   (  157): 
I/DEBUG   (  157): memory near sl:
I/DEBUG   (  157):     00008f7c 20726964 72617473 6c632d74 2d737361  dir start-class-
I/DEBUG   (  157):     00008f8c 656d616e 706f5b20 6e6f6974 000a5d73  name [options]..
I/DEBUG   (  157):     00008f9c 6f67797a 73006574 74726174 7379732d  zygote.start-sys
I/DEBUG   (  157):     00008fac 2d6d6574 76726573 00007265 6c707061  tem-server..appl
I/DEBUG   (  157):     00008fbc 74616369 006e6f69 6c6f6f74 7a2d2d00  ication.tool.--z
I/DEBUG   (  157): 
I/DEBUG   (  157): memory near fp:
I/DEBUG   (  157):     00008fb0 76726573 00007265 6c707061 74616369  server..applicat
I/DEBUG   (  157):     00008fc0 006e6f69 6c6f6f74 7a2d2d00 746f6779  ion.tool.--zygot
I/DEBUG   (  157):     00008fd0 2d2d0065 72617473 79732d74 6d657473  e.--start-system
I/DEBUG   (  157):     00008fe0 7265732d 00726576 70612d2d 63696c70  -server.--applic
I/DEBUG   (  157):     00008ff0 6f697461 2d2d006e 6563696e 6d616e2d  ation.--nice-nam
I/DEBUG   (  157): 
I/DEBUG   (  157): memory near ip:
I/DEBUG   (  157):     400aafc0 00000000 400f7b44 00000000 00000000  ....D{.@........
I/DEBUG   (  157):     400aafd0 00000000 400d0d41 400ca841 40100489  ....A..@A..@...@
I/DEBUG   (  157):     400aafe0 400bbd40 400d0d09 400c8c41 40100131  @..@...@A..@1..@
I/DEBUG   (  157):     400aaff0 400c5345 400c552d 400cd065 400cd425  ES.@-U.@e..@%..@
I/DEBUG   (  157):     400ab000 1d2000a6 4bd49d18 4bd49cc8 00000000  .. ....K...K....
I/DEBUG   (  157): 
I/DEBUG   (  157): memory near sp:
I/DEBUG   (  157):     bec859c0 00000000 00000002 01daef68 400c3b75  ........h...u;.@
I/DEBUG   (  157):     bec859d0 400c3b3d 01daef68 df0027ad 00000000  =;.@h....'......
I/DEBUG   (  157):     bec859e0 bec859fc fffffbdf 00000000 40781b5d  .Y..........].x@
I/DEBUG   (  157):     bec859f0 00000000 0f09ab28 01d92460 01d92460  ....(...`$..`$..
I/DEBUG   (  157):     bec85a00 401ef44a 400bbd48 0f09ab28 400a8959  J..@H..@(...Y..@
I/DEBUG   (  157): 
I/DEBUG   (  157): code around pc:
I/DEBUG   (  157):     400c65e8 e000b164 6823461c d1fb2b00 68e3e026  d....F#h.+..&..h
I/DEBUG   (  157):     400c65f8 4a17b123 447a2401 47986014 20274911  #..J.$zD.`.G.I' 
I/DEBUG   (  157):     400c6608 70082400 eaccf7f4 f7f52106 a902ec08  .$.p.....!......
I/DEBUG   (  157):     400c6618 f04f2006 460a5380 94029304 f7f49403  . O..S.F........
I/DEBUG   (  157):     400c6628 4629efea 20024622 eff2f7f4 eab8f7f4  ..)F"F. ........
I/DEBUG   (  157): 
I/DEBUG   (  157): code around lr:
I/DEBUG   (  157):     400c65c0 f46f4923 b5306084 4479b087 ad066809  #Io..`0...yD.h..
I/DEBUG   (  157):     400c65d0 f8452200 20020d14 4629680c e81cf7f5  ."E.... .h)F....
I/DEBUG   (  157):     400c65e0 447b4b1c b96b681b e000b164 6823461c  .K{D.hk.d....F#h
I/DEBUG   (  157):     400c65f0 d1fb2b00 68e3e026 4a17b123 447a2401  .+..&..h#..J.$zD
I/DEBUG   (  157):     400c6600 47986014 20274911 70082400 eaccf7f4  .`.G.I' .$.p....
I/DEBUG   (  157): 
I/DEBUG   (  157): memory map around fault addr deadbaad:
I/DEBUG   (  157):     bec65000-bec86000 [stack]
I/DEBUG   (  157):     (no map for address)
I/DEBUG   (  157):     ffff0000-ffff1000 [vectors]
I/ServiceManager(  153): service 'media.audio_flinger' died
I/ServiceManager(  153): service 'media.player' died
I/ServiceManager(  153): service 'media.camera' died
I/ServiceManager(  153): service 'media.audio_policy' died
I/Netd    (  980): Netd 1.0 starting
D/AndroidRuntime(  981): 
D/AndroidRuntime(  981): >>>>>> AndroidRuntime START com.android.internal.os.ZygoteInit <<<<<<
D/AndroidRuntime(  981): CheckJNI is OFF
D/dalvikvm(  981): DexOpt: incorrect opt magic number (0xff ff ff ff)
D/dalvikvm(  981): ODEX file is stale or bad; removing and retrying (/data/dalvik-cache/system@framework@framework.jar@classes.dex)
I/mediaserver(  982): ServiceManager: 0x75dd78
I/AudioFlinger(  982): Using default 3000 mSec as standby time.
I/CameraService(  982): CameraService started (pid=982)
I/QualcommCameraHardware(  982): getCameraInfo: IN
I/QualcommCameraHardware(  982): getCameraInfo: loading libqcamera at 0x4001f40c
I/QualcommCameraHardware(  982): getCameraInfo: numOfCameras = 2
I/QualcommCameraHardware(  982): Camera sensor 0 info:
I/QualcommCameraHardware(  982): camera_id: 0
I/QualcommCameraHardware(  982): modes_supported: 1
I/QualcommCameraHardware(  982): position: 0
I/QualcommCameraHardware(  982): sensor_mount_angle: 0
I/QualcommCameraHardware(  982): Camera sensor 1 info:
I/QualcommCameraHardware(  982): camera_id: 1
I/QualcommCameraHardware(  982): modes_supported: 1
I/QualcommCameraHardware(  982): position: 1
I/QualcommCameraHardware(  982): sensor_mount_angle: 180
V/QualcommCameraHardware(  982): getCameraInfo: dlclose(libqcamera)
I/QualcommCameraHardware(  982): getCameraInfo: OUT
I/CameraHAL(  982): camera_get_number_of_cameras: number:2
I/AudioPolicyManagerBase(  982): loadAudioPolicyConfig() loaded /system/etc/audio_policy.conf
D/AudioHardware7x30(  982): Could not open libhtc_acoustic.so
D/AudioHardware7x30(  982): msm_mixer_open: Opening the device
D/AudioHardware7x30(  982): msm_mixer_count:mixer_cnt =61
I/AudioHardware7x30(  982): ******* name[0] = [handset_rx] *********
I/AudioHardware7x30(  982): ******* name[1] = [handset_tx] *********
I/AudioHardware7x30(  982): ******* name[2] = [speaker_rx] *********
I/AudioHardware7x30(  982): ******* name[3] = [speaker_tx] *********
I/AudioHardware7x30(  982): ******* name[4] = [headset_rx] *********
I/AudioHardware7x30(  982): ******* name[5] = [headset_tx] *********
I/AudioHardware7x30(  982): ******* name[6] = [bt_sco_rx] *********
I/AudioHardware7x30(  982): ******* name[7] = [bt_sco_tx] *********
I/AudioHardware7x30(  982): ******* name[8] = [bt_sco_nrec_rx] *********
I/AudioHardware7x30(  982): ******* name[9] = [bt_sco_nrec_tx] *********
I/AudioHardware7x30(  982): ******* name[10] = [hdmi_stereo_rx] *********
I/AudioHardware7x30(  982): ******* name[11] = [aux_dock_rx] *********
I/AudioHardware7x30(  982): ******* name[12] = [speaker_headset_rx] *********
I/AudioHardware7x30(  982): ******* name[13] = [speaker_dock_rx] *********
I/AudioHardware7x30(  982): ******* name[14] = [speaker_hdmi_rx] *********
I/AudioHardware7x30(  982): ******* name[15] = [handset_call_rx] *********
I/AudioHardware7x30(  982): ******* name[16] = [handset_call_tx] *********
I/AudioHardware7x30(  982): ******* name[17] = [speaker_call_rx] *********
I/AudioHardware7x30(  982): ******* name[18] = [speaker_call_tx] *********
I/AudioHardware7x30(  982): ******* name[19] = [headset_call_rx] *********
I/AudioHardware7x30(  982): ******* name[20] = [headset_call_tx] *********
I/AudioHardware7x30(  982): ******* name[21] = [bt_sco_call_rx] *********
I/AudioHardware7x30(  982): ******* name[22] = [bt_sco_call_tx] *********
I/AudioHardware7x30(  982): ******* name[23] = [bt_sco_nrec_call_rx] *********
I/AudioHardware7x30(  982): ******* name[24] = [bt_sco_nrec_call_tx] *********
I/AudioHardware7x30(  982): ******* name[25] = [tty_headset_mono_call_rx] *********
I/AudioHardware7x30(  982): ******* name[26] = [tty_headset_mono_call_tx] *********
I/AudioHardware7x30(  982): ******* name[27] = [dualmic_handset_call_tx] *********
I/AudioHardware7x30(  982): ******* name[28] = [handset_fmradio_rx] *********
I/AudioHardware7x30(  982): ******* name[29] = [headset_fmradio_rx] *********
I/AudioHardware7x30(  982): ******* name[30] = [headset_fmradio_tx] *********
I/AudioHardware7x30(  982): ******* name[31] = [speaker_fmradio_rx] *********
I/AudioHardware7x30(  982): ******* name[32] = [speaker_voice_dialer_tx] *********
I/AudioHardware7x30(  982): ******* name[33] = [headset_voice_dialer_tx] *********
I/AudioHardware7x30(  982): ******* name[34] = [bt_sco_voice_dialer_tx] *********
I/AudioHardware7x30(  982): ******* name[35] = [bt_sco_nrec_voice_dialer_tx] *********
I/AudioHardware7x30(  982): ******* name[36] = [speaker_voice_search_tx] *********
I/AudioHardware7x30(  982): ******* name[37] = [headset_voice_search_tx] *********
I/AudioHardware7x30(  982): ******* name[38] = [headset_fmradio_only_rx] *********
I/AudioHardware7x30(  982): ******* name[39] = [speaker_fmradio_only_rx] *********
I/AudioHardware7x30(  982): ******* name[40] = [handset_voip_rx] *********
I/AudioHardware7x30(  982): ******* name[41] = [handset_voip_tx] *********
I/AudioHardware7x30(  982): ******* name[42] = [speaker_voip_rx] *********
I/AudioHardware7x30(  982): ******* name[43] = [speaker_voip_tx] *********
I/AudioHardware7x30(  982): ******* name[44] = [headset_voip_rx] *********
I/AudioHardware7x30(  982): ******* name[45] = [headset_voip_tx] *********
I/AudioHardware7x30(  982): ******* name[46] = [bt_sco_voip_rx] *********
I/AudioHardware7x30(  982): ******* name[47] = [bt_sco_voip_tx] *********
I/AudioFlinger(  982): loadHwModule() Loaded primary audio interface from QCOM Audio HW HAL (audio) handle 1
D/AudioHardware7x30(  982): AudioHardware::openOutputStream devices 2 format 1 channels 3 samplerate 44100
I/AudioFlinger(  982): HAL output buffer size 1200 frames, normal mix buffer size 1200 frames
I/AudioMixer(  982): found effect "Multichannel Downmix To Stereo" from The Android Open Source Project
I/AudioFlinger(  982): Using module 1 has the primary audio interface
D/AudioHardwareInterface(  982): setMode(NORMAL)
I/AudioHardware7x30(  982): Set master volume to 7.
I/AudioFlinger(  982): AudioFlinger's thread 0x765f68 ready to run
W/AudioFlinger(  982): Thread AudioOut_2 cannot connect to the power manager service
D/AudioHardware7x30(  982): AudioStreamOutMSM7x30::standby()
W/AudioFlinger(  982): Thread AudioOut_2 cannot connect to the power manager service
I/AudioHardware7x30(  982): Routing audio to Speakerphone
D/AudioHardware7x30(  982): new_rx = 2
D/AudioHardware7x30(  982): new_tx = 3
E/AudioHardware7x30(  982): updateDeviceInfo: E rx_device 2 and tx_device 3
D/AudioHardware7x30(  982): No active voicecall/playback, disabling cur_rx 65535
D/AudioHardware7x30(  982): No active voicecall/recording, disabling cur_tx 65535
E/AudioHardware7x30(  982): updateDeviceInfo: X cur_rx 2 cur_tx 3
D/AudioHardware7x30(  982): setVoiceVolume(0.000000)
I/AudioHardware7x30(  982): Setting in-call volume to 0 (available range is 0 to 100)
E/AudioHardware7x30(  982): msm_set_voice_rx_vol(0) failed errno = 1
I/AudioFlinger(  982): loadHwModule() Loaded a2dp audio interface from A2DP Audio HW HAL (audio) handle 3
I/AudioPolicyService(  982): Loaded audio policy from QCOM Audio Policy HAL (audio_policy)
E/BandwidthController(  980): runIptablesCmd(): failed /system/bin/iptables -t raw -N bw_raw_PREROUTING res=256
E/BandwidthController(  980): runIptablesCmd(): failed /system/bin/ip6tables -t raw -N bw_raw_PREROUTING res=256
D/dalvikvm(  981): DexOpt: --- BEGIN 'framework.jar' (bootstrap=1) ---
D/MDnsDS  (  980): MDnsSdListener::Hander starting up
D/MDnsDS  (  980): MDnsSdListener starting to monitor
D/MDnsDS  (  980): Going to poll with pollCount 1
E/dalvikvm( 1096): Out-of-order field_idx: 0x223c then 0x223c
E/dalvikvm( 1096): Trouble with item 2129 @ offset 0x4a04e4
E/dalvikvm( 1096): Swap of section type 2006 failed
E/dalvikvm( 1096): ERROR: Byte swap + verify failed
E/dalvikvm( 1096): Optimization failed
W/dalvikvm(  981): DexOpt: --- END 'framework.jar' --- status=0xff00, process failed
E/dalvikvm(  981): Unable to extract+optimize DEX from '/system/framework/framework.jar'
D/dalvikvm(  981): Unable to process classpath element '/system/framework/framework.jar'
D/dalvikvm(  981): Unable to stat classpath element '/system/framework/framework2.jar'
D/dalvikvm(  981): DexOpt: incorrect opt magic number (0xff ff ff ff)
D/dalvikvm(  981): ODEX file is stale or bad; removing and retrying (/data/dalvik-cache/system@framework@services.jar@classes.dex)
D/dalvikvm(  981): DexOpt: --- BEGIN 'services.jar' (bootstrap=1) ---
E/dalvikvm( 1111): Out-of-order method_idx: 0x21ba then 0x21ba
E/dalvikvm( 1111): Trouble with item 554 @ offset 0x146aac
E/dalvikvm( 1111): Swap of section type 2006 failed
E/dalvikvm( 1111): ERROR: Byte swap + verify failed
E/dalvikvm( 1111): Optimization failed
W/dalvikvm(  981): DexOpt: --- END 'services.jar' --- status=0xff00, process failed
E/dalvikvm(  981): Unable to extract+optimize DEX from '/system/framework/services.jar'
D/dalvikvm(  981): Unable to process classpath element '/system/framework/services.jar'
D/dalvikvm(  981): Trying to load lib libjavacore.so 0x0
D/dalvikvm(  981): Added shared lib libjavacore.so 0x0
D/dalvikvm(  981): Trying to load lib libnativehelper.so 0x0
D/dalvikvm(  981): Added shared lib libnativehelper.so 0x0
E/JNIHelp (  981): Native registration unable to find class 'android/debug/JNITest', aborting
F/libc    (  981): Fatal signal 11 (SIGSEGV) at 0xdeadbaad (code=1), thread 981 (zygote)
I/DEBUG   (  157): *** *** *** *** *** *** *** *** *** *** *** *** *** *** *** ***
I/DEBUG   (  157): Build fingerprint: 'samsung/GT-I8150/GT-I8150:2.3.6/GINGERBREAD/XXLMD:user/release-keys'
I/DEBUG   (  157): pid: 981, tid: 981, name: zygote  >>> zygote <<<
I/DEBUG   (  157): signal 11 (SIGSEGV), code 1 (SEGV_MAPERR), fault addr deadbaad
I/DEBUG   (  157):     r0 00000027  r1 deadbaad  r2 00000000  r3 00000000
I/DEBUG   (  157):     r4 00000000  r5 bee539e4  r6 401dced8  r7 00000002
I/DEBUG   (  157):     r8 401e5834  r9 401e6414  sl 00008f9c  fp 00008fd2
I/DEBUG   (  157):     ip 4000bfe0  sp bee539e0  lr 400425e1  pc 4004260a  cpsr 600b0030
I/DEBUG   (  157):     d0  722065766974614e  d1  7461727473696765
I/DEBUG   (  157):     d2  62616e75206e6f69  d3  6966206f7420656c
I/DEBUG   (  157):     d4  0000d4cc0000d4b1  d5  0000d4e80000d4cd
I/DEBUG   (  157):     d6  0000d5040000d4e9  d7  0000d5200000d505
I/DEBUG   (  157):     d8  0000000000000000  d9  0000000000000000
I/DEBUG   (  157):     d10 0000000000000000  d11 0000000000000000
I/DEBUG   (  157):     d12 0000000000000000  d13 0000000000000000
I/DEBUG   (  157):     d14 0000000000000000  d15 0000000000000000
I/DEBUG   (  157):     d16 2f64696f72646e61  d17 4e4a2f6775626564
I/DEBUG   (  157):     d18 0000d5740000d559  d19 0000d5900000d575
I/DEBUG   (  157):     d20 0000d5ac0000d591  d21 0000d5c80000d5ad
I/DEBUG   (  157):     d22 0000d5e40000d5c9  d23 0000d6000000d5e5
I/DEBUG   (  157):     d24 0000000000000000  d25 0000000000000000
I/DEBUG   (  157):     d26 0000000000000000  d27 0000000000000000
I/DEBUG   (  157):     d28 0000000000000000  d29 0000000000000000
I/DEBUG   (  157):     d30 0000000000000000  d31 0000000000000000
I/DEBUG   (  157):     scr 60000010
I/DEBUG   (  157): 
I/DEBUG   (  157): backtrace:
I/DEBUG   (  157):     #00  pc 0001860a  /system/lib/libc.so
I/DEBUG   (  157):     #01  pc 0000dd44  /system/lib/libc.so (abort+4)
I/DEBUG   (  157):     #02  pc 00000955  /system/lib/libnativehelper.so (jniRegisterNativeMethods+72)
I/DEBUG   (  157):     #03  pc 00048555  /system/lib/libandroid_runtime.so (android::AndroidRuntime::startReg(_JNIEnv*)+36)
I/DEBUG   (  157):     #04  pc 00048659  /system/lib/libandroid_runtime.so (android::AndroidRuntime::start(char const*, char const*)+208)
I/DEBUG   (  157):     #05  pc 00000e9b  /system/bin/app_process
I/DEBUG   (  157): 
I/DEBUG   (  157): stack:
I/DEBUG   (  157):          bee539a0  014e1f68  [heap]
I/DEBUG   (  157):          bee539a4  40c275e8  /dev/ashmem/dalvik-heap (deleted)
I/DEBUG   (  157):          bee539a8  00000000  
I/DEBUG   (  157):          bee539ac  014e1f68  [heap]
I/DEBUG   (  157):          bee539b0  40c275e8  /dev/ashmem/dalvik-heap (deleted)
I/DEBUG   (  157):          bee539b4  40041353  /system/lib/libc.so (free+14)
I/DEBUG   (  157):          bee539b8  014e1f68  [heap]
I/DEBUG   (  157):          bee539bc  40c275e8  /dev/ashmem/dalvik-heap (deleted)
I/DEBUG   (  157):          bee539c0  00000000  
I/DEBUG   (  157):          bee539c4  00000002  
I/DEBUG   (  157):          bee539c8  014e1f68  [heap]
I/DEBUG   (  157):          bee539cc  4003fb75  /system/lib/libc.so (dlfree+56)
I/DEBUG   (  157):          bee539d0  4003fb3d  /system/lib/libc.so (dlfree)
I/DEBUG   (  157):          bee539d4  014e1f68  [heap]
I/DEBUG   (  157):          bee539d8  df0027ad  
I/DEBUG   (  157):          bee539dc  00000000  
I/DEBUG   (  157):     #00  bee539e0  bee539fc  [stack]
I/DEBUG   (  157):          bee539e4  fffffbdf  
I/DEBUG   (  157):          bee539e8  00000000  
I/DEBUG   (  157):          bee539ec  40770b5d  /system/lib/libdvm.so
I/DEBUG   (  157):          bee539f0  00000000  
I/DEBUG   (  157):          bee539f4  7cea7aea  
I/DEBUG   (  157):          bee539f8  014c5460  [heap]
I/DEBUG   (  157):          bee539fc  014c5460  [heap]
I/DEBUG   (  157):          bee53a00  401d744a  /system/lib/libandroid_runtime.so
I/DEBUG   (  157):          bee53a04  40037d48  /system/lib/libc.so (__pthread_clone)
I/DEBUG   (  157):     #01  bee53a08  7cea7aea  
I/DEBUG   (  157):          bee53a0c  40009959  /system/lib/libnativehelper.so (jniRegisterNativeMethods+76)
I/DEBUG   (  157):     #02  bee53a10  014c5460  [heap]
I/DEBUG   (  157):          bee53a14  00000000  
I/DEBUG   (  157):          bee53a18  014c5460  [heap]
I/DEBUG   (  157):          bee53a1c  00000000  
I/DEBUG   (  157):          bee53a20  401dced8  /system/lib/libandroid_runtime.so
I/DEBUG   (  157):          bee53a24  00008fa3  /system/bin/app_process
I/DEBUG   (  157):          bee53a28  00009003  /system/bin/app_process
I/DEBUG   (  157):          bee53a2c  40183557  /system/lib/libandroid_runtime.so (android::AndroidRuntime::startReg(_JNIEnv*)+38)
I/DEBUG   (  157): 
I/DEBUG   (  157): memory near r5:
I/DEBUG   (  157):     bee539c4 00000002 014e1f68 4003fb75 4003fb3d  ....h.N.u..@=..@
I/DEBUG   (  157):     bee539d4 014e1f68 df0027ad 00000000 bee539fc  h.N..'.......9..
I/DEBUG   (  157):     bee539e4 fffffbdf 00000000 40770b5d 00000000  ........].w@....
I/DEBUG   (  157):     bee539f4 7cea7aea 014c5460 014c5460 401d744a  .z.|`TL.`TL.Jt.@
I/DEBUG   (  157):     bee53a04 40037d48 7cea7aea 40009959 014c5460  H}.@.z.|Y..@`TL.
I/DEBUG   (  157): 
I/DEBUG   (  157): memory near r6:
I/DEBUG   (  157):     401dceb8 00000000 00000000 40182be1 40182c05  .........+.@.,.@
I/DEBUG   (  157):     401dcec8 401829f9 4001f909 401829f9 401829f9  .).@...@.).@.).@
I/DEBUG   (  157):     401dced8 401b47bd 40182bc9 4019a23d 401a1b0d  .G.@.+.@=..@...@
I/DEBUG   (  157):     401dcee8 401a1e45 401a1fb9 4019d7b9 4019fac9  E..@...@...@...@
I/DEBUG   (  157):     401dcef8 401a3409 401a37fd 401912d5 40197e81  .4.@.7.@...@.~.@
I/DEBUG   (  157): 
I/DEBUG   (  157): memory near r8:
I/DEBUG   (  157):     401e5814 401d733d 401b4425 401d7358 401c6dd4  =s.@%D.@Xs.@.m.@
I/DEBUG   (  157):     401e5824 401b43f1 401d736e 401c72b2 401b43bd  .C.@ns.@.r.@.C.@
I/DEBUG   (  157):     401e5834 401d7460 401d7466 401b46e5 401d7480  `t.@ft.@.F.@.t.@
I/DEBUG   (  157):     401e5844 401cd749 401b4685 401cb42d 401c7676  I..@.F.@-..@vv.@
I/DEBUG   (  157):     401e5854 401b481b 401d755b 401c70dc 401b4821  .H.@[u.@.p.@!H.@
I/DEBUG   (  157): 
I/DEBUG   (  157): memory near r9:
I/DEBUG   (  157):     401e63f4 00000000 00000000 00000000 00000000  ................
I/DEBUG   (  157):     401e6404 00000000 00000000 00000000 00000000  ................
I/DEBUG   (  157):     401e6414 014c5e78 bee53b00 00000000 00000000  x^L..;..........
I/DEBUG   (  157):     401e6424 00000000 00000000 00000000 00000000  ................
I/DEBUG   (  157):     401e6434 00000000 00000000 00000000 00000000  ................
I/DEBUG   (  157): 
I/DEBUG   (  157): memory near sl:
I/DEBUG   (  157):     00008f7c 20726964 72617473 6c632d74 2d737361  dir start-class-
I/DEBUG   (  157):     00008f8c 656d616e 706f5b20 6e6f6974 000a5d73  name [options]..
I/DEBUG   (  157):     00008f9c 6f67797a 73006574 74726174 7379732d  zygote.start-sys
I/DEBUG   (  157):     00008fac 2d6d6574 76726573 00007265 6c707061  tem-server..appl
I/DEBUG   (  157):     00008fbc 74616369 006e6f69 6c6f6f74 7a2d2d00  ication.tool.--z
I/DEBUG   (  157): 
I/DEBUG   (  157): memory near fp:
I/DEBUG   (  157):     00008fb0 76726573 00007265 6c707061 74616369  server..applicat
I/DEBUG   (  157):     00008fc0 006e6f69 6c6f6f74 7a2d2d00 746f6779  ion.tool.--zygot
I/DEBUG   (  157):     00008fd0 2d2d0065 72617473 79732d74 6d657473  e.--start-system
I/DEBUG   (  157):     00008fe0 7265732d 00726576 70612d2d 63696c70  -server.--applic
I/DEBUG   (  157):     00008ff0 6f697461 2d2d006e 6563696e 6d616e2d  ation.--nice-nam
I/DEBUG   (  157): 
I/DEBUG   (  157): memory near ip:
I/DEBUG   (  157):     4000bfc0 00000000 40073b44 00000000 00000000  ....D;.@........
I/DEBUG   (  157):     4000bfd0 00000000 4004cd41 40046841 4001b489  ....A..@Ah.@...@
I/DEBUG   (  157):     4000bfe0 40037d40 4004cd09 40044c41 4001b131  @}.@...@AL.@1..@
I/DEBUG   (  157):     4000bff0 40041345 4004152d 40049065 40049425  E..@-..@e..@%..@
I/DEBUG   (  157):     4000c000 1d2000a6 4becfd18 4becfcc8 00000000  .. ....K...K....
I/DEBUG   (  157): 
I/DEBUG   (  157): memory near sp:
I/DEBUG   (  157):     bee539c0 00000000 00000002 014e1f68 4003fb75  ........h.N.u..@
I/DEBUG   (  157):     bee539d0 4003fb3d 014e1f68 df0027ad 00000000  =..@h.N..'......
I/DEBUG   (  157):     bee539e0 bee539fc fffffbdf 00000000 40770b5d  .9..........].w@
I/DEBUG   (  157):     bee539f0 00000000 7cea7aea 014c5460 014c5460  .....z.|`TL.`TL.
I/DEBUG   (  157):     bee53a00 401d744a 40037d48 7cea7aea 40009959  Jt.@H}.@.z.|Y..@
I/DEBUG   (  157): 
I/DEBUG   (  157): code around pc:
I/DEBUG   (  157):     400425e8 e000b164 6823461c d1fb2b00 68e3e026  d....F#h.+..&..h
I/DEBUG   (  157):     400425f8 4a17b123 447a2401 47986014 20274911  #..J.$zD.`.G.I' 
I/DEBUG   (  157):     40042608 70082400 eaccf7f4 f7f52106 a902ec08  .$.p.....!......
I/DEBUG   (  157):     40042618 f04f2006 460a5380 94029304 f7f49403  . O..S.F........
I/DEBUG   (  157):     40042628 4629efea 20024622 eff2f7f4 eab8f7f4  ..)F"F. ........
I/DEBUG   (  157): 
I/DEBUG   (  157): code around lr:
I/DEBUG   (  157):     400425c0 f46f4923 b5306084 4479b087 ad066809  #Io..`0...yD.h..
I/DEBUG   (  157):     400425d0 f8452200 20020d14 4629680c e81cf7f5  ."E.... .h)F....
I/DEBUG   (  157):     400425e0 447b4b1c b96b681b e000b164 6823461c  .K{D.hk.d....F#h
I/DEBUG   (  157):     400425f0 d1fb2b00 68e3e026 4a17b123 447a2401  .+..&..h#..J.$zD
I/DEBUG   (  157):     40042600 47986014 20274911 70082400 eaccf7f4  .`.G.I' .$.p....
I/DEBUG   (  157): 
I/DEBUG   (  157): memory map around fault addr deadbaad:
I/DEBUG   (  157):     bee33000-bee54000 [stack]
I/DEBUG   (  157):     (no map for address)
I/DEBUG   (  157):     ffff0000-ffff1000 [vectors]
I/ServiceManager(  153): service 'media.audio_flinger' died
I/ServiceManager(  153): service 'media.player' died
I/ServiceManager(  153): service 'media.camera' died
I/ServiceManager(  153): service 'media.audio_policy' died
I/Netd    ( 1124): Netd 1.0 starting
D/AndroidRuntime( 1125): 
D/AndroidRuntime( 1125): >>>>>> AndroidRuntime START com.android.internal.os.ZygoteInit <<<<<<
D/AndroidRuntime( 1125): CheckJNI is OFF
D/dalvikvm( 1125): DexOpt: incorrect opt magic number (0xff ff ff ff)
D/dalvikvm( 1125): ODEX file is stale or bad; removing and retrying (/data/dalvik-cache/system@framework@framework.jar@classes.dex)
I/mediaserver( 1126): ServiceManager: 0x9c3d78
I/AudioFlinger( 1126): Using default 3000 mSec as standby time.
I/CameraService( 1126): CameraService started (pid=1126)
I/QualcommCameraHardware( 1126): getCameraInfo: IN
I/QualcommCameraHardware( 1126): getCameraInfo: loading libqcamera at 0x4007b40c
I/QualcommCameraHardware( 1126): getCameraInfo: numOfCameras = 2
I/QualcommCameraHardware( 1126): Camera sensor 0 info:
I/QualcommCameraHardware( 1126): camera_id: 0
I/QualcommCameraHardware( 1126): modes_supported: 1
I/QualcommCameraHardware( 1126): position: 0
I/QualcommCameraHardware( 1126): sensor_mount_angle: 0
I/QualcommCameraHardware( 1126): Camera sensor 1 info:
I/QualcommCameraHardware( 1126): camera_id: 1
I/QualcommCameraHardware( 1126): modes_supported: 1
I/QualcommCameraHardware( 1126): position: 1
I/QualcommCameraHardware( 1126): sensor_mount_angle: 180
V/QualcommCameraHardware( 1126): getCameraInfo: dlclose(libqcamera)
I/QualcommCameraHardware( 1126): getCameraInfo: OUT
I/CameraHAL( 1126): camera_get_number_of_cameras: number:2
I/AudioPolicyManagerBase( 1126): loadAudioPolicyConfig() loaded /system/etc/audio_policy.conf
D/AudioHardware7x30( 1126): Could not open libhtc_acoustic.so
D/AudioHardware7x30( 1126): msm_mixer_open: Opening the device
D/AudioHardware7x30( 1126): msm_mixer_count:mixer_cnt =61
I/AudioHardware7x30( 1126): ******* name[0] = [handset_rx] *********
I/AudioHardware7x30( 1126): ******* name[1] = [handset_tx] *********
I/AudioHardware7x30( 1126): ******* name[2] = [speaker_rx] *********
I/AudioHardware7x30( 1126): ******* name[3] = [speaker_tx] *********
I/AudioHardware7x30( 1126): ******* name[4] = [headset_rx] *********
I/AudioHardware7x30( 1126): ******* name[5] = [headset_tx] *********
I/AudioHardware7x30( 1126): ******* name[6] = [bt_sco_rx] *********
I/AudioHardware7x30( 1126): ******* name[7] = [bt_sco_tx] *********
I/AudioHardware7x30( 1126): ******* name[8] = [bt_sco_nrec_rx] *********
I/AudioHardware7x30( 1126): ******* name[9] = [bt_sco_nrec_tx] *********
I/AudioHardware7x30( 1126): ******* name[10] = [hdmi_stereo_rx] *********
I/AudioHardware7x30( 1126): ******* name[11] = [aux_dock_rx] *********
I/AudioHardware7x30( 1126): ******* name[12] = [speaker_headset_rx] *********
I/AudioHardware7x30( 1126): ******* name[13] = [speaker_dock_rx] *********
I/AudioHardware7x30( 1126): ******* name[14] = [speaker_hdmi_rx] *********
I/AudioHardware7x30( 1126): ******* name[15] = [handset_call_rx] *********
I/AudioHardware7x30( 1126): ******* name[16] = [handset_call_tx] *********
I/AudioHardware7x30( 1126): ******* name[17] = [speaker_call_rx] *********
I/AudioHardware7x30( 1126): ******* name[18] = [speaker_call_tx] *********
I/AudioHardware7x30( 1126): ******* name[19] = [headset_call_rx] *********
I/AudioHardware7x30( 1126): ******* name[20] = [headset_call_tx] *********
I/AudioHardware7x30( 1126): ******* name[21] = [bt_sco_call_rx] *********
I/AudioHardware7x30( 1126): ******* name[22] = [bt_sco_call_tx] *********
I/AudioHardware7x30( 1126): ******* name[23] = [bt_sco_nrec_call_rx] *********
I/AudioHardware7x30( 1126): ******* name[24] = [bt_sco_nrec_call_tx] *********
I/AudioHardware7x30( 1126): ******* name[25] = [tty_headset_mono_call_rx] *********
I/AudioHardware7x30( 1126): ******* name[26] = [tty_headset_mono_call_tx] *********
I/AudioHardware7x30( 1126): ******* name[27] = [dualmic_handset_call_tx] *********
I/AudioHardware7x30( 1126): ******* name[28] = [handset_fmradio_rx] *********
I/AudioHardware7x30( 1126): ******* name[29] = [headset_fmradio_rx] *********
I/AudioHardware7x30( 1126): ******* name[30] = [headset_fmradio_tx] *********
I/AudioHardware7x30( 1126): ******* name[31] = [speaker_fmradio_rx] *********
I/AudioHardware7x30( 1126): ******* name[32] = [speaker_voice_dialer_tx] *********
I/AudioHardware7x30( 1126): ******* name[33] = [headset_voice_dialer_tx] *********
I/AudioHardware7x30( 1126): ******* name[34] = [bt_sco_voice_dialer_tx] *********
I/AudioHardware7x30( 1126): ******* name[35] = [bt_sco_nrec_voice_dialer_tx] *********
I/AudioHardware7x30( 1126): ******* name[36] = [speaker_voice_search_tx] *********
I/AudioHardware7x30( 1126): ******* name[37] = [headset_voice_search_tx] *********
I/AudioHardware7x30( 1126): ******* name[38] = [headset_fmradio_only_rx] *********
I/AudioHardware7x30( 1126): ******* name[39] = [speaker_fmradio_only_rx] *********
I/AudioHardware7x30( 1126): ******* name[40] = [handset_voip_rx] *********
I/AudioHardware7x30( 1126): ******* name[41] = [handset_voip_tx] *********
I/AudioHardware7x30( 1126): ******* name[42] = [speaker_voip_rx] *********
I/AudioHardware7x30( 1126): ******* name[43] = [speaker_voip_tx] *********
I/AudioHardware7x30( 1126): ******* name[44] = [headset_voip_rx] *********
I/AudioHardware7x30( 1126): ******* name[45] = [headset_voip_tx] *********
I/AudioHardware7x30( 1126): ******* name[46] = [bt_sco_voip_rx] *********
I/AudioHardware7x30( 1126): ******* name[47] = [bt_sco_voip_tx] *********
I/AudioFlinger( 1126): loadHwModule() Loaded primary audio interface from QCOM Audio HW HAL (audio) handle 1
D/AudioHardware7x30( 1126): AudioHardware::openOutputStream devices 2 format 1 channels 3 samplerate 44100
I/AudioFlinger( 1126): HAL output buffer size 1200 frames, normal mix buffer size 1200 frames
I/AudioMixer( 1126): found effect "Multichannel Downmix To Stereo" from The Android Open Source Project
I/AudioFlinger( 1126): Using module 1 has the primary audio interface
D/AudioHardwareInterface( 1126): setMode(NORMAL)
I/AudioHardware7x30( 1126): Set master volume to 7.
I/AudioFlinger( 1126): AudioFlinger's thread 0x9cbf50 ready to run
W/AudioFlinger( 1126): Thread AudioOut_2 cannot connect to the power manager service
I/AudioHardware7x30( 1126): Routing audio to Speakerphone
D/AudioHardware7x30( 1126): new_rx = 2
D/AudioHardware7x30( 1126): new_tx = 3
E/AudioHardware7x30( 1126): updateDeviceInfo: E rx_device 2 and tx_device 3
D/AudioHardware7x30( 1126): No active voicecall/playback, disabling cur_rx 65535
D/AudioHardware7x30( 1126): No active voicecall/recording, disabling cur_tx 65535
E/AudioHardware7x30( 1126): updateDeviceInfo: X cur_rx 2 cur_tx 3
D/AudioHardware7x30( 1126): AudioStreamOutMSM7x30::standby()
D/AudioHardware7x30( 1126): setVoiceVolume(0.000000)
I/AudioHardware7x30( 1126): Setting in-call volume to 0 (available range is 0 to 100)
E/AudioHardware7x30( 1126): msm_set_voice_rx_vol(0) failed errno = 1
I/AudioFlinger( 1126): loadHwModule() Loaded a2dp audio interface from A2DP Audio HW HAL (audio) handle 3
I/AudioPolicyService( 1126): Loaded audio policy from QCOM Audio Policy HAL (audio_policy)
E/BandwidthController( 1124): runIptablesCmd(): failed /system/bin/iptables -t raw -N bw_raw_PREROUTING res=256
E/BandwidthController( 1124): runIptablesCmd(): failed /system/bin/ip6tables -t raw -N bw_raw_PREROUTING res=256
D/dalvikvm( 1125): DexOpt: --- BEGIN 'framework.jar' (bootstrap=1) ---
E/dalvikvm( 1224): Out-of-order field_idx: 0x223c then 0x223c
E/dalvikvm( 1224): Trouble with item 2129 @ offset 0x4a04e4
E/dalvikvm( 1224): Swap of section type 2006 failed
E/dalvikvm( 1224): ERROR: Byte swap + verify failed
E/dalvikvm( 1224): Optimization failed
W/dalvikvm( 1125): DexOpt: --- END 'framework.jar' --- status=0xff00, process failed
E/dalvikvm( 1125): Unable to extract+optimize DEX from '/system/framework/framework.jar'
D/dalvikvm( 1125): Unable to process classpath element '/system/framework/framework.jar'
D/dalvikvm( 1125): Unable to stat classpath element '/system/framework/framework2.jar'
D/dalvikvm( 1125): DexOpt: incorrect opt magic number (0xff ff ff ff)
D/dalvikvm( 1125): ODEX file is stale or bad; removing and retrying (/data/dalvik-cache/system@framework@services.jar@classes.dex)
D/MDnsDS  ( 1124): MDnsSdListener::Hander starting up
D/MDnsDS  ( 1124): MDnsSdListener starting to monitor
D/MDnsDS  ( 1124): Going to poll with pollCount 1
D/dalvikvm( 1125): DexOpt: --- BEGIN 'services.jar' (bootstrap=1) ---
E/dalvikvm( 1255): Out-of-order method_idx: 0x21ba then 0x21ba
E/dalvikvm( 1255): Trouble with item 554 @ offset 0x146aac
E/dalvikvm( 1255): Swap of section type 2006 failed
E/dalvikvm( 1255): ERROR: Byte swap + verify failed
E/dalvikvm( 1255): Optimization failed
W/dalvikvm( 1125): DexOpt: --- END 'services.jar' --- status=0xff00, process failed
E/dalvikvm( 1125): Unable to extract+optimize DEX from '/system/framework/services.jar'
D/dalvikvm( 1125): Unable to process classpath element '/system/framework/services.jar'
D/dalvikvm( 1125): Trying to load lib libjavacore.so 0x0
D/dalvikvm( 1125): Added shared lib libjavacore.so 0x0
D/dalvikvm( 1125): Trying to load lib libnativehelper.so 0x0
D/dalvikvm( 1125): Added shared lib libnativehelper.so 0x0
E/JNIHelp ( 1125): Native registration unable to find class 'android/debug/JNITest', aborting
F/libc    ( 1125): Fatal signal 11 (SIGSEGV) at 0xdeadbaad (code=1), thread 1125 (zygote)
I/DEBUG   (  157): *** *** *** *** *** *** *** *** *** *** *** *** *** *** *** ***
I/DEBUG   (  157): Build fingerprint: 'samsung/GT-I8150/GT-I8150:2.3.6/GINGERBREAD/XXLMD:user/release-keys'
I/DEBUG   (  157): pid: 1125, tid: 1125, name: zygote  >>> zygote <<<
I/DEBUG   (  157): signal 11 (SIGSEGV), code 1 (SEGV_MAPERR), fault addr deadbaad
I/DEBUG   (  157):     r0 00000027  r1 deadbaad  r2 00000000  r3 00000000
I/DEBUG   (  157):     r4 00000000  r5 bedb59e4  r6 401feed8  r7 00000002
I/DEBUG   (  157):     r8 40207834  r9 40208414  sl 00008f9c  fp 00008fd2
I/DEBUG   (  157):     ip 40087fe0  sp bedb59e0  lr 400c65e1  pc 400c660a  cpsr 600b0030
I/DEBUG   (  157):     d0  722065766974614e  d1  7461727473696765
I/DEBUG   (  157):     d2  62616e75206e6f69  d3  6966206f7420656c
I/DEBUG   (  157):     d4  0000d4cc0000d4b1  d5  0000d4e80000d4cd
I/DEBUG   (  157):     d6  0000d5040000d4e9  d7  0000d5200000d505
I/DEBUG   (  157):     d8  0000000000000000  d9  0000000000000000
I/DEBUG   (  157):     d10 0000000000000000  d11 0000000000000000
I/DEBUG   (  157):     d12 0000000000000000  d13 0000000000000000
I/DEBUG   (  157):     d14 0000000000000000  d15 0000000000000000
I/DEBUG   (  157):     d16 2f64696f72646e61  d17 4e4a2f6775626564
I/DEBUG   (  157):     d18 0000d5740000d559  d19 0000d5900000d575
I/DEBUG   (  157):     d20 0000d5ac0000d591  d21 0000d5c80000d5ad
I/DEBUG   (  157):     d22 0000d5e40000d5c9  d23 0000d6000000d5e5
I/DEBUG   (  157):     d24 0000000000000000  d25 0000000000000000
I/DEBUG   (  157):     d26 0000000000000000  d27 0000000000000000
I/DEBUG   (  157):     d28 0000000000000000  d29 0000000000000000
I/DEBUG   (  157):     d30 0000000000000000  d31 0000000000000000
I/DEBUG   (  157):     scr 60000010
I/DEBUG   (  157): 
I/DEBUG   (  157): backtrace:
I/DEBUG   (  157):     #00  pc 0001860a  /system/lib/libc.so
I/DEBUG   (  157):     #01  pc 0000dd44  /system/lib/libc.so (abort+4)
I/DEBUG   (  157):     #02  pc 00000955  /system/lib/libnativehelper.so (jniRegisterNativeMethods+72)
I/DEBUG   (  157):     #03  pc 00048555  /system/lib/libandroid_runtime.so (android::AndroidRuntime::startReg(_JNIEnv*)+36)
I/DEBUG   (  157):     #04  pc 00048659  /system/lib/libandroid_runtime.so (android::AndroidRuntime::start(char const*, char const*)+208)
I/DEBUG   (  157):     #05  pc 00000e9b  /system/bin/app_process
I/DEBUG   (  157): 
I/DEBUG   (  157): stack:
I/DEBUG   (  157):          bedb59a0  0094ff68  [heap]
I/DEBUG   (  157):          bedb59a4  40c5a5e8  /dev/ashmem/dalvik-heap (deleted)
I/DEBUG   (  157):          bedb59a8  00000000  
I/DEBUG   (  157):          bedb59ac  0094ff68  [heap]
I/DEBUG   (  157):          bedb59b0  40c5a5e8  /dev/ashmem/dalvik-heap (deleted)
I/DEBUG   (  157):          bedb59b4  400c5353  /system/lib/libc.so (free+14)
I/DEBUG   (  157):          bedb59b8  0094ff68  [heap]
I/DEBUG   (  157):          bedb59bc  40c5a5e8  /dev/ashmem/dalvik-heap (deleted)
I/DEBUG   (  157):          bedb59c0  00000000  
I/DEBUG   (  157):          bedb59c4  00000002  
I/DEBUG   (  157):          bedb59c8  0094ff68  [heap]
I/DEBUG   (  157):          bedb59cc  400c3b75  /system/lib/libc.so (dlfree+56)
I/DEBUG   (  157):          bedb59d0  400c3b3d  /system/lib/libc.so (dlfree)
I/DEBUG   (  157):          bedb59d4  0094ff68  [heap]
I/DEBUG   (  157):          bedb59d8  df0027ad  
I/DEBUG   (  157):          bedb59dc  00000000  
I/DEBUG   (  157):     #00  bedb59e0  bedb59fc  [stack]
I/DEBUG   (  157):          bedb59e4  fffffbdf  
I/DEBUG   (  157):          bedb59e8  00000000  
I/DEBUG   (  157):          bedb59ec  40777b5d  /system/lib/libdvm.so
I/DEBUG   (  157):          bedb59f0  00000000  
I/DEBUG   (  157):          bedb59f4  9048f750  
I/DEBUG   (  157):          bedb59f8  00933460  [heap]
I/DEBUG   (  157):          bedb59fc  00933460  [heap]
I/DEBUG   (  157):          bedb5a00  401f944a  /system/lib/libandroid_runtime.so
I/DEBUG   (  157):          bedb5a04  400bbd48  /system/lib/libc.so (__pthread_clone)
I/DEBUG   (  157):     #01  bedb5a08  9048f750  
I/DEBUG   (  157):          bedb5a0c  40085959  /system/lib/libnativehelper.so (jniRegisterNativeMethods+76)
I/DEBUG   (  157):     #02  bedb5a10  00933460  [heap]
I/DEBUG   (  157):          bedb5a14  00000000  
I/DEBUG   (  157):          bedb5a18  00933460  [heap]
I/DEBUG   (  157):          bedb5a1c  00000000  
I/DEBUG   (  157):          bedb5a20  401feed8  /system/lib/libandroid_runtime.so
I/DEBUG   (  157):          bedb5a24  00008fa3  /system/bin/app_process
I/DEBUG   (  157):          bedb5a28  00009003  /system/bin/app_process
I/DEBUG   (  157):          bedb5a2c  401a5557  /system/lib/libandroid_runtime.so (android::AndroidRuntime::startReg(_JNIEnv*)+38)
I/DEBUG   (  157): 
I/DEBUG   (  157): memory near r5:
I/DEBUG   (  157):     bedb59c4 00000002 0094ff68 400c3b75 400c3b3d  ....h...u;.@=;.@
I/DEBUG   (  157):     bedb59d4 0094ff68 df0027ad 00000000 bedb59fc  h....'.......Y..
I/DEBUG   (  157):     bedb59e4 fffffbdf 00000000 40777b5d 00000000  ........]{w@....
I/DEBUG   (  157):     bedb59f4 9048f750 00933460 00933460 401f944a  P.H.`4..`4..J..@
I/DEBUG   (  157):     bedb5a04 400bbd48 9048f750 40085959 00933460  H..@P.H.YY.@`4..
I/DEBUG   (  157): 
I/DEBUG   (  157): memory near r6:
I/DEBUG   (  157):     401feeb8 00000000 00000000 401a4be1 401a4c05  .........K.@.L.@
I/DEBUG   (  157):     401feec8 401a49f9 40033909 401a49f9 401a49f9  .I.@.9.@.I.@.I.@
I/DEBUG   (  157):     401feed8 401d67bd 401a4bc9 401bc23d 401c3b0d  .g.@.K.@=..@.;.@
I/DEBUG   (  157):     401feee8 401c3e45 401c3fb9 401bf7b9 401c1ac9  E>.@.?.@...@...@
I/DEBUG   (  157):     401feef8 401c5409 401c57fd 401b32d5 401b9e81  .T.@.W.@.2.@...@
I/DEBUG   (  157): 
I/DEBUG   (  157): memory near r8:
I/DEBUG   (  157):     40207814 401f933d 401d6425 401f9358 401e8dd4  =..@%d.@X..@...@
I/DEBUG   (  157):     40207824 401d63f1 401f936e 401e92b2 401d63bd  .c.@n..@...@.c.@
I/DEBUG   (  157):     40207834 401f9460 401f9466 401d66e5 401f9480  `..@f..@.f.@...@
I/DEBUG   (  157):     40207844 401ef749 401d6685 401ed42d 401e9676  I..@.f.@-..@v..@
I/DEBUG   (  157):     40207854 401d681b 401f955b 401e90dc 401d6821  .h.@[..@...@!h.@
I/DEBUG   (  157): 
I/DEBUG   (  157): memory near r9:
I/DEBUG   (  157):     402083f4 00000000 00000000 00000000 00000000  ................
I/DEBUG   (  157):     40208404 00000000 00000000 00000000 00000000  ................
I/DEBUG   (  157):     40208414 00933e78 bedb5b00 00000000 00000000  x>...[..........
I/DEBUG   (  157):     40208424 00000000 00000000 00000000 00000000  ................
I/DEBUG   (  157):     40208434 00000000 00000000 00000000 00000000  ................
I/DEBUG   (  157): 
I/DEBUG   (  157): memory near sl:
I/DEBUG   (  157):     00008f7c 20726964 72617473 6c632d74 2d737361  dir start-class-
I/DEBUG   (  157):     00008f8c 656d616e 706f5b20 6e6f6974 000a5d73  name [options]..
I/DEBUG   (  157):     00008f9c 6f67797a 73006574 74726174 7379732d  zygote.start-sys
I/DEBUG   (  157):     00008fac 2d6d6574 76726573 00007265 6c707061  tem-server..appl
I/DEBUG   (  157):     00008fbc 74616369 006e6f69 6c6f6f74 7a2d2d00  ication.tool.--z
I/DEBUG   (  157): 
I/DEBUG   (  157): memory near fp:
I/DEBUG   (  157):     00008fb0 76726573 00007265 6c707061 74616369  server..applicat
I/DEBUG   (  157):     00008fc0 006e6f69 6c6f6f74 7a2d2d00 746f6779  ion.tool.--zygot
I/DEBUG   (  157):     00008fd0 2d2d0065 72617473 79732d74 6d657473  e.--start-system
I/DEBUG   (  157):     00008fe0 7265732d 00726576 70612d2d 63696c70  -server.--applic
I/DEBUG   (  157):     00008ff0 6f697461 2d2d006e 6563696e 6d616e2d  ation.--nice-nam
I/DEBUG   (  157): 
I/DEBUG   (  157): memory near ip:
I/DEBUG   (  157):     40087fc0 00000000 400f7b44 00000000 00000000  ....D{.@........
I/DEBUG   (  157):     40087fd0 00000000 400d0d41 400ca841 40008489  ....A..@A..@...@
I/DEBUG   (  157):     40087fe0 400bbd40 400d0d09 400c8c41 40008131  @..@...@A..@1..@
I/DEBUG   (  157):     40087ff0 400c5345 400c552d 400cd065 400cd425  ES.@-U.@e..@%..@
I/DEBUG   (  157):     40088000 1d2000a6 4bdc5d18 4bdc5cc8 00000000  .. ..].K.\.K....
I/DEBUG   (  157): 
I/DEBUG   (  157): memory near sp:
I/DEBUG   (  157):     bedb59c0 00000000 00000002 0094ff68 400c3b75  ........h...u;.@
I/DEBUG   (  157):     bedb59d0 400c3b3d 0094ff68 df0027ad 00000000  =;.@h....'......
I/DEBUG   (  157):     bedb59e0 bedb59fc fffffbdf 00000000 40777b5d  .Y..........]{w@
I/DEBUG   (  157):     bedb59f0 00000000 9048f750 00933460 00933460  ....P.H.`4..`4..
I/DEBUG   (  157):     bedb5a00 401f944a 400bbd48 9048f750 40085959  J..@H..@P.H.YY.@
I/DEBUG   (  157): 
I/DEBUG   (  157): code around pc:
I/DEBUG   (  157):     400c65e8 e000b164 6823461c d1fb2b00 68e3e026  d....F#h.+..&..h
I/DEBUG   (  157):     400c65f8 4a17b123 447a2401 47986014 20274911  #..J.$zD.`.G.I' 
I/DEBUG   (  157):     400c6608 70082400 eaccf7f4 f7f52106 a902ec08  .$.p.....!......
I/DEBUG   (  157):     400c6618 f04f2006 460a5380 94029304 f7f49403  . O..S.F........
I/DEBUG   (  157):     400c6628 4629efea 20024622 eff2f7f4 eab8f7f4  ..)F"F. ........
I/DEBUG   (  157): 
I/DEBUG   (  157): code around lr:
I/DEBUG   (  157):     400c65c0 f46f4923 b5306084 4479b087 ad066809  #Io..`0...yD.h..
I/DEBUG   (  157):     400c65d0 f8452200 20020d14 4629680c e81cf7f5  ."E.... .h)F....
I/DEBUG   (  157):     400c65e0 447b4b1c b96b681b e000b164 6823461c  .K{D.hk.d....F#h
I/DEBUG   (  157):     400c65f0 d1fb2b00 68e3e026 4a17b123 447a2401  .+..&..h#..J.$zD
I/DEBUG   (  157):     400c6600 47986014 20274911 70082400 eaccf7f4  .`.G.I' .$.p....
I/DEBUG   (  157): 
I/DEBUG   (  157): memory map around fault addr deadbaad:
I/DEBUG   (  157):     bed95000-bedb6000 [stack]
I/DEBUG   (  157):     (no map for address)
I/DEBUG   (  157):     ffff0000-ffff1000 [vectors]
I/ServiceManager(  153): service 'media.audio_flinger' died
I/ServiceManager(  153): service 'media.player' died
I/ServiceManager(  153): service 'media.camera' died
I/ServiceManager(  153): service 'media.audio_policy' died
I/Netd    ( 1271): Netd 1.0 starting
D/AndroidRuntime( 1272): 
D/AndroidRuntime( 1272): >>>>>> AndroidRuntime START com.android.internal.os.ZygoteInit <<<<<<
D/AndroidRuntime( 1272): CheckJNI is OFF
D/dalvikvm( 1272): DexOpt: incorrect opt magic number (0xff ff ff ff)
D/dalvikvm( 1272): ODEX file is stale or bad; removing and retrying (/data/dalvik-cache/system@framework@framework.jar@classes.dex)
I/mediaserver( 1273): ServiceManager: 0x287d78
I/AudioFlinger( 1273): Using default 3000 mSec as standby time.
I/CameraService( 1273): CameraService started (pid=1273)
I/QualcommCameraHardware( 1273): getCameraInfo: IN
I/QualcommCameraHardware( 1273): getCameraInfo: loading libqcamera at 0x4007840c
I/QualcommCameraHardware( 1273): getCameraInfo: numOfCameras = 2
I/QualcommCameraHardware( 1273): Camera sensor 0 info:
I/QualcommCameraHardware( 1273): camera_id: 0
I/QualcommCameraHardware( 1273): modes_supported: 1
I/QualcommCameraHardware( 1273): position: 0
I/QualcommCameraHardware( 1273): sensor_mount_angle: 0
I/QualcommCameraHardware( 1273): Camera sensor 1 info:
I/QualcommCameraHardware( 1273): camera_id: 1
I/QualcommCameraHardware( 1273): modes_supported: 1
I/QualcommCameraHardware( 1273): position: 1
I/QualcommCameraHardware( 1273): sensor_mount_angle: 180
V/QualcommCameraHardware( 1273): getCameraInfo: dlclose(libqcamera)
I/QualcommCameraHardware( 1273): getCameraInfo: OUT
I/CameraHAL( 1273): camera_get_number_of_cameras: number:2
I/AudioPolicyManagerBase( 1273): loadAudioPolicyConfig() loaded /system/etc/audio_policy.conf
D/AudioHardware7x30( 1273): Could not open libhtc_acoustic.so
D/AudioHardware7x30( 1273): msm_mixer_open: Opening the device
D/AudioHardware7x30( 1273): msm_mixer_count:mixer_cnt =61
I/AudioHardware7x30( 1273): ******* name[0] = [handset_rx] *********
I/AudioHardware7x30( 1273): ******* name[1] = [handset_tx] *********
I/AudioHardware7x30( 1273): ******* name[2] = [speaker_rx] *********
I/AudioHardware7x30( 1273): ******* name[3] = [speaker_tx] *********
I/AudioHardware7x30( 1273): ******* name[4] = [headset_rx] *********
I/AudioHardware7x30( 1273): ******* name[5] = [headset_tx] *********
I/AudioHardware7x30( 1273): ******* name[6] = [bt_sco_rx] *********
