I/AudioHardware7x30( 2008): ******* name[43] = [speaker_voip_tx] *********
I/AudioHardware7x30( 2008): ******* name[44] = [headset_voip_rx] *********
I/AudioHardware7x30( 2008): ******* name[45] = [headset_voip_tx] *********
I/AudioHardware7x30( 2008): ******* name[46] = [bt_sco_voip_rx] *********
I/AudioHardware7x30( 2008): ******* name[47] = [bt_sco_voip_tx] *********
I/AudioFlinger( 2008): loadHwModule() Loaded primary audio interface from QCOM Audio HW HAL (audio) handle 1
D/AudioHardware7x30( 2008): AudioHardware::openOutputStream devices 2 format 1 channels 3 samplerate 44100
I/AudioFlinger( 2008): HAL output buffer size 1200 frames, normal mix buffer size 1200 frames
I/AudioMixer( 2008): found effect "Multichannel Downmix To Stereo" from The Android Open Source Project
I/AudioFlinger( 2008): Using module 1 has the primary audio interface
I/AudioFlinger( 2008): AudioFlinger's thread 0x284fa8 ready to run
D/AudioHardwareInterface( 2008): setMode(NORMAL)
I/AudioHardware7x30( 2008): Set master volume to 7.
W/AudioFlinger( 2008): Thread AudioOut_2 cannot connect to the power manager service
I/AudioHardware7x30( 2008): Routing audio to Speakerphone
D/AudioHardware7x30( 2008): new_rx = 2
D/AudioHardware7x30( 2008): new_tx = 3
E/AudioHardware7x30( 2008): updateDeviceInfo: E rx_device 2 and tx_device 3
D/AudioHardware7x30( 2008): No active voicecall/playback, disabling cur_rx 65535
D/AudioHardware7x30( 2008): No active voicecall/recording, disabling cur_tx 65535
E/AudioHardware7x30( 2008): updateDeviceInfo: X cur_rx 2 cur_tx 3
D/AudioHardware7x30( 2008): AudioStreamOutMSM7x30::standby()
D/AudioHardware7x30( 2008): setVoiceVolume(0.000000)
I/AudioHardware7x30( 2008): Setting in-call volume to 0 (available range is 0 to 100)
E/AudioHardware7x30( 2008): msm_set_voice_rx_vol(0) failed errno = 1
I/AudioFlinger( 2008): loadHwModule() Loaded a2dp audio interface from A2DP Audio HW HAL (audio) handle 3
I/AudioPolicyService( 2008): Loaded audio policy from QCOM Audio Policy HAL (audio_policy)
E/BandwidthController( 2006): runIptablesCmd(): failed /system/bin/iptables -t raw -N bw_raw_PREROUTING res=256
E/BandwidthController( 2006): runIptablesCmd(): failed /system/bin/ip6tables -t raw -N bw_raw_PREROUTING res=256
D/dalvikvm( 2007): DexOpt: --- BEGIN 'framework.jar' (bootstrap=1) ---
D/MDnsDS  ( 2006): MDnsSdListener starting to monitor
D/MDnsDS  ( 2006): Going to poll with pollCount 1
D/MDnsDS  ( 2006): MDnsSdListener::Hander starting up
E/dalvikvm( 2131): Out-of-order field_idx: 0x223c then 0x223c
E/dalvikvm( 2131): Trouble with item 2129 @ offset 0x4a04e4
E/dalvikvm( 2131): Swap of section type 2006 failed
E/dalvikvm( 2131): ERROR: Byte swap + verify failed
E/dalvikvm( 2131): Optimization failed
W/dalvikvm( 2007): DexOpt: --- END 'framework.jar' --- status=0xff00, process failed
E/dalvikvm( 2007): Unable to extract+optimize DEX from '/system/framework/framework.jar'
D/dalvikvm( 2007): Unable to process classpath element '/system/framework/framework.jar'
D/dalvikvm( 2007): Unable to stat classpath element '/system/framework/framework2.jar'
D/dalvikvm( 2007): DexOpt: incorrect opt magic number (0xff ff ff ff)
D/dalvikvm( 2007): ODEX file is stale or bad; removing and retrying (/data/dalvik-cache/system@framework@services.jar@classes.dex)
D/dalvikvm( 2007): DexOpt: --- BEGIN 'services.jar' (bootstrap=1) ---
E/dalvikvm( 2135): Out-of-order method_idx: 0x21ba then 0x21ba
E/dalvikvm( 2135): Trouble with item 554 @ offset 0x146aac
E/dalvikvm( 2135): Swap of section type 2006 failed
E/dalvikvm( 2135): ERROR: Byte swap + verify failed
E/dalvikvm( 2135): Optimization failed
W/dalvikvm( 2007): DexOpt: --- END 'services.jar' --- status=0xff00, process failed
E/dalvikvm( 2007): Unable to extract+optimize DEX from '/system/framework/services.jar'
D/dalvikvm( 2007): Unable to process classpath element '/system/framework/services.jar'
D/dalvikvm( 2007): Trying to load lib libjavacore.so 0x0
D/dalvikvm( 2007): Added shared lib libjavacore.so 0x0
D/dalvikvm( 2007): Trying to load lib libnativehelper.so 0x0
D/dalvikvm( 2007): Added shared lib libnativehelper.so 0x0
E/JNIHelp ( 2007): Native registration unable to find class 'android/debug/JNITest', aborting
F/libc    ( 2007): Fatal signal 11 (SIGSEGV) at 0xdeadbaad (code=1), thread 2007 (zygote)
I/DEBUG   (  157): *** *** *** *** *** *** *** *** *** *** *** *** *** *** *** ***
I/DEBUG   (  157): Build fingerprint: 'samsung/GT-I8150/GT-I8150:2.3.6/GINGERBREAD/XXLMD:user/release-keys'
I/DEBUG   (  157): pid: 2007, tid: 2007, name: zygote  >>> zygote <<<
I/DEBUG   (  157): signal 11 (SIGSEGV), code 1 (SEGV_MAPERR), fault addr deadbaad
I/DEBUG   (  157):     r0 00000027  r1 deadbaad  r2 00000000  r3 00000000
I/DEBUG   (  157):     r4 00000000  r5 be82c9e4  r6 40211ed8  r7 00000002
I/DEBUG   (  157):     r8 4021a834  r9 4021b414  sl 00008f9c  fp 00008fd2
I/DEBUG   (  157):     ip 403eefe0  sp be82c9e0  lr 400a05e1  pc 400a060a  cpsr 600b0030
I/DEBUG   (  157):     d0  722065766974614e  d1  7461727473696765
I/DEBUG   (  157):     d2  62616e75206e6f69  d3  6966206f7420656c
I/DEBUG   (  157):     d4  0000d4cc0000d4b1  d5  0000d4e80000d4cd
I/DEBUG   (  157):     d6  0000d5040000d4e9  d7  0000d5200000d505
I/DEBUG   (  157):     d8  0000000000000000  d9  0000000000000000
I/DEBUG   (  157):     d10 0000000000000000  d11 0000000000000000
I/DEBUG   (  157):     d12 0000000000000000  d13 0000000000000000
I/DEBUG   (  157):     d14 0000000000000000  d15 0000000000000000
I/DEBUG   (  157):     d16 2f64696f72646e61  d17 4e4a2f6775626564
I/DEBUG   (  157):     d18 0000d5740000d559  d19 0000d5900000d575
I/DEBUG   (  157):     d20 0000d5ac0000d591  d21 0000d5c80000d5ad
I/DEBUG   (  157):     d22 0000d5e40000d5c9  d23 0000d6000000d5e5
I/DEBUG   (  157):     d24 0000000000000000  d25 0000000000000000
I/DEBUG   (  157):     d26 0000000000000000  d27 0000000000000000
I/DEBUG   (  157):     d28 0000000000000000  d29 0000000000000000
I/DEBUG   (  157):     d30 0000000000000000  d31 0000000000000000
I/DEBUG   (  157):     scr 60000010
I/DEBUG   (  157): 
I/DEBUG   (  157): backtrace:
I/DEBUG   (  157):     #00  pc 0001860a  /system/lib/libc.so
I/DEBUG   (  157):     #01  pc 0000dd44  /system/lib/libc.so (abort+4)
I/DEBUG   (  157):     #02  pc 00000955  /system/lib/libnativehelper.so (jniRegisterNativeMethods+72)
I/DEBUG   (  157):     #03  pc 00048555  /system/lib/libandroid_runtime.so (android::AndroidRuntime::startReg(_JNIEnv*)+36)
I/DEBUG   (  157):     #04  pc 00048659  /system/lib/libandroid_runtime.so (android::AndroidRuntime::start(char const*, char const*)+208)
I/DEBUG   (  157):     #05  pc 00000e9b  /system/bin/app_process
I/DEBUG   (  157): 
I/DEBUG   (  157): stack:
I/DEBUG   (  157):          be82c9a0  01894f88  [heap]
I/DEBUG   (  157):          be82c9a4  40ac35e8  /dev/ashmem/dalvik-heap (deleted)
I/DEBUG   (  157):          be82c9a8  00000000  
I/DEBUG   (  157):          be82c9ac  01894f88  [heap]
I/DEBUG   (  157):          be82c9b0  40ac35e8  /dev/ashmem/dalvik-heap (deleted)
I/DEBUG   (  157):          be82c9b4  4009f353  /system/lib/libc.so (free+14)
I/DEBUG   (  157):          be82c9b8  01894f88  [heap]
I/DEBUG   (  157):          be82c9bc  40ac35e8  /dev/ashmem/dalvik-heap (deleted)
I/DEBUG   (  157):          be82c9c0  00000000  
I/DEBUG   (  157):          be82c9c4  00000002  
I/DEBUG   (  157):          be82c9c8  01894f88  [heap]
I/DEBUG   (  157):          be82c9cc  4009db75  /system/lib/libc.so (dlfree+56)
I/DEBUG   (  157):          be82c9d0  4009db3d  /system/lib/libc.so (dlfree)
I/DEBUG   (  157):          be82c9d4  01894f88  [heap]
I/DEBUG   (  157):          be82c9d8  df0027ad  
I/DEBUG   (  157):          be82c9dc  00000000  
I/DEBUG   (  157):     #00  be82c9e0  be82c9fc  [stack]
I/DEBUG   (  157):          be82c9e4  fffffbdf  
I/DEBUG   (  157):          be82c9e8  00000000  
I/DEBUG   (  157):          be82c9ec  40794b5d  /system/lib/libdvm.so
I/DEBUG   (  157):          be82c9f0  00000000  
I/DEBUG   (  157):          be82c9f4  a7be0024  
I/DEBUG   (  157):          be82c9f8  01878460  [heap]
I/DEBUG   (  157):          be82c9fc  01878460  [heap]
I/DEBUG   (  157):          be82ca00  4020c44a  /system/lib/libandroid_runtime.so
I/DEBUG   (  157):          be82ca04  40095d48  /system/lib/libc.so (__pthread_clone)
I/DEBUG   (  157):     #01  be82ca08  a7be0024  
I/DEBUG   (  157):          be82ca0c  403ec959  /system/lib/libnativehelper.so (jniRegisterNativeMethods+76)
I/DEBUG   (  157):     #02  be82ca10  01878460  [heap]
I/DEBUG   (  157):          be82ca14  00000000  
I/DEBUG   (  157):          be82ca18  01878460  [heap]
I/DEBUG   (  157):          be82ca1c  00000000  
I/DEBUG   (  157):          be82ca20  40211ed8  /system/lib/libandroid_runtime.so
I/DEBUG   (  157):          be82ca24  00008fa3  /system/bin/app_process
I/DEBUG   (  157):          be82ca28  00009003  /system/bin/app_process
I/DEBUG   (  157):          be82ca2c  401b8557  /system/lib/libandroid_runtime.so (android::AndroidRuntime::startReg(_JNIEnv*)+38)
I/DEBUG   (  157): 
I/DEBUG   (  157): memory near r5:
I/DEBUG   (  157):     be82c9c4 00000002 01894f88 4009db75 4009db3d  .....O..u..@=..@
I/DEBUG   (  157):     be82c9d4 01894f88 df0027ad 00000000 be82c9fc  .O...'..........
I/DEBUG   (  157):     be82c9e4 fffffbdf 00000000 40794b5d 00000000  ........]Ky@....
I/DEBUG   (  157):     be82c9f4 a7be0024 01878460 01878460 4020c44a  $...`...`...J. @
I/DEBUG   (  157):     be82ca04 40095d48 a7be0024 403ec959 01878460  H].@$...Y.>@`...
I/DEBUG   (  157): 
I/DEBUG   (  157): memory near r6:
I/DEBUG   (  157):     40211eb8 00000000 00000000 401b7be1 401b7c05  .........{.@.|.@
I/DEBUG   (  157):     40211ec8 401b79f9 400d9909 401b79f9 401b79f9  .y.@...@.y.@.y.@
I/DEBUG   (  157):     40211ed8 401e97bd 401b7bc9 401cf23d 401d6b0d  ...@.{.@=..@.k.@
I/DEBUG   (  157):     40211ee8 401d6e45 401d6fb9 401d27b9 401d4ac9  En.@.o.@.'.@.J.@
I/DEBUG   (  157):     40211ef8 401d8409 401d87fd 401c62d5 401cce81  ...@...@.b.@...@
I/DEBUG   (  157): 
I/DEBUG   (  157): memory near r8:
I/DEBUG   (  157):     4021a814 4020c33d 401e9425 4020c358 401fbdd4  =. @%..@X. @...@
I/DEBUG   (  157):     4021a824 401e93f1 4020c36e 401fc2b2 401e93bd  ...@n. @...@...@
I/DEBUG   (  157):     4021a834 4020c460 4020c466 401e96e5 4020c480  `. @f. @...@.. @
I/DEBUG   (  157):     4021a844 40202749 401e9685 4020042d 401fc676  I' @...@-. @v..@
I/DEBUG   (  157):     4021a854 401e981b 4020c55b 401fc0dc 401e9821  ...@[. @...@!..@
I/DEBUG   (  157): 
I/DEBUG   (  157): memory near r9:
I/DEBUG   (  157):     4021b3f4 00000000 00000000 00000000 00000000  ................
I/DEBUG   (  157):     4021b404 00000000 00000000 00000000 00000000  ................
I/DEBUG   (  157):     4021b414 01878e78 be82cb00 00000000 00000000  x...............
I/DEBUG   (  157):     4021b424 00000000 00000000 00000000 00000000  ................
I/DEBUG   (  157):     4021b434 00000000 00000000 00000000 00000000  ................
I/DEBUG   (  157): 
I/DEBUG   (  157): memory near sl:
I/DEBUG   (  157):     00008f7c 20726964 72617473 6c632d74 2d737361  dir start-class-
I/DEBUG   (  157):     00008f8c 656d616e 706f5b20 6e6f6974 000a5d73  name [options]..
I/DEBUG   (  157):     00008f9c 6f67797a 73006574 74726174 7379732d  zygote.start-sys
I/DEBUG   (  157):     00008fac 2d6d6574 76726573 00007265 6c707061  tem-server..appl
I/DEBUG   (  157):     00008fbc 74616369 006e6f69 6c6f6f74 7a2d2d00  ication.tool.--z
I/DEBUG   (  157): 
I/DEBUG   (  157): memory near fp:
I/DEBUG   (  157):     00008fb0 76726573 00007265 6c707061 74616369  server..applicat
I/DEBUG   (  157):     00008fc0 006e6f69 6c6f6f74 7a2d2d00 746f6779  ion.tool.--zygot
I/DEBUG   (  157):     00008fd0 2d2d0065 72617473 79732d74 6d657473  e.--start-system
I/DEBUG   (  157):     00008fe0 7265732d 00726576 70612d2d 63696c70  -server.--applic
I/DEBUG   (  157):     00008ff0 6f697461 2d2d006e 6563696e 6d616e2d  ation.--nice-nam
I/DEBUG   (  157): 
I/DEBUG   (  157): memory near ip:
I/DEBUG   (  157):     403eefc0 00000000 400d1b44 00000000 00000000  ....D..@........
I/DEBUG   (  157):     403eefd0 00000000 400aad41 400a4841 40084489  ....A..@AH.@.D.@
I/DEBUG   (  157):     403eefe0 40095d40 400aad09 400a2c41 40084131  @].@...@A,.@1A.@
I/DEBUG   (  157):     403eeff0 4009f345 4009f52d 400a7065 400a7425  E..@-..@ep.@%t.@
I/DEBUG   (  157):     403ef000 1d2000a6 4bdb6d18 4bdb6cc8 00000000  .. ..m.K.l.K....
I/DEBUG   (  157): 
I/DEBUG   (  157): memory near sp:
I/DEBUG   (  157):     be82c9c0 00000000 00000002 01894f88 4009db75  .........O..u..@
I/DEBUG   (  157):     be82c9d0 4009db3d 01894f88 df0027ad 00000000  =..@.O...'......
I/DEBUG   (  157):     be82c9e0 be82c9fc fffffbdf 00000000 40794b5d  ............]Ky@
I/DEBUG   (  157):     be82c9f0 00000000 a7be0024 01878460 01878460  ....$...`...`...
I/DEBUG   (  157):     be82ca00 4020c44a 40095d48 a7be0024 403ec959  J. @H].@$...Y.>@
I/DEBUG   (  157): 
I/DEBUG   (  157): code around pc:
I/DEBUG   (  157):     400a05e8 e000b164 6823461c d1fb2b00 68e3e026  d....F#h.+..&..h
I/DEBUG   (  157):     400a05f8 4a17b123 447a2401 47986014 20274911  #..J.$zD.`.G.I' 
I/DEBUG   (  157):     400a0608 70082400 eaccf7f4 f7f52106 a902ec08  .$.p.....!......
I/DEBUG   (  157):     400a0618 f04f2006 460a5380 94029304 f7f49403  . O..S.F........
I/DEBUG   (  157):     400a0628 4629efea 20024622 eff2f7f4 eab8f7f4  ..)F"F. ........
I/DEBUG   (  157): 
I/DEBUG   (  157): code around lr:
I/DEBUG   (  157):     400a05c0 f46f4923 b5306084 4479b087 ad066809  #Io..`0...yD.h..
I/DEBUG   (  157):     400a05d0 f8452200 20020d14 4629680c e81cf7f5  ."E.... .h)F....
I/DEBUG   (  157):     400a05e0 447b4b1c b96b681b e000b164 6823461c  .K{D.hk.d....F#h
I/DEBUG   (  157):     400a05f0 d1fb2b00 68e3e026 4a17b123 447a2401  .+..&..h#..J.$zD
I/DEBUG   (  157):     400a0600 47986014 20274911 70082400 eaccf7f4  .`.G.I' .$.p....
I/DEBUG   (  157): 
I/DEBUG   (  157): memory map around fault addr deadbaad:
I/DEBUG   (  157):     be80c000-be82d000 [stack]
I/DEBUG   (  157):     (no map for address)
I/DEBUG   (  157):     ffff0000-ffff1000 [vectors]
I/ServiceManager(  153): service 'media.audio_flinger' died
I/ServiceManager(  153): service 'media.player' died
I/ServiceManager(  153): service 'media.camera' died
I/ServiceManager(  153): service 'media.audio_policy' died
I/Netd    ( 2154): Netd 1.0 starting
D/AndroidRuntime( 2156): 
D/AndroidRuntime( 2156): >>>>>> AndroidRuntime START com.android.internal.os.ZygoteInit <<<<<<
D/AndroidRuntime( 2156): CheckJNI is OFF
D/dalvikvm( 2156): DexOpt: incorrect opt magic number (0xff ff ff ff)
D/dalvikvm( 2156): ODEX file is stale or bad; removing and retrying (/data/dalvik-cache/system@framework@framework.jar@classes.dex)
I/mediaserver( 2159): ServiceManager: 0x1cefd78
I/AudioFlinger( 2159): Using default 3000 mSec as standby time.
I/CameraService( 2159): CameraService started (pid=2159)
I/QualcommCameraHardware( 2159): getCameraInfo: IN
I/QualcommCameraHardware( 2159): getCameraInfo: loading libqcamera at 0x4008940c
I/QualcommCameraHardware( 2159): getCameraInfo: numOfCameras = 2
I/QualcommCameraHardware( 2159): Camera sensor 0 info:
I/QualcommCameraHardware( 2159): camera_id: 0
I/QualcommCameraHardware( 2159): modes_supported: 1
I/QualcommCameraHardware( 2159): position: 0
I/QualcommCameraHardware( 2159): sensor_mount_angle: 0
I/QualcommCameraHardware( 2159): Camera sensor 1 info:
I/QualcommCameraHardware( 2159): camera_id: 1
I/QualcommCameraHardware( 2159): modes_supported: 1
I/QualcommCameraHardware( 2159): position: 1
I/QualcommCameraHardware( 2159): sensor_mount_angle: 180
V/QualcommCameraHardware( 2159): getCameraInfo: dlclose(libqcamera)
I/QualcommCameraHardware( 2159): getCameraInfo: OUT
I/CameraHAL( 2159): camera_get_number_of_cameras: number:2
I/AudioPolicyManagerBase( 2159): loadAudioPolicyConfig() loaded /system/etc/audio_policy.conf
D/AudioHardware7x30( 2159): Could not open libhtc_acoustic.so
D/AudioHardware7x30( 2159): msm_mixer_open: Opening the device
D/AudioHardware7x30( 2159): msm_mixer_count:mixer_cnt =61
I/AudioHardware7x30( 2159): ******* name[0] = [handset_rx] *********
I/AudioHardware7x30( 2159): ******* name[1] = [handset_tx] *********
I/AudioHardware7x30( 2159): ******* name[2] = [speaker_rx] *********
I/AudioHardware7x30( 2159): ******* name[3] = [speaker_tx] *********
I/AudioHardware7x30( 2159): ******* name[4] = [headset_rx] *********
I/AudioHardware7x30( 2159): ******* name[5] = [headset_tx] *********
I/AudioHardware7x30( 2159): ******* name[6] = [bt_sco_rx] *********
I/AudioHardware7x30( 2159): ******* name[7] = [bt_sco_tx] *********
I/AudioHardware7x30( 2159): ******* name[8] = [bt_sco_nrec_rx] *********
I/AudioHardware7x30( 2159): ******* name[9] = [bt_sco_nrec_tx] *********
I/AudioHardware7x30( 2159): ******* name[10] = [hdmi_stereo_rx] *********
I/AudioHardware7x30( 2159): ******* name[11] = [aux_dock_rx] *********
I/AudioHardware7x30( 2159): ******* name[12] = [speaker_headset_rx] *********
I/AudioHardware7x30( 2159): ******* name[13] = [speaker_dock_rx] *********
I/AudioHardware7x30( 2159): ******* name[14] = [speaker_hdmi_rx] *********
I/AudioHardware7x30( 2159): ******* name[15] = [handset_call_rx] *********
I/AudioHardware7x30( 2159): ******* name[16] = [handset_call_tx] *********
I/AudioHardware7x30( 2159): ******* name[17] = [speaker_call_rx] *********
I/AudioHardware7x30( 2159): ******* name[18] = [speaker_call_tx] *********
I/AudioHardware7x30( 2159): ******* name[19] = [headset_call_rx] *********
I/AudioHardware7x30( 2159): ******* name[20] = [headset_call_tx] *********
I/AudioHardware7x30( 2159): ******* name[21] = [bt_sco_call_rx] *********
I/AudioHardware7x30( 2159): ******* name[22] = [bt_sco_call_tx] *********
I/AudioHardware7x30( 2159): ******* name[23] = [bt_sco_nrec_call_rx] *********
I/AudioHardware7x30( 2159): ******* name[24] = [bt_sco_nrec_call_tx] *********
I/AudioHardware7x30( 2159): ******* name[25] = [tty_headset_mono_call_rx] *********
I/AudioHardware7x30( 2159): ******* name[26] = [tty_headset_mono_call_tx] *********
I/AudioHardware7x30( 2159): ******* name[27] = [dualmic_handset_call_tx] *********
I/AudioHardware7x30( 2159): ******* name[28] = [handset_fmradio_rx] *********
I/AudioHardware7x30( 2159): ******* name[29] = [headset_fmradio_rx] *********
I/AudioHardware7x30( 2159): ******* name[30] = [headset_fmradio_tx] *********
I/AudioHardware7x30( 2159): ******* name[31] = [speaker_fmradio_rx] *********
I/AudioHardware7x30( 2159): ******* name[32] = [speaker_voice_dialer_tx] *********
I/AudioHardware7x30( 2159): ******* name[33] = [headset_voice_dialer_tx] *********
I/AudioHardware7x30( 2159): ******* name[34] = [bt_sco_voice_dialer_tx] *********
I/AudioHardware7x30( 2159): ******* name[35] = [bt_sco_nrec_voice_dialer_tx] *********
I/AudioHardware7x30( 2159): ******* name[36] = [speaker_voice_search_tx] *********
I/AudioHardware7x30( 2159): ******* name[37] = [headset_voice_search_tx] *********
I/AudioHardware7x30( 2159): ******* name[38] = [headset_fmradio_only_rx] *********
I/AudioHardware7x30( 2159): ******* name[39] = [speaker_fmradio_only_rx] *********
I/AudioHardware7x30( 2159): ******* name[40] = [handset_voip_rx] *********
I/AudioHardware7x30( 2159): ******* name[41] = [handset_voip_tx] *********
I/AudioHardware7x30( 2159): ******* name[42] = [speaker_voip_rx] *********
I/AudioHardware7x30( 2159): ******* name[43] = [speaker_voip_tx] *********
I/AudioHardware7x30( 2159): ******* name[44] = [headset_voip_rx] *********
I/AudioHardware7x30( 2159): ******* name[45] = [headset_voip_tx] *********
I/AudioHardware7x30( 2159): ******* name[46] = [bt_sco_voip_rx] *********
I/AudioHardware7x30( 2159): ******* name[47] = [bt_sco_voip_tx] *********
I/AudioFlinger( 2159): loadHwModule() Loaded primary audio interface from QCOM Audio HW HAL (audio) handle 1
D/AudioHardware7x30( 2159): AudioHardware::openOutputStream devices 2 format 1 channels 3 samplerate 44100
I/AudioFlinger( 2159): HAL output buffer size 1200 frames, normal mix buffer size 1200 frames
I/AudioMixer( 2159): found effect "Multichannel Downmix To Stereo" from The Android Open Source Project
I/AudioFlinger( 2159): Using module 1 has the primary audio interface
I/AudioFlinger( 2159): AudioFlinger's thread 0x1cf7f50 ready to run
W/AudioFlinger( 2159): Thread AudioOut_2 cannot connect to the power manager service
D/AudioHardware7x30( 2159): AudioStreamOutMSM7x30::standby()
D/AudioHardwareInterface( 2159): setMode(NORMAL)
I/AudioHardware7x30( 2159): Set master volume to 7.
W/AudioFlinger( 2159): Thread AudioOut_2 cannot connect to the power manager service
I/AudioHardware7x30( 2159): Routing audio to Speakerphone
D/AudioHardware7x30( 2159): new_rx = 2
D/AudioHardware7x30( 2159): new_tx = 3
E/AudioHardware7x30( 2159): updateDeviceInfo: E rx_device 2 and tx_device 3
D/AudioHardware7x30( 2159): No active voicecall/playback, disabling cur_rx 65535
D/AudioHardware7x30( 2159): No active voicecall/recording, disabling cur_tx 65535
E/AudioHardware7x30( 2159): updateDeviceInfo: X cur_rx 2 cur_tx 3
D/AudioHardware7x30( 2159): setVoiceVolume(0.000000)
I/AudioHardware7x30( 2159): Setting in-call volume to 0 (available range is 0 to 100)
E/AudioHardware7x30( 2159): msm_set_voice_rx_vol(0) failed errno = 1
I/AudioFlinger( 2159): loadHwModule() Loaded a2dp audio interface from A2DP Audio HW HAL (audio) handle 3
I/AudioPolicyService( 2159): Loaded audio policy from QCOM Audio Policy HAL (audio_policy)
E/BandwidthController( 2154): runIptablesCmd(): failed /system/bin/iptables -t raw -N bw_raw_PREROUTING res=256
E/BandwidthController( 2154): runIptablesCmd(): failed /system/bin/ip6tables -t raw -N bw_raw_PREROUTING res=256
D/dalvikvm( 2156): DexOpt: --- BEGIN 'framework.jar' (bootstrap=1) ---
D/MDnsDS  ( 2154): MDnsSdListener::Hander starting up
D/MDnsDS  ( 2154): MDnsSdListener starting to monitor
D/MDnsDS  ( 2154): Going to poll with pollCount 1
E/dalvikvm( 2275): Out-of-order field_idx: 0x223c then 0x223c
E/dalvikvm( 2275): Trouble with item 2129 @ offset 0x4a04e4
E/dalvikvm( 2275): Swap of section type 2006 failed
E/dalvikvm( 2275): ERROR: Byte swap + verify failed
E/dalvikvm( 2275): Optimization failed
W/dalvikvm( 2156): DexOpt: --- END 'framework.jar' --- status=0xff00, process failed
E/dalvikvm( 2156): Unable to extract+optimize DEX from '/system/framework/framework.jar'
D/dalvikvm( 2156): Unable to process classpath element '/system/framework/framework.jar'
D/dalvikvm( 2156): Unable to stat classpath element '/system/framework/framework2.jar'
D/dalvikvm( 2156): DexOpt: incorrect opt magic number (0xff ff ff ff)
D/dalvikvm( 2156): ODEX file is stale or bad; removing and retrying (/data/dalvik-cache/system@framework@services.jar@classes.dex)
D/dalvikvm( 2156): DexOpt: --- BEGIN 'services.jar' (bootstrap=1) ---
E/dalvikvm( 2285): Out-of-order method_idx: 0x21ba then 0x21ba
E/dalvikvm( 2285): Trouble with item 554 @ offset 0x146aac
E/dalvikvm( 2285): Swap of section type 2006 failed
E/dalvikvm( 2285): ERROR: Byte swap + verify failed
E/dalvikvm( 2285): Optimization failed
W/dalvikvm( 2156): DexOpt: --- END 'services.jar' --- status=0xff00, process failed
E/dalvikvm( 2156): Unable to extract+optimize DEX from '/system/framework/services.jar'
D/dalvikvm( 2156): Unable to process classpath element '/system/framework/services.jar'
D/dalvikvm( 2156): Trying to load lib libjavacore.so 0x0
D/dalvikvm( 2156): Added shared lib libjavacore.so 0x0
D/dalvikvm( 2156): Trying to load lib libnativehelper.so 0x0
D/dalvikvm( 2156): Added shared lib libnativehelper.so 0x0
E/JNIHelp ( 2156): Native registration unable to find class 'android/debug/JNITest', aborting
F/libc    ( 2156): Fatal signal 11 (SIGSEGV) at 0xdeadbaad (code=1), thread 2156 (zygote)
I/DEBUG   (  157): *** *** *** *** *** *** *** *** *** *** *** *** *** *** *** ***
I/DEBUG   (  157): Build fingerprint: 'samsung/GT-I8150/GT-I8150:2.3.6/GINGERBREAD/XXLMD:user/release-keys'
I/DEBUG   (  157): pid: 2156, tid: 2156, name: zygote  >>> zygote <<<
I/DEBUG   (  157): signal 11 (SIGSEGV), code 1 (SEGV_MAPERR), fault addr deadbaad
I/DEBUG   (  157):     r0 00000027  r1 deadbaad  r2 00000000  r3 00000000
I/DEBUG   (  157):     r4 00000000  r5 bec2d9e4  r6 401e2ed8  r7 00000002
I/DEBUG   (  157):     r8 401eb834  r9 401ec414  sl 00008f9c  fp 00008fd2
I/DEBUG   (  157):     ip 400adfe0  sp bec2d9e0  lr 400575e1  pc 4005760a  cpsr 600b0030
I/DEBUG   (  157):     d0  722065766974614e  d1  7461727473696765
I/DEBUG   (  157):     d2  62616e75206e6f69  d3  6966206f7420656c
I/DEBUG   (  157):     d4  0000d4cc0000d4b1  d5  0000d4e80000d4cd
I/DEBUG   (  157):     d6  0000d5040000d4e9  d7  0000d5200000d505
I/DEBUG   (  157):     d8  0000000000000000  d9  0000000000000000
I/DEBUG   (  157):     d10 0000000000000000  d11 0000000000000000
I/DEBUG   (  157):     d12 0000000000000000  d13 0000000000000000
I/DEBUG   (  157):     d14 0000000000000000  d15 0000000000000000
I/DEBUG   (  157):     d16 2f64696f72646e61  d17 4e4a2f6775626564
I/DEBUG   (  157):     d18 0000d5740000d559  d19 0000d5900000d575
I/DEBUG   (  157):     d20 0000d5ac0000d591  d21 0000d5c80000d5ad
I/DEBUG   (  157):     d22 0000d5e40000d5c9  d23 0000d6000000d5e5
I/DEBUG   (  157):     d24 0000000000000000  d25 0000000000000000
I/DEBUG   (  157):     d26 0000000000000000  d27 0000000000000000
I/DEBUG   (  157):     d28 0000000000000000  d29 0000000000000000
I/DEBUG   (  157):     d30 0000000000000000  d31 0000000000000000
I/DEBUG   (  157):     scr 60000010
I/DEBUG   (  157): 
I/DEBUG   (  157): backtrace:
I/DEBUG   (  157):     #00  pc 0001860a  /system/lib/libc.so
I/DEBUG   (  157):     #01  pc 0000dd44  /system/lib/libc.so (abort+4)
I/DEBUG   (  157):     #02  pc 00000955  /system/lib/libnativehelper.so (jniRegisterNativeMethods+72)
I/DEBUG   (  157):     #03  pc 00048555  /system/lib/libandroid_runtime.so (android::AndroidRuntime::startReg(_JNIEnv*)+36)
I/DEBUG   (  157):     #04  pc 00048659  /system/lib/libandroid_runtime.so (android::AndroidRuntime::start(char const*, char const*)+208)
I/DEBUG   (  157):     #05  pc 00000e9b  /system/bin/app_process
I/DEBUG   (  157): 
I/DEBUG   (  157): stack:
I/DEBUG   (  157):          bec2d9a0  00baaf68  [heap]
I/DEBUG   (  157):          bec2d9a4  40aaf5e8  /dev/ashmem/dalvik-heap (deleted)
I/DEBUG   (  157):          bec2d9a8  00000000  
I/DEBUG   (  157):          bec2d9ac  00baaf68  [heap]
I/DEBUG   (  157):          bec2d9b0  40aaf5e8  /dev/ashmem/dalvik-heap (deleted)
I/DEBUG   (  157):          bec2d9b4  40056353  /system/lib/libc.so (free+14)
I/DEBUG   (  157):          bec2d9b8  00baaf68  [heap]
I/DEBUG   (  157):          bec2d9bc  40aaf5e8  /dev/ashmem/dalvik-heap (deleted)
I/DEBUG   (  157):          bec2d9c0  00000000  
I/DEBUG   (  157):          bec2d9c4  00000002  
I/DEBUG   (  157):          bec2d9c8  00baaf68  [heap]
I/DEBUG   (  157):          bec2d9cc  40054b75  /system/lib/libc.so (dlfree+56)
I/DEBUG   (  157):          bec2d9d0  40054b3d  /system/lib/libc.so (dlfree)
I/DEBUG   (  157):          bec2d9d4  00baaf68  [heap]
I/DEBUG   (  157):          bec2d9d8  df0027ad  
I/DEBUG   (  157):          bec2d9dc  00000000  
I/DEBUG   (  157):     #00  bec2d9e0  bec2d9fc  [stack]
I/DEBUG   (  157):          bec2d9e4  fffffbdf  
I/DEBUG   (  157):          bec2d9e8  00000000  
I/DEBUG   (  157):          bec2d9ec  40772b5d  /system/lib/libdvm.so
I/DEBUG   (  157):          bec2d9f0  00000000  
I/DEBUG   (  157):          bec2d9f4  554f6216  
I/DEBUG   (  157):          bec2d9f8  00b8e460  [heap]
I/DEBUG   (  157):          bec2d9fc  00b8e460  [heap]
I/DEBUG   (  157):          bec2da00  401dd44a  /system/lib/libandroid_runtime.so
I/DEBUG   (  157):          bec2da04  4004cd48  /system/lib/libc.so (__pthread_clone)
I/DEBUG   (  157):     #01  bec2da08  554f6216  
I/DEBUG   (  157):          bec2da0c  400ab959  /system/lib/libnativehelper.so (jniRegisterNativeMethods+76)
I/DEBUG   (  157):     #02  bec2da10  00b8e460  [heap]
I/DEBUG   (  157):          bec2da14  00000000  
I/DEBUG   (  157):          bec2da18  00b8e460  [heap]
I/DEBUG   (  157):          bec2da1c  00000000  
I/DEBUG   (  157):          bec2da20  401e2ed8  /system/lib/libandroid_runtime.so
I/DEBUG   (  157):          bec2da24  00008fa3  /system/bin/app_process
I/DEBUG   (  157):          bec2da28  00009003  /system/bin/app_process
I/DEBUG   (  157):          bec2da2c  40189557  /system/lib/libandroid_runtime.so (android::AndroidRuntime::startReg(_JNIEnv*)+38)
I/DEBUG   (  157): 
I/DEBUG   (  157): memory near r5:
I/DEBUG   (  157):     bec2d9c4 00000002 00baaf68 40054b75 40054b3d  ....h...uK.@=K.@
I/DEBUG   (  157):     bec2d9d4 00baaf68 df0027ad 00000000 bec2d9fc  h....'..........
I/DEBUG   (  157):     bec2d9e4 fffffbdf 00000000 40772b5d 00000000  ........]+w@....
I/DEBUG   (  157):     bec2d9f4 554f6216 00b8e460 00b8e460 401dd44a  .bOU`...`...J..@
I/DEBUG   (  157):     bec2da04 4004cd48 554f6216 400ab959 00b8e460  H..@.bOUY..@`...
I/DEBUG   (  157): 
I/DEBUG   (  157): memory near r6:
I/DEBUG   (  157):     401e2eb8 00000000 00000000 40188be1 40188c05  ...........@...@
I/DEBUG   (  157):     401e2ec8 401889f9 400b5909 401889f9 401889f9  ...@.Y.@...@...@
I/DEBUG   (  157):     401e2ed8 401ba7bd 40188bc9 401a023d 401a7b0d  ...@...@=..@.{.@
I/DEBUG   (  157):     401e2ee8 401a7e45 401a7fb9 401a37b9 401a5ac9  E~.@...@.7.@.Z.@
I/DEBUG   (  157):     401e2ef8 401a9409 401a97fd 401972d5 4019de81  ...@...@.r.@...@
I/DEBUG   (  157): 
I/DEBUG   (  157): memory near r8:
I/DEBUG   (  157):     401eb814 401dd33d 401ba425 401dd358 401ccdd4  =..@%..@X..@...@
I/DEBUG   (  157):     401eb824 401ba3f1 401dd36e 401cd2b2 401ba3bd  ...@n..@...@...@
I/DEBUG   (  157):     401eb834 401dd460 401dd466 401ba6e5 401dd480  `..@f..@...@...@
I/DEBUG   (  157):     401eb844 401d3749 401ba685 401d142d 401cd676  I7.@...@-..@v..@
I/DEBUG   (  157):     401eb854 401ba81b 401dd55b 401cd0dc 401ba821  ...@[..@...@!..@
I/DEBUG   (  157): 
I/DEBUG   (  157): memory near r9:
I/DEBUG   (  157):     401ec3f4 00000000 00000000 00000000 00000000  ................
I/DEBUG   (  157):     401ec404 00000000 00000000 00000000 00000000  ................
I/DEBUG   (  157):     401ec414 00b8ee78 bec2db00 00000000 00000000  x...............
I/DEBUG   (  157):     401ec424 00000000 00000000 00000000 00000000  ................
I/DEBUG   (  157):     401ec434 00000000 00000000 00000000 00000000  ................
I/DEBUG   (  157): 
I/DEBUG   (  157): memory near sl:
I/DEBUG   (  157):     00008f7c 20726964 72617473 6c632d74 2d737361  dir start-class-
I/DEBUG   (  157):     00008f8c 656d616e 706f5b20 6e6f6974 000a5d73  name [options]..
I/DEBUG   (  157):     00008f9c 6f67797a 73006574 74726174 7379732d  zygote.start-sys
I/DEBUG   (  157):     00008fac 2d6d6574 76726573 00007265 6c707061  tem-server..appl
I/DEBUG   (  157):     00008fbc 74616369 006e6f69 6c6f6f74 7a2d2d00  ication.tool.--z
I/DEBUG   (  157): 
I/DEBUG   (  157): memory near fp:
I/DEBUG   (  157):     00008fb0 76726573 00007265 6c707061 74616369  server..applicat
I/DEBUG   (  157):     00008fc0 006e6f69 6c6f6f74 7a2d2d00 746f6779  ion.tool.--zygot
I/DEBUG   (  157):     00008fd0 2d2d0065 72617473 79732d74 6d657473  e.--start-system
I/DEBUG   (  157):     00008fe0 7265732d 00726576 70612d2d 63696c70  -server.--applic
I/DEBUG   (  157):     00008ff0 6f697461 2d2d006e 6563696e 6d616e2d  ation.--nice-nam
I/DEBUG   (  157): 
I/DEBUG   (  157): memory near ip:
I/DEBUG   (  157):     400adfc0 00000000 40088b44 00000000 00000000  ....D..@........
I/DEBUG   (  157):     400adfd0 00000000 40061d41 4005b841 400e4489  ....A..@A..@.D.@
I/DEBUG   (  157):     400adfe0 4004cd40 40061d09 40059c41 400e4131  @..@...@A..@1A.@
I/DEBUG   (  157):     400adff0 40056345 4005652d 4005e065 4005e425  Ec.@-e.@e..@%..@
I/DEBUG   (  157):     400ae000 1d2000a6 4bc4ed18 4bc4ecc8 00000000  .. ....K...K....
I/DEBUG   (  157): 
I/DEBUG   (  157): memory near sp:
I/DEBUG   (  157):     bec2d9c0 00000000 00000002 00baaf68 40054b75  ........h...uK.@
I/DEBUG   (  157):     bec2d9d0 40054b3d 00baaf68 df0027ad 00000000  =K.@h....'......
I/DEBUG   (  157):     bec2d9e0 bec2d9fc fffffbdf 00000000 40772b5d  ............]+w@
I/DEBUG   (  157):     bec2d9f0 00000000 554f6216 00b8e460 00b8e460  .....bOU`...`...
I/DEBUG   (  157):     bec2da00 401dd44a 4004cd48 554f6216 400ab959  J..@H..@.bOUY..@
I/DEBUG   (  157): 
I/DEBUG   (  157): code around pc:
I/DEBUG   (  157):     400575e8 e000b164 6823461c d1fb2b00 68e3e026  d....F#h.+..&..h
I/DEBUG   (  157):     400575f8 4a17b123 447a2401 47986014 20274911  #..J.$zD.`.G.I' 
I/DEBUG   (  157):     40057608 70082400 eaccf7f4 f7f52106 a902ec08  .$.p.....!......
I/DEBUG   (  157):     40057618 f04f2006 460a5380 94029304 f7f49403  . O..S.F........
I/DEBUG   (  157):     40057628 4629efea 20024622 eff2f7f4 eab8f7f4  ..)F"F. ........
I/DEBUG   (  157): 
I/DEBUG   (  157): code around lr:
I/DEBUG   (  157):     400575c0 f46f4923 b5306084 4479b087 ad066809  #Io..`0...yD.h..
I/DEBUG   (  157):     400575d0 f8452200 20020d14 4629680c e81cf7f5  ."E.... .h)F....
I/DEBUG   (  157):     400575e0 447b4b1c b96b681b e000b164 6823461c  .K{D.hk.d....F#h
I/DEBUG   (  157):     400575f0 d1fb2b00 68e3e026 4a17b123 447a2401  .+..&..h#..J.$zD
I/DEBUG   (  157):     40057600 47986014 20274911 70082400 eaccf7f4  .`.G.I' .$.p....
I/DEBUG   (  157): 
I/DEBUG   (  157): memory map around fault addr deadbaad:
I/DEBUG   (  157):     bec0d000-bec2e000 [stack]
I/DEBUG   (  157):     (no map for address)
I/DEBUG   (  157):     ffff0000-ffff1000 [vectors]
I/ServiceManager(  153): service 'media.audio_flinger' died
I/ServiceManager(  153): service 'media.player' died
I/ServiceManager(  153): service 'media.camera' died
I/ServiceManager(  153): service 'media.audio_policy' died
I/Netd    ( 2298): Netd 1.0 starting
D/AndroidRuntime( 2299): 
D/AndroidRuntime( 2299): >>>>>> AndroidRuntime START com.android.internal.os.ZygoteInit <<<<<<
D/AndroidRuntime( 2299): CheckJNI is OFF
D/dalvikvm( 2299): DexOpt: incorrect opt magic number (0xff ff ff ff)
D/dalvikvm( 2299): ODEX file is stale or bad; removing and retrying (/data/dalvik-cache/system@framework@framework.jar@classes.dex)
I/mediaserver( 2300): ServiceManager: 0x166ed78
I/AudioFlinger( 2300): Using default 3000 mSec as standby time.
I/CameraService( 2300): CameraService started (pid=2300)
I/QualcommCameraHardware( 2300): getCameraInfo: IN
I/QualcommCameraHardware( 2300): getCameraInfo: loading libqcamera at 0x4009240c
I/QualcommCameraHardware( 2300): getCameraInfo: numOfCameras = 2
I/QualcommCameraHardware( 2300): Camera sensor 0 info:
I/QualcommCameraHardware( 2300): camera_id: 0
I/QualcommCameraHardware( 2300): modes_supported: 1
I/QualcommCameraHardware( 2300): position: 0
I/QualcommCameraHardware( 2300): sensor_mount_angle: 0
I/QualcommCameraHardware( 2300): Camera sensor 1 info:
I/QualcommCameraHardware( 2300): camera_id: 1
I/QualcommCameraHardware( 2300): modes_supported: 1
I/QualcommCameraHardware( 2300): position: 1
I/QualcommCameraHardware( 2300): sensor_mount_angle: 180
V/QualcommCameraHardware( 2300): getCameraInfo: dlclose(libqcamera)
I/QualcommCameraHardware( 2300): getCameraInfo: OUT
I/CameraHAL( 2300): camera_get_number_of_cameras: number:2
I/AudioPolicyManagerBase( 2300): loadAudioPolicyConfig() loaded /system/etc/audio_policy.conf
D/AudioHardware7x30( 2300): Could not open libhtc_acoustic.so
D/AudioHardware7x30( 2300): msm_mixer_open: Opening the device
D/AudioHardware7x30( 2300): msm_mixer_count:mixer_cnt =61
I/AudioHardware7x30( 2300): ******* name[0] = [handset_rx] *********
I/AudioHardware7x30( 2300): ******* name[1] = [handset_tx] *********
I/AudioHardware7x30( 2300): ******* name[2] = [speaker_rx] *********
I/AudioHardware7x30( 2300): ******* name[3] = [speaker_tx] *********
I/AudioHardware7x30( 2300): ******* name[4] = [headset_rx] *********
I/AudioHardware7x30( 2300): ******* name[5] = [headset_tx] *********
I/AudioHardware7x30( 2300): ******* name[6] = [bt_sco_rx] *********
I/AudioHardware7x30( 2300): ******* name[7] = [bt_sco_tx] *********
I/AudioHardware7x30( 2300): ******* name[8] = [bt_sco_nrec_rx] *********
I/AudioHardware7x30( 2300): ******* name[9] = [bt_sco_nrec_tx] *********
I/AudioHardware7x30( 2300): ******* name[10] = [hdmi_stereo_rx] *********
I/AudioHardware7x30( 2300): ******* name[11] = [aux_dock_rx] *********
I/AudioHardware7x30( 2300): ******* name[12] = [speaker_headset_rx] *********
I/AudioHardware7x30( 2300): ******* name[13] = [speaker_dock_rx] *********
I/AudioHardware7x30( 2300): ******* name[14] = [speaker_hdmi_rx] *********
I/AudioHardware7x30( 2300): ******* name[15] = [handset_call_rx] *********
I/AudioHardware7x30( 2300): ******* name[16] = [handset_call_tx] *********
I/AudioHardware7x30( 2300): ******* name[17] = [speaker_call_rx] *********
I/AudioHardware7x30( 2300): ******* name[18] = [speaker_call_tx] *********
I/AudioHardware7x30( 2300): ******* name[19] = [headset_call_rx] *********
I/AudioHardware7x30( 2300): ******* name[20] = [headset_call_tx] *********
I/AudioHardware7x30( 2300): ******* name[21] = [bt_sco_call_rx] *********
I/AudioHardware7x30( 2300): ******* name[22] = [bt_sco_call_tx] *********
I/AudioHardware7x30( 2300): ******* name[23] = [bt_sco_nrec_call_rx] *********
I/AudioHardware7x30( 2300): ******* name[24] = [bt_sco_nrec_call_tx] *********
I/AudioHardware7x30( 2300): ******* name[25] = [tty_headset_mono_call_rx] *********
I/AudioHardware7x30( 2300): ******* name[26] = [tty_headset_mono_call_tx] *********
I/AudioHardware7x30( 2300): ******* name[27] = [dualmic_handset_call_tx] *********
I/AudioHardware7x30( 2300): ******* name[28] = [handset_fmradio_rx] *********
I/AudioHardware7x30( 2300): ******* name[29] = [headset_fmradio_rx] *********
I/AudioHardware7x30( 2300): ******* name[30] = [headset_fmradio_tx] *********
I/AudioHardware7x30( 2300): ******* name[31] = [speaker_fmradio_rx] *********
I/AudioHardware7x30( 2300): ******* name[32] = [speaker_voice_dialer_tx] *********
I/AudioHardware7x30( 2300): ******* name[33] = [headset_voice_dialer_tx] *********
I/AudioHardware7x30( 2300): ******* name[34] = [bt_sco_voice_dialer_tx] *********
I/AudioHardware7x30( 2300): ******* name[35] = [bt_sco_nrec_voice_dialer_tx] *********
I/AudioHardware7x30( 2300): ******* name[36] = [speaker_voice_search_tx] *********
I/AudioHardware7x30( 2300): ******* name[37] = [headset_voice_search_tx] *********
I/AudioHardware7x30( 2300): ******* name[38] = [headset_fmradio_only_rx] *********
I/AudioHardware7x30( 2300): ******* name[39] = [speaker_fmradio_only_rx] *********
I/AudioHardware7x30( 2300): ******* name[40] = [handset_voip_rx] *********
I/AudioHardware7x30( 2300): ******* name[41] = [handset_voip_tx] *********
I/AudioHardware7x30( 2300): ******* name[42] = [speaker_voip_rx] *********
I/AudioHardware7x30( 2300): ******* name[43] = [speaker_voip_tx] *********
I/AudioHardware7x30( 2300): ******* name[44] = [headset_voip_rx] *********
I/AudioHardware7x30( 2300): ******* name[45] = [headset_voip_tx] *********
I/AudioHardware7x30( 2300): ******* name[46] = [bt_sco_voip_rx] *********
I/AudioHardware7x30( 2300): ******* name[47] = [bt_sco_voip_tx] *********
I/AudioFlinger( 2300): loadHwModule() Loaded primary audio interface from QCOM Audio HW HAL (audio) handle 1
D/AudioHardware7x30( 2300): AudioHardware::openOutputStream devices 2 format 1 channels 3 samplerate 44100
I/AudioFlinger( 2300): HAL output buffer size 1200 frames, normal mix buffer size 1200 frames
I/AudioMixer( 2300): found effect "Multichannel Downmix To Stereo" from The Android Open Source Project
I/AudioFlinger( 2300): AudioFlinger's thread 0x1676fa8 ready to run
W/AudioFlinger( 2300): Thread AudioOut_2 cannot connect to the power manager service
D/AudioHardware7x30( 2300): AudioStreamOutMSM7x30::standby()
I/AudioFlinger( 2300): Using module 1 has the primary audio interface
D/AudioHardwareInterface( 2300): setMode(NORMAL)
I/AudioHardware7x30( 2300): Set master volume to 7.
W/AudioFlinger( 2300): Thread AudioOut_2 cannot connect to the power manager service
I/AudioHardware7x30( 2300): Routing audio to Speakerphone
D/AudioHardware7x30( 2300): new_rx = 2
D/AudioHardware7x30( 2300): new_tx = 3
E/AudioHardware7x30( 2300): updateDeviceInfo: E rx_device 2 and tx_device 3
D/AudioHardware7x30( 2300): No active voicecall/playback, disabling cur_rx 65535
D/AudioHardware7x30( 2300): No active voicecall/recording, disabling cur_tx 65535
E/AudioHardware7x30( 2300): updateDeviceInfo: X cur_rx 2 cur_tx 3
D/AudioHardware7x30( 2300): setVoiceVolume(0.000000)
I/AudioHardware7x30( 2300): Setting in-call volume to 0 (available range is 0 to 100)
E/AudioHardware7x30( 2300): msm_set_voice_rx_vol(0) failed errno = 1
I/AudioFlinger( 2300): loadHwModule() Loaded a2dp audio interface from A2DP Audio HW HAL (audio) handle 3
I/AudioPolicyService( 2300): Loaded audio policy from QCOM Audio Policy HAL (audio_policy)
E/BandwidthController( 2298): runIptablesCmd(): failed /system/bin/iptables -t raw -N bw_raw_PREROUTING res=256
E/BandwidthController( 2298): runIptablesCmd(): failed /system/bin/ip6tables -t raw -N bw_raw_PREROUTING res=256
D/dalvikvm( 2299): DexOpt: --- BEGIN 'framework.jar' (bootstrap=1) ---
E/dalvikvm( 2408): Out-of-order field_idx: 0x223c then 0x223c
E/dalvikvm( 2408): Trouble with item 2129 @ offset 0x4a04e4
E/dalvikvm( 2408): Swap of section type 2006 failed
E/dalvikvm( 2408): ERROR: Byte swap + verify failed
E/dalvikvm( 2408): Optimization failed
W/dalvikvm( 2299): DexOpt: --- END 'framework.jar' --- status=0xff00, process failed
E/dalvikvm( 2299): Unable to extract+optimize DEX from '/system/framework/framework.jar'
D/dalvikvm( 2299): Unable to process classpath element '/system/framework/framework.jar'
D/dalvikvm( 2299): Unable to stat classpath element '/system/framework/framework2.jar'
D/dalvikvm( 2299): DexOpt: incorrect opt magic number (0xff ff ff ff)
D/dalvikvm( 2299): ODEX file is stale or bad; removing and retrying (/data/dalvik-cache/system@framework@services.jar@classes.dex)
D/MDnsDS  ( 2298): MDnsSdListener starting to monitor
D/MDnsDS  ( 2298): Going to poll with pollCount 1
D/MDnsDS  ( 2298): MDnsSdListener::Hander starting up
D/dalvikvm( 2299): DexOpt: --- BEGIN 'services.jar' (bootstrap=1) ---
E/dalvikvm( 2429): Out-of-order method_idx: 0x21ba then 0x21ba
E/dalvikvm( 2429): Trouble with item 554 @ offset 0x146aac
E/dalvikvm( 2429): Swap of section type 2006 failed
E/dalvikvm( 2429): ERROR: Byte swap + verify failed
E/dalvikvm( 2429): Optimization failed
W/dalvikvm( 2299): DexOpt: --- END 'services.jar' --- status=0xff00, process failed
E/dalvikvm( 2299): Unable to extract+optimize DEX from '/system/framework/services.jar'
D/dalvikvm( 2299): Unable to process classpath element '/system/framework/services.jar'
D/dalvikvm( 2299): Trying to load lib libjavacore.so 0x0
D/dalvikvm( 2299): Added shared lib libjavacore.so 0x0
D/dalvikvm( 2299): Trying to load lib libnativehelper.so 0x0
D/dalvikvm( 2299): Added shared lib libnativehelper.so 0x0
E/JNIHelp ( 2299): Native registration unable to find class 'android/debug/JNITest', aborting
F/libc    ( 2299): Fatal signal 11 (SIGSEGV) at 0xdeadbaad (code=1), thread 2299 (zygote)
I/DEBUG   (  157): *** *** *** *** *** *** *** *** *** *** *** *** *** *** *** ***
I/DEBUG   (  157): Build fingerprint: 'samsung/GT-I8150/GT-I8150:2.3.6/GINGERBREAD/XXLMD:user/release-keys'
I/DEBUG   (  157): pid: 2299, tid: 2299, name: zygote  >>> zygote <<<
I/DEBUG   (  157): signal 11 (SIGSEGV), code 1 (SEGV_MAPERR), fault addr deadbaad
I/DEBUG   (  157):     r0 00000027  r1 deadbaad  r2 00000000  r3 00000000
I/DEBUG   (  157):     r4 00000000  r5 beea19e4  r6 401eded8  r7 00000002
I/DEBUG   (  157):     r8 401f6834  r9 401f7414  sl 00008f9c  fp 00008fd2
I/DEBUG   (  157):     ip 403cafe0  sp beea19e0  lr 400d55e1  pc 400d560a  cpsr 600b0030
I/DEBUG   (  157):     d0  722065766974614e  d1  7461727473696765
I/DEBUG   (  157):     d2  62616e75206e6f69  d3  6966206f7420656c
I/DEBUG   (  157):     d4  0000d4cc0000d4b1  d5  0000d4e80000d4cd
I/DEBUG   (  157):     d6  0000d5040000d4e9  d7  0000d5200000d505
I/DEBUG   (  157):     d8  0000000000000000  d9  0000000000000000
I/DEBUG   (  157):     d10 0000000000000000  d11 0000000000000000
I/DEBUG   (  157):     d12 0000000000000000  d13 0000000000000000
I/DEBUG   (  157):     d14 0000000000000000  d15 0000000000000000
I/DEBUG   (  157):     d16 2f64696f72646e61  d17 4e4a2f6775626564
I/DEBUG   (  157):     d18 0000d5740000d559  d19 0000d5900000d575
I/DEBUG   (  157):     d20 0000d5ac0000d591  d21 0000d5c80000d5ad
I/DEBUG   (  157):     d22 0000d5e40000d5c9  d23 0000d6000000d5e5
I/DEBUG   (  157):     d24 0000000000000000  d25 0000000000000000
I/DEBUG   (  157):     d26 0000000000000000  d27 0000000000000000
I/DEBUG   (  157):     d28 0000000000000000  d29 0000000000000000
I/DEBUG   (  157):     d30 0000000000000000  d31 0000000000000000
I/DEBUG   (  157):     scr 60000010
I/DEBUG   (  157): 
I/DEBUG   (  157): backtrace:
I/DEBUG   (  157):     #00  pc 0001860a  /system/lib/libc.so
I/DEBUG   (  157):     #01  pc 0000dd44  /system/lib/libc.so (abort+4)
I/DEBUG   (  157):     #02  pc 00000955  /system/lib/libnativehelper.so (jniRegisterNativeMethods+72)
I/DEBUG   (  157):     #03  pc 00048555  /system/lib/libandroid_runtime.so (android::AndroidRuntime::startReg(_JNIEnv*)+36)
I/DEBUG   (  157):     #04  pc 00048659  /system/lib/libandroid_runtime.so (android::AndroidRuntime::start(char const*, char const*)+208)
I/DEBUG   (  157):     #05  pc 00000e9b  /system/bin/app_process
I/DEBUG   (  157): 
I/DEBUG   (  157): stack:
I/DEBUG   (  157):          beea19a0  016d5f68  [heap]
I/DEBUG   (  157):          beea19a4  40b8b5e8  /dev/ashmem/dalvik-heap (deleted)
I/DEBUG   (  157):          beea19a8  00000000  
I/DEBUG   (  157):          beea19ac  016d5f68  [heap]
I/DEBUG   (  157):          beea19b0  40b8b5e8  /dev/ashmem/dalvik-heap (deleted)
I/DEBUG   (  157):          beea19b4  400d4353  /system/lib/libc.so (free+14)
I/DEBUG   (  157):          beea19b8  016d5f68  [heap]
I/DEBUG   (  157):          beea19bc  40b8b5e8  /dev/ashmem/dalvik-heap (deleted)
I/DEBUG   (  157):          beea19c0  00000000  
I/DEBUG   (  157):          beea19c4  00000002  
I/DEBUG   (  157):          beea19c8  016d5f68  [heap]
I/DEBUG   (  157):          beea19cc  400d2b75  /system/lib/libc.so (dlfree+56)
I/DEBUG   (  157):          beea19d0  400d2b3d  /system/lib/libc.so (dlfree)
I/DEBUG   (  157):          beea19d4  016d5f68  [heap]
I/DEBUG   (  157):          beea19d8  df0027ad  
I/DEBUG   (  157):          beea19dc  00000000  
I/DEBUG   (  157):     #00  beea19e0  beea19fc  [stack]
I/DEBUG   (  157):          beea19e4  fffffbdf  
I/DEBUG   (  157):          beea19e8  00000000  
I/DEBUG   (  157):          beea19ec  40767b5d  /system/lib/libdvm.so
I/DEBUG   (  157):          beea19f0  00000000  
I/DEBUG   (  157):          beea19f4  ec7dc75b  
I/DEBUG   (  157):          beea19f8  016b9460  [heap]
I/DEBUG   (  157):          beea19fc  016b9460  [heap]
I/DEBUG   (  157):          beea1a00  401e844a  /system/lib/libandroid_runtime.so
I/DEBUG   (  157):          beea1a04  400cad48  /system/lib/libc.so (__pthread_clone)
I/DEBUG   (  157):     #01  beea1a08  ec7dc75b  
I/DEBUG   (  157):          beea1a0c  403c8959  /system/lib/libnativehelper.so (jniRegisterNativeMethods+76)
I/DEBUG   (  157):     #02  beea1a10  016b9460  [heap]
I/DEBUG   (  157):          beea1a14  00000000  
I/DEBUG   (  157):          beea1a18  016b9460  [heap]
I/DEBUG   (  157):          beea1a1c  00000000  
I/DEBUG   (  157):          beea1a20  401eded8  /system/lib/libandroid_runtime.so
I/DEBUG   (  157):          beea1a24  00008fa3  /system/bin/app_process
I/DEBUG   (  157):          beea1a28  00009003  /system/bin/app_process
I/DEBUG   (  157):          beea1a2c  40194557  /system/lib/libandroid_runtime.so (android::AndroidRuntime::startReg(_JNIEnv*)+38)
I/DEBUG   (  157): 
I/DEBUG   (  157): memory near r5:
I/DEBUG   (  157):     beea19c4 00000002 016d5f68 400d2b75 400d2b3d  ....h_m.u+.@=+.@
I/DEBUG   (  157):     beea19d4 016d5f68 df0027ad 00000000 beea19fc  h_m..'..........
I/DEBUG   (  157):     beea19e4 fffffbdf 00000000 40767b5d 00000000  ........]{v@....
I/DEBUG   (  157):     beea19f4 ec7dc75b 016b9460 016b9460 401e844a  [.}.`.k.`.k.J..@
I/DEBUG   (  157):     beea1a04 400cad48 ec7dc75b 403c8959 016b9460  H..@[.}.Y.<@`.k.
I/DEBUG   (  157): 
I/DEBUG   (  157): memory near r6:
I/DEBUG   (  157):     401edeb8 00000000 00000000 40193be1 40193c05  .........;.@.<.@
I/DEBUG   (  157):     401edec8 401939f9 4002d909 401939f9 401939f9  .9.@...@.9.@.9.@
I/DEBUG   (  157):     401eded8 401c57bd 40193bc9 401ab23d 401b2b0d  .W.@.;.@=..@.+.@
I/DEBUG   (  157):     401edee8 401b2e45 401b2fb9 401ae7b9 401b0ac9  E..@./.@...@...@
I/DEBUG   (  157):     401edef8 401b4409 401b47fd 401a22d5 401a8e81  .D.@.G.@.".@...@
I/DEBUG   (  157): 
I/DEBUG   (  157): memory near r8:
I/DEBUG   (  157):     401f6814 401e833d 401c5425 401e8358 401d7dd4  =..@%T.@X..@.}.@
I/DEBUG   (  157):     401f6824 401c53f1 401e836e 401d82b2 401c53bd  .S.@n..@...@.S.@
I/DEBUG   (  157):     401f6834 401e8460 401e8466 401c56e5 401e8480  `..@f..@.V.@...@
I/DEBUG   (  157):     401f6844 401de749 401c5685 401dc42d 401d8676  I..@.V.@-..@v..@
I/DEBUG   (  157):     401f6854 401c581b 401e855b 401d80dc 401c5821  .X.@[..@...@!X.@
I/DEBUG   (  157): 
I/DEBUG   (  157): memory near r9:
I/DEBUG   (  157):     401f73f4 00000000 00000000 00000000 00000000  ................
I/DEBUG   (  157):     401f7404 00000000 00000000 00000000 00000000  ................
I/DEBUG   (  157):     401f7414 016b9e78 beea1b00 00000000 00000000  x.k.............
I/DEBUG   (  157):     401f7424 00000000 00000000 00000000 00000000  ................
I/DEBUG   (  157):     401f7434 00000000 00000000 00000000 00000000  ................
I/DEBUG   (  157): 
I/DEBUG   (  157): memory near sl:
I/DEBUG   (  157):     00008f7c 20726964 72617473 6c632d74 2d737361  dir start-class-
