--------- beginning of /dev/log/main
I/cm      (  143): Welcome to Android 4.1.2 / CyanogenMod-10-20130605-UNOFFICIAL-ancora 
I/cm      (  144):                                                 _  
I/cm      (  148):  __ __ _ ___  _ _  __  ___  __ _ _  _  _  __  __)) 
I/cm      (  149): ((_ \(/'((_( ((\( ((_)((_( (('((\( ((`1( ((_)((_(  
I/cm      (  150):      ))                 _)) 
I/cm      (  151):   
I/rmt_storage(  167): rmt_storage user app start.. ignoring cmd line parameters
I/rmt_storage(  167): rmt_storage open success
I/DEBUG   (  157): debuggerd: Apr 15 2013 00:01:57
I/rmt_storage(  167): 3 supported partitions found
--------- beginning of /dev/log/system
I/Vold    (  154): Vold 2.1 (the revenge) firing up
D/Vold    (  154): Volume sdcard state changing -1 (Initializing) -> 0 (No-Media)
D/Vold    (  154): Volume external_sd state changing -1 (Initializing) -> 0 (No-Media)
D/Vold    (  154): Volume usbdisk state changing -1 (Initializing) -> 0 (No-Media)
I/Netd    (  156): Netd 1.0 starting
D/Vold    (  154): Volume sdcard state changing 0 (No-Media) -> 2 (Pending)
D/DirectVolume(  154): DirectVolume::handlePartitionAdded -> MAJOR 179, MINOR 1, PARTN 1
D/DirectVolume(  154): DirectVolume::handlePartitionAdded -> MAJOR 179, MINOR 2, PARTN 2
D/DirectVolume(  154): DirectVolume::handlePartitionAdded -> MAJOR 179, MINOR 3, PARTN 3
D/DirectVolume(  154): DirectVolume::handlePartitionAdded -> MAJOR 179, MINOR 4, PARTN 4
D/DirectVolume(  154): DirectVolume::handlePartitionAdded -> MAJOR 179, MINOR 5, PARTN 5
D/DirectVolume(  154): DirectVolume::handlePartitionAdded -> MAJOR 179, MINOR 6, PARTN 6
D/DirectVolume(  154): DirectVolume::handlePartitionAdded -> MAJOR 179, MINOR 7, PARTN 7
D/Vold    (  154): Volume sdcard state changing 2 (Pending) -> 1 (Idle-Unmounted)
D/DirectVolume(  154): DirectVolume::handlePartitionAdded -> MAJOR 179, MINOR 8, PARTN 8
W/Vold    (  154): Duplicate state (1)
D/DirectVolume(  154): DirectVolume::handlePartitionAdded -> MAJOR 179, MINOR 9, PARTN 9
W/Vold    (  154): Duplicate state (1)
D/DirectVolume(  154): DirectVolume::handlePartitionAdded -> MAJOR 179, MINOR 10, PARTN 10
W/Vold    (  154): Duplicate state (1)
D/DirectVolume(  154): DirectVolume::handlePartitionAdded -> MAJOR 179, MINOR 11, PARTN 11
W/Vold    (  154): Duplicate state (1)
D/DirectVolume(  154): DirectVolume::handlePartitionAdded -> MAJOR 179, MINOR 12, PARTN 12
W/Vold    (  154): Duplicate state (1)
D/DirectVolume(  154): DirectVolume::handlePartitionAdded -> MAJOR 179, MINOR 13, PARTN 13
W/Vold    (  154): Duplicate state (1)
D/DirectVolume(  154): DirectVolume::handlePartitionAdded -> MAJOR 179, MINOR 14, PARTN 14
W/Vold    (  154): Duplicate state (1)
D/DirectVolume(  154): DirectVolume::handlePartitionAdded -> MAJOR 179, MINOR 15, PARTN 15
W/Vold    (  154): Duplicate state (1)
D/DirectVolume(  154): DirectVolume::handlePartitionAdded -> MAJOR 179, MINOR 16, PARTN 16
W/Vold    (  154): Duplicate state (1)
D/DirectVolume(  154): DirectVolume::handlePartitionAdded -> MAJOR 179, MINOR 17, PARTN 17
W/Vold    (  154): Duplicate state (1)
D/DirectVolume(  154): DirectVolume::handlePartitionAdded -> MAJOR 179, MINOR 18, PARTN 18
W/Vold    (  154): Duplicate state (1)
D/DirectVolume(  154): DirectVolume::handlePartitionAdded -> MAJOR 179, MINOR 19, PARTN 19
W/Vold    (  154): Duplicate state (1)
D/DirectVolume(  154): DirectVolume::handlePartitionAdded -> MAJOR 179, MINOR 20, PARTN 20
W/Vold    (  154): Duplicate state (1)
D/DirectVolume(  154): DirectVolume::handlePartitionAdded -> MAJOR 179, MINOR 21, PARTN 21
W/Vold    (  154): Duplicate state (1)
D/DirectVolume(  154): DirectVolume::handlePartitionAdded -> MAJOR 179, MINOR 22, PARTN 22
W/Vold    (  154): Duplicate state (1)
D/DirectVolume(  154): DirectVolume::handlePartitionAdded -> MAJOR 179, MINOR 23, PARTN 23
W/Vold    (  154): Duplicate state (1)
D/DirectVolume(  154): DirectVolume::handlePartitionAdded -> MAJOR 179, MINOR 24, PARTN 24
W/Vold    (  154): Duplicate state (1)
D/DirectVolume(  154): DirectVolume::handlePartitionAdded -> MAJOR 179, MINOR 25, PARTN 25
W/Vold    (  154): Duplicate state (1)
D/DirectVolume(  154): DirectVolume::handlePartitionAdded -> MAJOR 179, MINOR 26, PARTN 26
W/Vold    (  154): Duplicate state (1)
D/DirectVolume(  154): DirectVolume::handlePartitionAdded -> MAJOR 179, MINOR 27, PARTN 27
W/Vold    (  154): Duplicate state (1)
D/DirectVolume(  154): DirectVolume::handlePartitionAdded -> MAJOR 179, MINOR 28, PARTN 28
W/Vold    (  154): Duplicate state (1)
W/Vold    (  154): Duplicate state (1)
W/Vold    (  154): Duplicate state (1)
D/Vold    (  154): Volume external_sd state changing 0 (No-Media) -> 2 (Pending)
D/DirectVolume(  154): DirectVolume::handlePartitionAdded -> MAJOR 179, MINOR 97, PARTN 1
D/Vold    (  154): Volume external_sd state changing 2 (Pending) -> 1 (Idle-Unmounted)
D/AndroidRuntime(  160): 
D/AndroidRuntime(  160): >>>>>> AndroidRuntime START com.android.internal.os.ZygoteInit <<<<<<
D/AndroidRuntime(  160): CheckJNI is OFF
I/SurfaceFlinger(  159): SurfaceFlinger is starting
I/SurfaceFlinger(  159): use dithering
I/SurfaceFlinger(  159): SurfaceFlinger's main thread ready to run. Initializing graphics H/W...
I/gralloc (  159): using (fd=12)
I/gralloc (  159): id           = msmfb40_30001
I/gralloc (  159): xres         = 480 px
I/gralloc (  159): yres         = 800 px
I/gralloc (  159): xres_virtual = 480 px
I/gralloc (  159): yres_virtual = 2400 px
I/gralloc (  159): bpp          = 32
I/gralloc (  159): r            = 24:8
I/gralloc (  159): g            = 16:8
I/gralloc (  159): b            =  8:8
I/gralloc (  159): width        = 76 mm (160.421051 dpi)
I/gralloc (  159): height       = 127 mm (160.000000 dpi)
I/gralloc (  159): refresh rate = 0.00 Hz
D/CALCFPS (  159): DEBUG_CALC_FPS: 0
D/CALCFPS (  159): period: 10
D/CALCFPS (  159): ignorethresh_us: 500000
D/CALCFPS (  159): DEBUG_CALC_FPS: 0
D/CALCFPS (  159): period: 10
D/CALCFPS (  159): ignorethresh_us: 500000
D/libEGL  (  159): loaded /system/lib/egl/libEGL_adreno200.so
D/libEGL  (  159): loaded /system/lib/egl/libGLESv1_CM_adreno200.so
D/libEGL  (  159): loaded /system/lib/egl/libGLESv2_adreno200.so
I/Adreno200-EGL(  159): <qeglDrvAPI_eglInitialize:294>: EGL 1.4 QUALCOMM build: AU_LINUX_ANDROID_JB.04.01.01.00.036_msm8960_JB_CL2644550_release_AU (CL2644550)
I/Adreno200-EGL(  159): Build Date: 07/31/12 Tue
I/Adreno200-EGL(  159): Local Branch: 
I/Adreno200-EGL(  159): Remote Branch: quic/master
I/Adreno200-EGL(  159): Local Patches: NONE
I/Adreno200-EGL(  159): Reconstruct Branch: AU_LINUX_ANDROID_JB.04.01.01.00.036 +  NOTHING
D/dalvikvm(  160): DexOpt: --- BEGIN 'core.jar' (bootstrap=1) ---
I/mediaserver(  162): ServiceManager: 0x1823d78
I/AudioFlinger(  162): Using default 3000 mSec as standby time.
I/CameraService(  162): CameraService started (pid=162)
D/MDnsDS  (  156): MDnsSdListener::Hander starting up
D/MDnsDS  (  156): MDnsSdListener starting to monitor
D/MDnsDS  (  156): Going to poll with pollCount 1
I/SurfaceFlinger(  159): EGL informations:
I/SurfaceFlinger(  159): # of configs : 36
I/SurfaceFlinger(  159): vendor    : Android
I/SurfaceFlinger(  159): version   : 1.4 Android META-EGL
I/SurfaceFlinger(  159): extensions: EGL_KHR_image EGL_KHR_image_base EGL_KHR_gl_texture_2D_image EGL_KHR_gl_texture_cubemap_image EGL_KHR_gl_renderbuffer_image EGL_KHR_fence_sync EGL_ANDROID_image_native_buffer 
I/SurfaceFlinger(  159): Client API: OpenGL_ES
I/SurfaceFlinger(  159): EGLSurface: 8-8-8-8, config=0x4
I/SurfaceFlinger(  159): OpenGL informations:
I/SurfaceFlinger(  159): vendor    : Qualcomm
I/SurfaceFlinger(  159): renderer  : Adreno (TM) 205
I/SurfaceFlinger(  159): version   : OpenGL ES-CM 1.1
I/SurfaceFlinger(  159): extensions: GL_EXT_debug_marker GL_AMD_compressed_ATC_texture GL_AMD_performance_monitor GL_APPLE_texture_2D_limited_npot GL_ARB_vertex_buffer_object GL_EXT_texture_filter_anisotropic GL_EXT_texture_format_BGRA8888 GL_EXT_texture_type_2_10_10_10_REV GL_OES_blend_equation_separate GL_OES_blend_func_separate GL_OES_blend_subtract GL_OES_compressed_ETC1_RGB8_texture GL_OES_compressed_paletted_texture GL_OES_depth_texture GL_OES_depth24 GL_OES_draw_texture GL_OES_EGL_image GL_OES_EGL_image_external GL_OES_framebuffer_object GL_OES_matrix_palette GL_OES_packed_depth_stencil GL_OES_point_size_array GL_OES_point_sprite GL_OES_read_format GL_OES_rgb8_rgba8 GL_OES_stencil_wrap GL_OES_texture_cube_map GL_OES_texture_env_crossbar GL_OES_texture_float GL_OES_texture_half_float GL_OES_texture_half_float_linear GL_OES_texture_npot GL_OES_texture_mirrored_repeat GL_QCOM_binning_control GL_QCOM_extended_get GL_QCOM_tiled_rendering GL_AMD_compressed_3DC_texture 
I/SurfaceFlinger(  159): GL_MAX_TEXTURE_SIZE = 4096
I/SurfaceFlinger(  159): GL_MAX_VIEWPORT_DIMS = 4096 x 4096
I/SurfaceFlinger(  159): flags = 00000000
D/overlay (  159): initoverlay:: opening the device:: /dev/graphics/fb0
D/overlay (  159): initoverlay:: opening the device:: /dev/graphics/fb1
I/Adreno200-C2D(  159): <c2d_wrapper_init:126>: C2D2 initializing z180 version: libc2d2_z180.so
I/Adreno200-C2D(  159): <c2d_wrapper_init:183>: C2D2 wrapper initialized successfully
I/hwcomposer(  159): Initializing Qualcomm Hardware Composer
I/hwcomposer(  159): MDP version: 400
I/hwcomposer(  159): DYN composition threshold : 2.000000
I/hwcomposer(  159): hwc_device_open: Hardware VSYNC supported
I/hwcomposer(  159): Initializing UEvent Listener Thread
I/hwcomposer(  159): Initializing VSYNC Thread
I/SurfaceFlinger(  159): EventThread ready to run.
I/QualcommCameraHardware(  162): getCameraInfo: IN
D/libEGL  (  328): loaded /system/lib/egl/libEGL_adreno200.so
D/libEGL  (  328): loaded /system/lib/egl/libGLESv1_CM_adreno200.so
D/libEGL  (  328): loaded /system/lib/egl/libGLESv2_adreno200.so
I/Adreno200-EGL(  328): <qeglDrvAPI_eglInitialize:294>: EGL 1.4 QUALCOMM build: AU_LINUX_ANDROID_JB.04.01.01.00.036_msm8960_JB_CL2644550_release_AU (CL2644550)
I/Adreno200-EGL(  328): Build Date: 07/31/12 Tue
I/Adreno200-EGL(  328): Local Branch: 
I/Adreno200-EGL(  328): Remote Branch: quic/master
I/Adreno200-EGL(  328): Local Patches: NONE
I/Adreno200-EGL(  328): Reconstruct Branch: AU_LINUX_ANDROID_JB.04.01.01.00.036 +  NOTHING
I/QualcommCameraHardware(  162): getCameraInfo: loading libqcamera at 0x4005140c
I/QualcommCameraHardware(  162): getCameraInfo: numOfCameras = 2
I/QualcommCameraHardware(  162): Camera sensor 0 info:
I/QualcommCameraHardware(  162): camera_id: 0
I/QualcommCameraHardware(  162): modes_supported: 1
I/QualcommCameraHardware(  162): position: 0
I/QualcommCameraHardware(  162): sensor_mount_angle: 0
I/QualcommCameraHardware(  162): Camera sensor 1 info:
I/QualcommCameraHardware(  162): camera_id: 1
I/QualcommCameraHardware(  162): modes_supported: 1
I/QualcommCameraHardware(  162): position: 1
I/QualcommCameraHardware(  162): sensor_mount_angle: 180
V/QualcommCameraHardware(  162): getCameraInfo: dlclose(libqcamera)
I/QualcommCameraHardware(  162): getCameraInfo: OUT
I/CameraHAL(  162): camera_get_number_of_cameras: number:2
E/memalloc(  159): /dev/pmem: Failed to open pmem device: No such file or directory
E/memalloc(  159): /dev/pmem: failed to initialize pmem area
W/memalloc(  159): Falling back to ashmem
I/AudioPolicyManagerBase(  162): loadAudioPolicyConfig() loaded /system/etc/audio_policy.conf
D/AudioHardware7x30(  162): Could not open libhtc_acoustic.so
D/AudioHardware7x30(  162): msm_mixer_open: Opening the device
D/AudioHardware7x30(  162): msm_mixer_count:mixer_cnt =61
I/AudioHardware7x30(  162): ******* name[0] = [handset_rx] *********
I/AudioHardware7x30(  162): ******* name[1] = [handset_tx] *********
I/AudioHardware7x30(  162): ******* name[2] = [speaker_rx] *********
I/AudioHardware7x30(  162): ******* name[3] = [speaker_tx] *********
I/AudioHardware7x30(  162): ******* name[4] = [headset_rx] *********
I/AudioHardware7x30(  162): ******* name[5] = [headset_tx] *********
I/AudioHardware7x30(  162): ******* name[6] = [bt_sco_rx] *********
I/AudioHardware7x30(  162): ******* name[7] = [bt_sco_tx] *********
I/AudioHardware7x30(  162): ******* name[8] = [bt_sco_nrec_rx] *********
I/AudioHardware7x30(  162): ******* name[9] = [bt_sco_nrec_tx] *********
I/AudioHardware7x30(  162): ******* name[10] = [hdmi_stereo_rx] *********
I/AudioHardware7x30(  162): ******* name[11] = [aux_dock_rx] *********
I/AudioHardware7x30(  162): ******* name[12] = [speaker_headset_rx] *********
I/AudioHardware7x30(  162): ******* name[13] = [speaker_dock_rx] *********
I/AudioHardware7x30(  162): ******* name[14] = [speaker_hdmi_rx] *********
I/AudioHardware7x30(  162): ******* name[15] = [handset_call_rx] *********
I/AudioHardware7x30(  162): ******* name[16] = [handset_call_tx] *********
I/AudioHardware7x30(  162): ******* name[17] = [speaker_call_rx] *********
I/AudioHardware7x30(  162): ******* name[18] = [speaker_call_tx] *********
I/AudioHardware7x30(  162): ******* name[19] = [headset_call_rx] *********
I/AudioHardware7x30(  162): ******* name[20] = [headset_call_tx] *********
I/AudioHardware7x30(  162): ******* name[21] = [bt_sco_call_rx] *********
I/AudioHardware7x30(  162): ******* name[22] = [bt_sco_call_tx] *********
I/AudioHardware7x30(  162): ******* name[23] = [bt_sco_nrec_call_rx] *********
I/AudioHardware7x30(  162): ******* name[24] = [bt_sco_nrec_call_tx] *********
I/AudioHardware7x30(  162): ******* name[25] = [tty_headset_mono_call_rx] *********
I/AudioHardware7x30(  162): ******* name[26] = [tty_headset_mono_call_tx] *********
I/AudioHardware7x30(  162): ******* name[27] = [dualmic_handset_call_tx] *********
I/AudioHardware7x30(  162): ******* name[28] = [handset_fmradio_rx] *********
I/AudioHardware7x30(  162): ******* name[29] = [headset_fmradio_rx] *********
I/AudioHardware7x30(  162): ******* name[30] = [headset_fmradio_tx] *********
I/AudioHardware7x30(  162): ******* name[31] = [speaker_fmradio_rx] *********
I/AudioHardware7x30(  162): ******* name[32] = [speaker_voice_dialer_tx] *********
I/AudioHardware7x30(  162): ******* name[33] = [headset_voice_dialer_tx] *********
I/AudioHardware7x30(  162): ******* name[34] = [bt_sco_voice_dialer_tx] *********
I/AudioHardware7x30(  162): ******* name[35] = [bt_sco_nrec_voice_dialer_tx] *********
I/AudioHardware7x30(  162): ******* name[36] = [speaker_voice_search_tx] *********
I/AudioHardware7x30(  162): ******* name[37] = [headset_voice_search_tx] *********
I/AudioHardware7x30(  162): ******* name[38] = [headset_fmradio_only_rx] *********
I/AudioHardware7x30(  162): ******* name[39] = [speaker_fmradio_only_rx] *********
I/AudioHardware7x30(  162): ******* name[40] = [handset_voip_rx] *********
I/AudioHardware7x30(  162): ******* name[41] = [handset_voip_tx] *********
I/AudioHardware7x30(  162): ******* name[42] = [speaker_voip_rx] *********
I/AudioHardware7x30(  162): ******* name[43] = [speaker_voip_tx] *********
I/AudioHardware7x30(  162): ******* name[44] = [headset_voip_rx] *********
I/AudioHardware7x30(  162): ******* name[45] = [headset_voip_tx] *********
I/AudioHardware7x30(  162): ******* name[46] = [bt_sco_voip_rx] *********
I/AudioHardware7x30(  162): ******* name[47] = [bt_sco_voip_tx] *********
I/AudioFlinger(  162): loadHwModule() Loaded primary audio interface from QCOM Audio HW HAL (audio) handle 1
D/AudioHardware7x30(  162): AudioHardware::openOutputStream devices 2 format 1 channels 3 samplerate 44100
I/AudioFlinger(  162): HAL output buffer size 1200 frames, normal mix buffer size 1200 frames
D/dalvikvm(  301): Ignoring duplicate verify attempt on Ljava/lang/Object;
I/AudioMixer(  162): found effect "Multichannel Downmix To Stereo" from The Android Open Source Project
I/AudioFlinger(  162): Using module 1 has the primary audio interface
D/AudioHardwareInterface(  162): setMode(NORMAL)
I/AudioHardware7x30(  162): Set master volume to 7.
I/AudioFlinger(  162): AudioFlinger's thread 0x182bf50 ready to run
W/AudioFlinger(  162): Thread AudioOut_2 cannot connect to the power manager service
I/AudioHardware7x30(  162): Routing audio to Speakerphone
D/AudioHardware7x30(  162): new_rx = 2
D/AudioHardware7x30(  162): new_tx = 3
E/AudioHardware7x30(  162): updateDeviceInfo: E rx_device 2 and tx_device 3
D/AudioHardware7x30(  162): No active voicecall/playback, disabling cur_rx 65535
D/AudioHardware7x30(  162): No active voicecall/recording, disabling cur_tx 65535
E/AudioHardware7x30(  162): updateDeviceInfo: X cur_rx 2 cur_tx 3
D/AudioHardware7x30(  162): AudioStreamOutMSM7x30::standby()
D/AudioHardware7x30(  162): setVoiceVolume(0.000000)
I/AudioHardware7x30(  162): Setting in-call volume to 0 (available range is 0 to 100)
E/AudioHardware7x30(  162): msm_set_voice_rx_vol(0) failed errno = 1
I/AudioFlinger(  162): loadHwModule() Loaded a2dp audio interface from A2DP Audio HW HAL (audio) handle 3
I/AudioPolicyService(  162): Loaded audio policy from QCOM Audio Policy HAL (audio_policy)
D/dalvikvm(  301): Ignoring duplicate verify attempt on Ljava/lang/Class;
W/memalloc(  159): Falling back to ashmem
D/dalvikvm(  301): Ignoring duplicate verify attempt on Ljava/lang/ref/Reference;
D/dalvikvm(  301): Ignoring duplicate verify attempt on Ljava/lang/ref/ReferenceQueue;
D/dalvikvm(  301): Ignoring duplicate verify attempt on Ljava/lang/ref/FinalizerReference;
W/memalloc(  159): Falling back to ashmem
W/memalloc(  159): Falling back to ashmem
D/dalvikvm(  301): DexOpt: load 136ms, verify+opt 1102ms, 1591980 bytes
D/dalvikvm(  160): DexOpt: --- END 'core.jar' (success) ---
D/dalvikvm(  160): DEX prep '/system/framework/core.jar': unzip in 224ms, rewrite 1554ms
D/dalvikvm(  160): DexOpt: --- BEGIN 'core-junit.jar' (bootstrap=1) ---
D/dalvikvm(  368): DexOpt: load 3ms, verify+opt 8ms, 140348 bytes
D/dalvikvm(  160): DexOpt: --- END 'core-junit.jar' (success) ---
D/dalvikvm(  160): DEX prep '/system/framework/core-junit.jar': unzip in 0ms, rewrite 39ms
D/dalvikvm(  160): DexOpt: --- BEGIN 'bouncycastle.jar' (bootstrap=1) ---
D/dalvikvm(  369): DexOpt: load 19ms, verify+opt 326ms, 601812 bytes
D/dalvikvm(  160): DexOpt: --- END 'bouncycastle.jar' (success) ---
D/dalvikvm(  160): DEX prep '/system/framework/bouncycastle.jar': unzip in 30ms, rewrite 427ms
D/dalvikvm(  160): DexOpt: --- BEGIN 'ext.jar' (bootstrap=1) ---
D/dalvikvm(  370): DexOpt: load 42ms, verify+opt 527ms, 940124 bytes
D/dalvikvm(  160): DexOpt: --- END 'ext.jar' (success) ---
D/dalvikvm(  160): DEX prep '/system/framework/ext.jar': unzip in 46ms, rewrite 687ms
D/dalvikvm(  160): DexOpt: --- BEGIN 'framework.jar' (bootstrap=1) ---
E/dalvikvm(  374): Out-of-order field_idx: 0x223c then 0x223c
E/dalvikvm(  374): Trouble with item 2129 @ offset 0x4a04e4
E/dalvikvm(  374): Swap of section type 2006 failed
E/dalvikvm(  374): ERROR: Byte swap + verify failed
E/dalvikvm(  374): Optimization failed
W/dalvikvm(  160): DexOpt: --- END 'framework.jar' --- status=0xff00, process failed
E/dalvikvm(  160): Unable to extract+optimize DEX from '/system/framework/framework.jar'
D/dalvikvm(  160): Unable to process classpath element '/system/framework/framework.jar'
D/dalvikvm(  160): DexOpt: --- BEGIN 'framework_ext.jar' (bootstrap=1) ---
D/dalvikvm(  378): DexOpt: load 126ms, verify+opt 260ms, 1536276 bytes
D/dalvikvm(  160): DexOpt: --- END 'framework_ext.jar' (success) ---
D/dalvikvm(  160): DEX prep '/system/framework/framework_ext.jar': unzip in 111ms, rewrite 634ms
D/dalvikvm(  160): Unable to stat classpath element '/system/framework/framework2.jar'
D/dalvikvm(  160): DexOpt: --- BEGIN 'android.policy.jar' (bootstrap=1) ---
D/dalvikvm(  379): DexOpt: load 12ms, verify+opt 13ms, 348068 bytes
D/dalvikvm(  160): DexOpt: --- END 'android.policy.jar' (success) ---
D/dalvikvm(  160): DEX prep '/system/framework/android.policy.jar': unzip in 21ms, rewrite 85ms
D/dalvikvm(  160): DexOpt: --- BEGIN 'services.jar' (bootstrap=1) ---
E/dalvikvm(  383): Out-of-order method_idx: 0x21ba then 0x21ba
E/dalvikvm(  383): Trouble with item 554 @ offset 0x146aac
E/dalvikvm(  383): Swap of section type 2006 failed
E/dalvikvm(  383): ERROR: Byte swap + verify failed
E/dalvikvm(  383): Optimization failed
W/dalvikvm(  160): DexOpt: --- END 'services.jar' --- status=0xff00, process failed
E/dalvikvm(  160): Unable to extract+optimize DEX from '/system/framework/services.jar'
D/dalvikvm(  160): Unable to process classpath element '/system/framework/services.jar'
D/dalvikvm(  160): DexOpt: --- BEGIN 'apache-xml.jar' (bootstrap=1) ---
D/dalvikvm(  384): DexOpt: load 56ms, verify+opt 412ms, 836588 bytes
D/dalvikvm(  160): DexOpt: --- END 'apache-xml.jar' (success) ---
D/dalvikvm(  160): DEX prep '/system/framework/apache-xml.jar': unzip in 44ms, rewrite 568ms
D/dalvikvm(  160): DexOpt: --- BEGIN 'lewa-framework.jar' (bootstrap=1) ---
D/dalvikvm(  385): DexOpt: load 40ms, verify+opt 247ms, 1028204 bytes
D/dalvikvm(  160): DexOpt: --- END 'lewa-framework.jar' (success) ---
D/dalvikvm(  160): DEX prep '/system/framework/lewa-framework.jar': unzip in 42ms, rewrite 400ms
D/dalvikvm(  160): Trying to load lib libjavacore.so 0x0
D/dalvikvm(  160): Added shared lib libjavacore.so 0x0
D/dalvikvm(  160): Trying to load lib libnativehelper.so 0x0
D/dalvikvm(  160): Added shared lib libnativehelper.so 0x0
E/JNIHelp (  160): Native registration unable to find class 'android/debug/JNITest', aborting
F/libc    (  160): Fatal signal 11 (SIGSEGV) at 0xdeadbaad (code=1), thread 160 (zygote)
I/DEBUG   (  157): *** *** *** *** *** *** *** *** *** *** *** *** *** *** *** ***
I/DEBUG   (  157): Build fingerprint: 'samsung/GT-I8150/GT-I8150:2.3.6/GINGERBREAD/XXLMD:user/release-keys'
I/DEBUG   (  157): pid: 160, tid: 160, name: zygote  >>> zygote <<<
I/DEBUG   (  157): signal 11 (SIGSEGV), code 1 (SEGV_MAPERR), fault addr deadbaad
I/DEBUG   (  157):     r0 00000027  r1 deadbaad  r2 00000000  r3 00000000
I/DEBUG   (  157):     r4 00000000  r5 bec1b9e4  r6 401f6ed8  r7 00000002
I/DEBUG   (  157):     r8 401ff834  r9 40200414  sl 00008f9c  fp 00008fd2
I/DEBUG   (  157):     ip 40030fe0  sp bec1b9e0  lr 400e65e1  pc 400e660a  cpsr 600b0030
I/DEBUG   (  157):     d0  722065766974614e  d1  7461727473696765
I/DEBUG   (  157):     d2  62616e75206e6f69  d3  6966206f7420656c
I/DEBUG   (  157):     d4  0000d4cc0000d4b1  d5  0000d4e80000d4cd
I/DEBUG   (  157):     d6  0000d5040000d4e9  d7  0000d5200000d505
I/DEBUG   (  157):     d8  0000000000000000  d9  0000000000000000
I/DEBUG   (  157):     d10 0000000000000000  d11 0000000000000000
I/DEBUG   (  157):     d12 0000000000000000  d13 0000000000000000
I/DEBUG   (  157):     d14 0000000000000000  d15 0000000000000000
I/DEBUG   (  157):     d16 2f64696f72646e61  d17 4e4a2f6775626564
I/DEBUG   (  157):     d18 0000d5740000d559  d19 0000d5900000d575
I/DEBUG   (  157):     d20 0000d5ac0000d591  d21 0000d5c80000d5ad
I/DEBUG   (  157):     d22 0000d5e40000d5c9  d23 0000d6000000d5e5
I/DEBUG   (  157):     d24 0000000000000000  d25 0000000000000000
I/DEBUG   (  157):     d26 0000000000000000  d27 0000000000000000
I/DEBUG   (  157):     d28 0000000000000000  d29 0000000000000000
I/DEBUG   (  157):     d30 0000000000000000  d31 0000000000000000
I/DEBUG   (  157):     scr 60000010
I/DEBUG   (  157): 
I/DEBUG   (  157): backtrace:
I/DEBUG   (  157):     #00  pc 0001860a  /system/lib/libc.so
I/DEBUG   (  157):     #01  pc 0000dd44  /system/lib/libc.so (abort+4)
I/DEBUG   (  157):     #02  pc 00000955  /system/lib/libnativehelper.so (jniRegisterNativeMethods+72)
I/DEBUG   (  157):     #03  pc 00048555  /system/lib/libandroid_runtime.so (android::AndroidRuntime::startReg(_JNIEnv*)+36)
I/DEBUG   (  157):     #04  pc 00048659  /system/lib/libandroid_runtime.so (android::AndroidRuntime::start(char const*, char const*)+208)
I/DEBUG   (  157):     #05  pc 00000e9b  /system/bin/app_process
I/DEBUG   (  157): 
I/DEBUG   (  157): stack:
I/DEBUG   (  157):          bec1b9a0  01df7f68  [heap]
I/DEBUG   (  157):          bec1b9a4  40c045e8  /dev/ashmem/dalvik-heap (deleted)
I/DEBUG   (  157):          bec1b9a8  00000000  
I/DEBUG   (  157):          bec1b9ac  01df7f68  [heap]
I/DEBUG   (  157):          bec1b9b0  40c045e8  /dev/ashmem/dalvik-heap (deleted)
I/DEBUG   (  157):          bec1b9b4  400e5353  /system/lib/libc.so (free+14)
I/DEBUG   (  157):          bec1b9b8  01df7f68  [heap]
I/DEBUG   (  157):          bec1b9bc  40c045e8  /dev/ashmem/dalvik-heap (deleted)
I/DEBUG   (  157):          bec1b9c0  00000000  
I/DEBUG   (  157):          bec1b9c4  00000002  
I/DEBUG   (  157):          bec1b9c8  01df7f68  [heap]
I/DEBUG   (  157):          bec1b9cc  400e3b75  /system/lib/libc.so (dlfree+56)
I/DEBUG   (  157):          bec1b9d0  400e3b3d  /system/lib/libc.so (dlfree)
I/DEBUG   (  157):          bec1b9d4  01df7f68  [heap]
I/DEBUG   (  157):          bec1b9d8  df0027ad  
I/DEBUG   (  157):          bec1b9dc  00000000  
I/DEBUG   (  157):     #00  bec1b9e0  bec1b9fc  [stack]
I/DEBUG   (  157):          bec1b9e4  fffffbdf  
I/DEBUG   (  157):          bec1b9e8  00000000  
I/DEBUG   (  157):          bec1b9ec  4077cb5d  /system/lib/libdvm.so
I/DEBUG   (  157):          bec1b9f0  00000000  
I/DEBUG   (  157):          bec1b9f4  5c0aed3c  
I/DEBUG   (  157):          bec1b9f8  01ddb460  [heap]
I/DEBUG   (  157):          bec1b9fc  01ddb460  [heap]
I/DEBUG   (  157):          bec1ba00  401f144a  /system/lib/libandroid_runtime.so
I/DEBUG   (  157):          bec1ba04  400dbd48  /system/lib/libc.so (__pthread_clone)
I/DEBUG   (  157):     #01  bec1ba08  5c0aed3c  
I/DEBUG   (  157):          bec1ba0c  4002e959  /system/lib/libnativehelper.so (jniRegisterNativeMethods+76)
I/DEBUG   (  157):     #02  bec1ba10  01ddb460  [heap]
I/DEBUG   (  157):          bec1ba14  00000000  
I/DEBUG   (  157):          bec1ba18  01ddb460  [heap]
I/DEBUG   (  157):          bec1ba1c  00000000  
I/DEBUG   (  157):          bec1ba20  401f6ed8  /system/lib/libandroid_runtime.so
I/DEBUG   (  157):          bec1ba24  00008fa3  /system/bin/app_process
I/DEBUG   (  157):          bec1ba28  00009003  /system/bin/app_process
I/DEBUG   (  157):          bec1ba2c  4019d557  /system/lib/libandroid_runtime.so (android::AndroidRuntime::startReg(_JNIEnv*)+38)
I/DEBUG   (  157): 
I/DEBUG   (  157): memory near r5:
I/DEBUG   (  157):     bec1b9c4 00000002 01df7f68 400e3b75 400e3b3d  ....h...u;.@=;.@
I/DEBUG   (  157):     bec1b9d4 01df7f68 df0027ad 00000000 bec1b9fc  h....'..........
I/DEBUG   (  157):     bec1b9e4 fffffbdf 00000000 4077cb5d 00000000  ........].w@....
I/DEBUG   (  157):     bec1b9f4 5c0aed3c 01ddb460 01ddb460 401f144a  <..\`...`...J..@
I/DEBUG   (  157):     bec1ba04 400dbd48 5c0aed3c 4002e959 01ddb460  H..@<..\Y..@`...
I/DEBUG   (  157): 
I/DEBUG   (  157): memory near r6:
I/DEBUG   (  157):     401f6eb8 00000000 00000000 4019cbe1 4019cc05  ...........@...@
I/DEBUG   (  157):     401f6ec8 4019c9f9 40037909 4019c9f9 4019c9f9  ...@.y.@...@...@
I/DEBUG   (  157):     401f6ed8 401ce7bd 4019cbc9 401b423d 401bbb0d  ...@...@=B.@...@
I/DEBUG   (  157):     401f6ee8 401bbe45 401bbfb9 401b77b9 401b9ac9  E..@...@.w.@...@
I/DEBUG   (  157):     401f6ef8 401bd409 401bd7fd 401ab2d5 401b1e81  ...@...@...@...@
I/DEBUG   (  157): 
I/DEBUG   (  157): memory near r8:
I/DEBUG   (  157):     401ff814 401f133d 401ce425 401f1358 401e0dd4  =..@%..@X..@...@
I/DEBUG   (  157):     401ff824 401ce3f1 401f136e 401e12b2 401ce3bd  ...@n..@...@...@
I/DEBUG   (  157):     401ff834 401f1460 401f1466 401ce6e5 401f1480  `..@f..@...@...@
I/DEBUG   (  157):     401ff844 401e7749 401ce685 401e542d 401e1676  Iw.@...@-T.@v..@
I/DEBUG   (  157):     401ff854 401ce81b 401f155b 401e10dc 401ce821  ...@[..@...@!..@
I/DEBUG   (  157): 
I/DEBUG   (  157): memory near r9:
I/DEBUG   (  157):     402003f4 00000000 00000000 00000000 00000000  ................
I/DEBUG   (  157):     40200404 00000000 00000000 00000000 00000000  ................
I/DEBUG   (  157):     40200414 01ddbe78 bec1bb00 00000000 00000000  x...............
I/DEBUG   (  157):     40200424 00000000 00000000 00000000 00000000  ................
I/DEBUG   (  157):     40200434 00000000 00000000 00000000 00000000  ................
I/DEBUG   (  157): 
I/DEBUG   (  157): memory near sl:
I/DEBUG   (  157):     00008f7c 20726964 72617473 6c632d74 2d737361  dir start-class-
I/DEBUG   (  157):     00008f8c 656d616e 706f5b20 6e6f6974 000a5d73  name [options]..
I/DEBUG   (  157):     00008f9c 6f67797a 73006574 74726174 7379732d  zygote.start-sys
I/DEBUG   (  157):     00008fac 2d6d6574 76726573 00007265 6c707061  tem-server..appl
I/DEBUG   (  157):     00008fbc 74616369 006e6f69 6c6f6f74 7a2d2d00  ication.tool.--z
I/DEBUG   (  157): 
I/DEBUG   (  157): memory near fp:
I/DEBUG   (  157):     00008fb0 76726573 00007265 6c707061 74616369  server..applicat
I/DEBUG   (  157):     00008fc0 006e6f69 6c6f6f74 7a2d2d00 746f6779  ion.tool.--zygot
I/DEBUG   (  157):     00008fd0 2d2d0065 72617473 79732d74 6d657473  e.--start-system
I/DEBUG   (  157):     00008fe0 7265732d 00726576 70612d2d 63696c70  -server.--applic
I/DEBUG   (  157):     00008ff0 6f697461 2d2d006e 6563696e 6d616e2d  ation.--nice-nam
I/DEBUG   (  157): 
I/DEBUG   (  157): memory near ip:
I/DEBUG   (  157):     40030fc0 00000000 40117b44 00000000 00000000  ....D{.@........
I/DEBUG   (  157):     40030fd0 00000000 400f0d41 400ea841 40093489  ....A..@A..@.4.@
I/DEBUG   (  157):     40030fe0 400dbd40 400f0d09 400e8c41 40093131  @..@...@A..@11.@
I/DEBUG   (  157):     40030ff0 400e5345 400e552d 400ed065 400ed425  ES.@-U.@e..@%..@
I/DEBUG   (  157):     40031000 1d2000a6 4bdf4d18 4bdf4cc8 00000000  .. ..M.K.L.K....
I/DEBUG   (  157): 
I/DEBUG   (  157): memory near sp:
I/DEBUG   (  157):     bec1b9c0 00000000 00000002 01df7f68 400e3b75  ........h...u;.@
I/DEBUG   (  157):     bec1b9d0 400e3b3d 01df7f68 df0027ad 00000000  =;.@h....'......
I/DEBUG   (  157):     bec1b9e0 bec1b9fc fffffbdf 00000000 4077cb5d  ............].w@
I/DEBUG   (  157):     bec1b9f0 00000000 5c0aed3c 01ddb460 01ddb460  ....<..\`...`...
I/DEBUG   (  157):     bec1ba00 401f144a 400dbd48 5c0aed3c 4002e959  J..@H..@<..\Y..@
I/DEBUG   (  157): 
I/DEBUG   (  157): code around pc:
I/DEBUG   (  157):     400e65e8 e000b164 6823461c d1fb2b00 68e3e026  d....F#h.+..&..h
I/DEBUG   (  157):     400e65f8 4a17b123 447a2401 47986014 20274911  #..J.$zD.`.G.I' 
I/DEBUG   (  157):     400e6608 70082400 eaccf7f4 f7f52106 a902ec08  .$.p.....!......
I/DEBUG   (  157):     400e6618 f04f2006 460a5380 94029304 f7f49403  . O..S.F........
I/DEBUG   (  157):     400e6628 4629efea 20024622 eff2f7f4 eab8f7f4  ..)F"F. ........
I/DEBUG   (  157): 
I/DEBUG   (  157): code around lr:
I/DEBUG   (  157):     400e65c0 f46f4923 b5306084 4479b087 ad066809  #Io..`0...yD.h..
I/DEBUG   (  157):     400e65d0 f8452200 20020d14 4629680c e81cf7f5  ."E.... .h)F....
I/DEBUG   (  157):     400e65e0 447b4b1c b96b681b e000b164 6823461c  .K{D.hk.d....F#h
I/DEBUG   (  157):     400e65f0 d1fb2b00 68e3e026 4a17b123 447a2401  .+..&..h#..J.$zD
I/DEBUG   (  157):     400e6600 47986014 20274911 70082400 eaccf7f4  .`.G.I' .$.p....
I/DEBUG   (  157): 
I/DEBUG   (  157): memory map around fault addr deadbaad:
I/DEBUG   (  157):     bebfb000-bec1c000 [stack]
I/DEBUG   (  157):     (no map for address)
I/DEBUG   (  157):     ffff0000-ffff1000 [vectors]
I/ServiceManager(  153): service 'media.audio_flinger' died
I/ServiceManager(  153): service 'media.player' died
I/ServiceManager(  153): service 'media.camera' died
I/ServiceManager(  153): service 'media.audio_policy' died
I/Netd    (  392): Netd 1.0 starting
D/AndroidRuntime(  393): 
D/AndroidRuntime(  393): >>>>>> AndroidRuntime START com.android.internal.os.ZygoteInit <<<<<<
D/AndroidRuntime(  393): CheckJNI is OFF
D/dalvikvm(  393): DexOpt: incorrect opt magic number (0xff ff ff ff)
D/dalvikvm(  393): ODEX file is stale or bad; removing and retrying (/data/dalvik-cache/system@framework@framework.jar@classes.dex)
I/mediaserver(  394): ServiceManager: 0x66bd78
I/AudioFlinger(  394): Using default 3000 mSec as standby time.
I/CameraService(  394): CameraService started (pid=394)
I/QualcommCameraHardware(  394): getCameraInfo: IN
I/QualcommCameraHardware(  394): getCameraInfo: loading libqcamera at 0x4001d40c
I/QualcommCameraHardware(  394): getCameraInfo: numOfCameras = 2
I/QualcommCameraHardware(  394): Camera sensor 0 info:
I/QualcommCameraHardware(  394): camera_id: 0
I/QualcommCameraHardware(  394): modes_supported: 1
I/QualcommCameraHardware(  394): position: 0
I/QualcommCameraHardware(  394): sensor_mount_angle: 0
I/QualcommCameraHardware(  394): Camera sensor 1 info:
I/QualcommCameraHardware(  394): camera_id: 1
I/QualcommCameraHardware(  394): modes_supported: 1
I/QualcommCameraHardware(  394): position: 1
I/QualcommCameraHardware(  394): sensor_mount_angle: 180
V/QualcommCameraHardware(  394): getCameraInfo: dlclose(libqcamera)
I/QualcommCameraHardware(  394): getCameraInfo: OUT
I/CameraHAL(  394): camera_get_number_of_cameras: number:2
I/AudioPolicyManagerBase(  394): loadAudioPolicyConfig() loaded /system/etc/audio_policy.conf
D/AudioHardware7x30(  394): Could not open libhtc_acoustic.so
D/AudioHardware7x30(  394): msm_mixer_open: Opening the device
D/AudioHardware7x30(  394): msm_mixer_count:mixer_cnt =61
I/AudioHardware7x30(  394): ******* name[0] = [handset_rx] *********
I/AudioHardware7x30(  394): ******* name[1] = [handset_tx] *********
I/AudioHardware7x30(  394): ******* name[2] = [speaker_rx] *********
I/AudioHardware7x30(  394): ******* name[3] = [speaker_tx] *********
I/AudioHardware7x30(  394): ******* name[4] = [headset_rx] *********
I/AudioHardware7x30(  394): ******* name[5] = [headset_tx] *********
I/AudioHardware7x30(  394): ******* name[6] = [bt_sco_rx] *********
I/AudioHardware7x30(  394): ******* name[7] = [bt_sco_tx] *********
I/AudioHardware7x30(  394): ******* name[8] = [bt_sco_nrec_rx] *********
I/AudioHardware7x30(  394): ******* name[9] = [bt_sco_nrec_tx] *********
I/AudioHardware7x30(  394): ******* name[10] = [hdmi_stereo_rx] *********
I/AudioHardware7x30(  394): ******* name[11] = [aux_dock_rx] *********
I/AudioHardware7x30(  394): ******* name[12] = [speaker_headset_rx] *********
I/AudioHardware7x30(  394): ******* name[13] = [speaker_dock_rx] *********
I/AudioHardware7x30(  394): ******* name[14] = [speaker_hdmi_rx] *********
I/AudioHardware7x30(  394): ******* name[15] = [handset_call_rx] *********
I/AudioHardware7x30(  394): ******* name[16] = [handset_call_tx] *********
I/AudioHardware7x30(  394): ******* name[17] = [speaker_call_rx] *********
I/AudioHardware7x30(  394): ******* name[18] = [speaker_call_tx] *********
I/AudioHardware7x30(  394): ******* name[19] = [headset_call_rx] *********
I/AudioHardware7x30(  394): ******* name[20] = [headset_call_tx] *********
I/AudioHardware7x30(  394): ******* name[21] = [bt_sco_call_rx] *********
I/AudioHardware7x30(  394): ******* name[22] = [bt_sco_call_tx] *********
I/AudioHardware7x30(  394): ******* name[23] = [bt_sco_nrec_call_rx] *********
I/AudioHardware7x30(  394): ******* name[24] = [bt_sco_nrec_call_tx] *********
I/AudioHardware7x30(  394): ******* name[25] = [tty_headset_mono_call_rx] *********
I/AudioHardware7x30(  394): ******* name[26] = [tty_headset_mono_call_tx] *********
I/AudioHardware7x30(  394): ******* name[27] = [dualmic_handset_call_tx] *********
I/AudioHardware7x30(  394): ******* name[28] = [handset_fmradio_rx] *********
I/AudioHardware7x30(  394): ******* name[29] = [headset_fmradio_rx] *********
I/AudioHardware7x30(  394): ******* name[30] = [headset_fmradio_tx] *********
I/AudioHardware7x30(  394): ******* name[31] = [speaker_fmradio_rx] *********
I/AudioHardware7x30(  394): ******* name[32] = [speaker_voice_dialer_tx] *********
I/AudioHardware7x30(  394): ******* name[33] = [headset_voice_dialer_tx] *********
I/AudioHardware7x30(  394): ******* name[34] = [bt_sco_voice_dialer_tx] *********
I/AudioHardware7x30(  394): ******* name[35] = [bt_sco_nrec_voice_dialer_tx] *********
I/AudioHardware7x30(  394): ******* name[36] = [speaker_voice_search_tx] *********
I/AudioHardware7x30(  394): ******* name[37] = [headset_voice_search_tx] *********
I/AudioHardware7x30(  394): ******* name[38] = [headset_fmradio_only_rx] *********
I/AudioHardware7x30(  394): ******* name[39] = [speaker_fmradio_only_rx] *********
I/AudioHardware7x30(  394): ******* name[40] = [handset_voip_rx] *********
I/AudioHardware7x30(  394): ******* name[41] = [handset_voip_tx] *********
I/AudioHardware7x30(  394): ******* name[42] = [speaker_voip_rx] *********
I/AudioHardware7x30(  394): ******* name[43] = [speaker_voip_tx] *********
I/AudioHardware7x30(  394): ******* name[44] = [headset_voip_rx] *********
I/AudioHardware7x30(  394): ******* name[45] = [headset_voip_tx] *********
I/AudioHardware7x30(  394): ******* name[46] = [bt_sco_voip_rx] *********
I/AudioHardware7x30(  394): ******* name[47] = [bt_sco_voip_tx] *********
I/AudioFlinger(  394): loadHwModule() Loaded primary audio interface from QCOM Audio HW HAL (audio) handle 1
D/AudioHardware7x30(  394): AudioHardware::openOutputStream devices 2 format 1 channels 3 samplerate 44100
I/AudioFlinger(  394): HAL output buffer size 1200 frames, normal mix buffer size 1200 frames
I/AudioMixer(  394): found effect "Multichannel Downmix To Stereo" from The Android Open Source Project
I/AudioFlinger(  394): Using module 1 has the primary audio interface
D/AudioHardwareInterface(  394): setMode(NORMAL)
I/AudioHardware7x30(  394): Set master volume to 7.
I/AudioFlinger(  394): AudioFlinger's thread 0x673f50 ready to run
W/AudioFlinger(  394): Thread AudioOut_2 cannot connect to the power manager service
D/AudioHardware7x30(  394): AudioStreamOutMSM7x30::standby()
W/AudioFlinger(  394): Thread AudioOut_2 cannot connect to the power manager service
I/AudioHardware7x30(  394): Routing audio to Speakerphone
D/AudioHardware7x30(  394): new_rx = 2
D/AudioHardware7x30(  394): new_tx = 3
E/AudioHardware7x30(  394): updateDeviceInfo: E rx_device 2 and tx_device 3
D/AudioHardware7x30(  394): No active voicecall/playback, disabling cur_rx 65535
D/AudioHardware7x30(  394): No active voicecall/recording, disabling cur_tx 65535
E/AudioHardware7x30(  394): updateDeviceInfo: X cur_rx 2 cur_tx 3
D/AudioHardware7x30(  394): setVoiceVolume(0.000000)
I/AudioHardware7x30(  394): Setting in-call volume to 0 (available range is 0 to 100)
E/AudioHardware7x30(  394): msm_set_voice_rx_vol(0) failed errno = 1
I/AudioFlinger(  394): loadHwModule() Loaded a2dp audio interface from A2DP Audio HW HAL (audio) handle 3
I/AudioPolicyService(  394): Loaded audio policy from QCOM Audio Policy HAL (audio_policy)
E/BandwidthController(  392): runIptablesCmd(): failed /system/bin/iptables -t raw -N bw_raw_PREROUTING res=256
E/BandwidthController(  392): runIptablesCmd(): failed /system/bin/ip6tables -t raw -N bw_raw_PREROUTING res=256
D/dalvikvm(  393): DexOpt: --- BEGIN 'framework.jar' (bootstrap=1) ---
D/MDnsDS  (  392): MDnsSdListener::Hander starting up
D/MDnsDS  (  392): MDnsSdListener starting to monitor
D/MDnsDS  (  392): Going to poll with pollCount 1
E/dalvikvm(  517): Out-of-order field_idx: 0x223c then 0x223c
E/dalvikvm(  517): Trouble with item 2129 @ offset 0x4a04e4
E/dalvikvm(  517): Swap of section type 2006 failed
E/dalvikvm(  517): ERROR: Byte swap + verify failed
E/dalvikvm(  517): Optimization failed
W/dalvikvm(  393): DexOpt: --- END 'framework.jar' --- status=0xff00, process failed
E/dalvikvm(  393): Unable to extract+optimize DEX from '/system/framework/framework.jar'
D/dalvikvm(  393): Unable to process classpath element '/system/framework/framework.jar'
D/dalvikvm(  393): Unable to stat classpath element '/system/framework/framework2.jar'
D/dalvikvm(  393): DexOpt: incorrect opt magic number (0xff ff ff ff)
D/dalvikvm(  393): ODEX file is stale or bad; removing and retrying (/data/dalvik-cache/system@framework@services.jar@classes.dex)
D/dalvikvm(  393): DexOpt: --- BEGIN 'services.jar' (bootstrap=1) ---
E/dalvikvm(  523): Out-of-order method_idx: 0x21ba then 0x21ba
E/dalvikvm(  523): Trouble with item 554 @ offset 0x146aac
E/dalvikvm(  523): Swap of section type 2006 failed
E/dalvikvm(  523): ERROR: Byte swap + verify failed
E/dalvikvm(  523): Optimization failed
W/dalvikvm(  393): DexOpt: --- END 'services.jar' --- status=0xff00, process failed
E/dalvikvm(  393): Unable to extract+optimize DEX from '/system/framework/services.jar'
D/dalvikvm(  393): Unable to process classpath element '/system/framework/services.jar'
D/dalvikvm(  393): Trying to load lib libjavacore.so 0x0
D/dalvikvm(  393): Added shared lib libjavacore.so 0x0
D/dalvikvm(  393): Trying to load lib libnativehelper.so 0x0
D/dalvikvm(  393): Added shared lib libnativehelper.so 0x0
E/JNIHelp (  393): Native registration unable to find class 'android/debug/JNITest', aborting
F/libc    (  393): Fatal signal 11 (SIGSEGV) at 0xdeadbaad (code=1), thread 393 (zygote)
I/DEBUG   (  157): *** *** *** *** *** *** *** *** *** *** *** *** *** *** *** ***
I/DEBUG   (  157): Build fingerprint: 'samsung/GT-I8150/GT-I8150:2.3.6/GINGERBREAD/XXLMD:user/release-keys'
I/DEBUG   (  157): pid: 393, tid: 393, name: zygote  >>> zygote <<<
I/DEBUG   (  157): signal 11 (SIGSEGV), code 1 (SEGV_MAPERR), fault addr deadbaad
I/DEBUG   (  157):     r0 00000027  r1 deadbaad  r2 00000000  r3 00000000
I/DEBUG   (  157):     r4 00000000  r5 be9ca9e4  r6 40209ed8  r7 00000002
I/DEBUG   (  157):     r8 40212834  r9 40213414  sl 00008f9c  fp 00008fd2
I/DEBUG   (  157):     ip 40049fe0  sp be9ca9e0  lr 400885e1  pc 4008860a  cpsr 600b0030
I/DEBUG   (  157):     d0  722065766974614e  d1  7461727473696765
I/DEBUG   (  157):     d2  62616e75206e6f69  d3  6966206f7420656c
I/DEBUG   (  157):     d4  0000d4cc0000d4b1  d5  0000d4e80000d4cd
I/DEBUG   (  157):     d6  0000d5040000d4e9  d7  0000d5200000d505
I/DEBUG   (  157):     d8  0000000000000000  d9  0000000000000000
I/DEBUG   (  157):     d10 0000000000000000  d11 0000000000000000
I/DEBUG   (  157):     d12 0000000000000000  d13 0000000000000000
I/DEBUG   (  157):     d14 0000000000000000  d15 0000000000000000
I/DEBUG   (  157):     d16 2f64696f72646e61  d17 4e4a2f6775626564
I/DEBUG   (  157):     d18 0000d5740000d559  d19 0000d5900000d575
I/DEBUG   (  157):     d20 0000d5ac0000d591  d21 0000d5c80000d5ad
I/DEBUG   (  157):     d22 0000d5e40000d5c9  d23 0000d6000000d5e5
I/DEBUG   (  157):     d24 0000000000000000  d25 0000000000000000
I/DEBUG   (  157):     d26 0000000000000000  d27 0000000000000000
I/DEBUG   (  157):     d28 0000000000000000  d29 0000000000000000
I/DEBUG   (  157):     d30 0000000000000000  d31 0000000000000000
I/DEBUG   (  157):     scr 60000010
I/DEBUG   (  157): 
I/DEBUG   (  157): backtrace:
I/DEBUG   (  157):     #00  pc 0001860a  /system/lib/libc.so
I/DEBUG   (  157):     #01  pc 0000dd44  /system/lib/libc.so (abort+4)
I/DEBUG   (  157):     #02  pc 00000955  /system/lib/libnativehelper.so (jniRegisterNativeMethods+72)
I/DEBUG   (  157):     #03  pc 00048555  /system/lib/libandroid_runtime.so (android::AndroidRuntime::startReg(_JNIEnv*)+36)
I/DEBUG   (  157):     #04  pc 00048659  /system/lib/libandroid_runtime.so (android::AndroidRuntime::start(char const*, char const*)+208)
I/DEBUG   (  157):     #05  pc 00000e9b  /system/bin/app_process
I/DEBUG   (  157): 
I/DEBUG   (  157): stack:
I/DEBUG   (  157):          be9ca9a0  0144df68  [heap]
I/DEBUG   (  157):          be9ca9a4  40c2d5e8  /dev/ashmem/dalvik-heap (deleted)
I/DEBUG   (  157):          be9ca9a8  00000000  
I/DEBUG   (  157):          be9ca9ac  0144df68  [heap]
I/DEBUG   (  157):          be9ca9b0  40c2d5e8  /dev/ashmem/dalvik-heap (deleted)
I/DEBUG   (  157):          be9ca9b4  40087353  /system/lib/libc.so (free+14)
I/DEBUG   (  157):          be9ca9b8  0144df68  [heap]
I/DEBUG   (  157):          be9ca9bc  40c2d5e8  /dev/ashmem/dalvik-heap (deleted)
I/DEBUG   (  157):          be9ca9c0  00000000  
I/DEBUG   (  157):          be9ca9c4  00000002  
I/DEBUG   (  157):          be9ca9c8  0144df68  [heap]
I/DEBUG   (  157):          be9ca9cc  40085b75  /system/lib/libc.so (dlfree+56)
I/DEBUG   (  157):          be9ca9d0  40085b3d  /system/lib/libc.so (dlfree)
I/DEBUG   (  157):          be9ca9d4  0144df68  [heap]
I/DEBUG   (  157):          be9ca9d8  df0027ad  
I/DEBUG   (  157):          be9ca9dc  00000000  
I/DEBUG   (  157):     #00  be9ca9e0  be9ca9fc  [stack]
I/DEBUG   (  157):          be9ca9e4  fffffbdf  
I/DEBUG   (  157):          be9ca9e8  00000000  
I/DEBUG   (  157):          be9ca9ec  4078fb5d  /system/lib/libdvm.so
I/DEBUG   (  157):          be9ca9f0  00000000  
I/DEBUG   (  157):          be9ca9f4  1039a02d  
I/DEBUG   (  157):          be9ca9f8  01431460  [heap]
I/DEBUG   (  157):          be9ca9fc  01431460  [heap]
I/DEBUG   (  157):          be9caa00  4020444a  /system/lib/libandroid_runtime.so
I/DEBUG   (  157):          be9caa04  4007dd48  /system/lib/libc.so (__pthread_clone)
I/DEBUG   (  157):     #01  be9caa08  1039a02d  
I/DEBUG   (  157):          be9caa0c  40047959  /system/lib/libnativehelper.so (jniRegisterNativeMethods+76)
I/DEBUG   (  157):     #02  be9caa10  01431460  [heap]
I/DEBUG   (  157):          be9caa14  00000000  
I/DEBUG   (  157):          be9caa18  01431460  [heap]
I/DEBUG   (  157):          be9caa1c  00000000  
I/DEBUG   (  157):          be9caa20  40209ed8  /system/lib/libandroid_runtime.so
I/DEBUG   (  157):          be9caa24  00008fa3  /system/bin/app_process
I/DEBUG   (  157):          be9caa28  00009003  /system/bin/app_process
I/DEBUG   (  157):          be9caa2c  401b0557  /system/lib/libandroid_runtime.so (android::AndroidRuntime::startReg(_JNIEnv*)+38)
I/DEBUG   (  157): 
I/DEBUG   (  157): memory near r5:
I/DEBUG   (  157):     be9ca9c4 00000002 0144df68 40085b75 40085b3d  ....h.D.u[.@=[.@
I/DEBUG   (  157):     be9ca9d4 0144df68 df0027ad 00000000 be9ca9fc  h.D..'..........
I/DEBUG   (  157):     be9ca9e4 fffffbdf 00000000 4078fb5d 00000000  ........].x@....
I/DEBUG   (  157):     be9ca9f4 1039a02d 01431460 01431460 4020444a  -.9.`.C.`.C.JD @
I/DEBUG   (  157):     be9caa04 4007dd48 1039a02d 40047959 01431460  H..@-.9.Yy.@`.C.
I/DEBUG   (  157): 
I/DEBUG   (  157): memory near r6:
I/DEBUG   (  157):     40209eb8 00000000 00000000 401afbe1 401afc05  ...........@...@
I/DEBUG   (  157):     40209ec8 401af9f9 400c1909 401af9f9 401af9f9  ...@...@...@...@
I/DEBUG   (  157):     40209ed8 401e17bd 401afbc9 401c723d 401ceb0d  ...@...@=r.@...@
I/DEBUG   (  157):     40209ee8 401cee45 401cefb9 401ca7b9 401ccac9  E..@...@...@...@
I/DEBUG   (  157):     40209ef8 401d0409 401d07fd 401be2d5 401c4e81  ...@...@...@.N.@
I/DEBUG   (  157): 
I/DEBUG   (  157): memory near r8:
I/DEBUG   (  157):     40212814 4020433d 401e1425 40204358 401f3dd4  =C @%..@XC @.=.@
I/DEBUG   (  157):     40212824 401e13f1 4020436e 401f42b2 401e13bd  ...@nC @.B.@...@
I/DEBUG   (  157):     40212834 40204460 40204466 401e16e5 40204480  `D @fD @...@.D @
I/DEBUG   (  157):     40212844 401fa749 401e1685 401f842d 401f4676  I..@...@-..@vF.@
I/DEBUG   (  157):     40212854 401e181b 4020455b 401f40dc 401e1821  ...@[E @.@.@!..@
I/DEBUG   (  157): 
I/DEBUG   (  157): memory near r9:
I/DEBUG   (  157):     402133f4 00000000 00000000 00000000 00000000  ................
I/DEBUG   (  157):     40213404 00000000 00000000 00000000 00000000  ................
I/DEBUG   (  157):     40213414 01431e78 be9cab00 00000000 00000000  x.C.............
I/DEBUG   (  157):     40213424 00000000 00000000 00000000 00000000  ................
I/DEBUG   (  157):     40213434 00000000 00000000 00000000 00000000  ................
I/DEBUG   (  157): 
I/DEBUG   (  157): memory near sl:
I/DEBUG   (  157):     00008f7c 20726964 72617473 6c632d74 2d737361  dir start-class-
I/DEBUG   (  157):     00008f8c 656d616e 706f5b20 6e6f6974 000a5d73  name [options]..
I/DEBUG   (  157):     00008f9c 6f67797a 73006574 74726174 7379732d  zygote.start-sys
I/DEBUG   (  157):     00008fac 2d6d6574 76726573 00007265 6c707061  tem-server..appl
I/DEBUG   (  157):     00008fbc 74616369 006e6f69 6c6f6f74 7a2d2d00  ication.tool.--z
I/DEBUG   (  157): 
I/DEBUG   (  157): memory near fp:
I/DEBUG   (  157):     00008fb0 76726573 00007265 6c707061 74616369  server..applicat
I/DEBUG   (  157):     00008fc0 006e6f69 6c6f6f74 7a2d2d00 746f6779  ion.tool.--zygot
I/DEBUG   (  157):     00008fd0 2d2d0065 72617473 79732d74 6d657473  e.--start-system
I/DEBUG   (  157):     00008fe0 7265732d 00726576 70612d2d 63696c70  -server.--applic
I/DEBUG   (  157):     00008ff0 6f697461 2d2d006e 6563696e 6d616e2d  ation.--nice-nam
I/DEBUG   (  157): 
I/DEBUG   (  157): memory near ip:
I/DEBUG   (  157):     40049fc0 00000000 400b9b44 00000000 00000000  ....D..@........
I/DEBUG   (  157):     40049fd0 00000000 40092d41 4008c841 400ec489  ....A-.@A..@...@
I/DEBUG   (  157):     40049fe0 4007dd40 40092d09 4008ac41 400ec131  @..@.-.@A..@1..@
I/DEBUG   (  157):     40049ff0 40087345 4008752d 4008f065 4008f425  Es.@-u.@e..@%..@
I/DEBUG   (  157):     4004a000 1d2000a6 4bf3ad18 4bf3acc8 00000000  .. ....K...K....
I/DEBUG   (  157): 
I/DEBUG   (  157): memory near sp:
I/DEBUG   (  157):     be9ca9c0 00000000 00000002 0144df68 40085b75  ........h.D.u[.@
I/DEBUG   (  157):     be9ca9d0 40085b3d 0144df68 df0027ad 00000000  =[.@h.D..'......
I/DEBUG   (  157):     be9ca9e0 be9ca9fc fffffbdf 00000000 4078fb5d  ............].x@
I/DEBUG   (  157):     be9ca9f0 00000000 1039a02d 01431460 01431460  ....-.9.`.C.`.C.
I/DEBUG   (  157):     be9caa00 4020444a 4007dd48 1039a02d 40047959  JD @H..@-.9.Yy.@
I/DEBUG   (  157): 
I/DEBUG   (  157): code around pc:
I/DEBUG   (  157):     400885e8 e000b164 6823461c d1fb2b00 68e3e026  d....F#h.+..&..h
I/DEBUG   (  157):     400885f8 4a17b123 447a2401 47986014 20274911  #..J.$zD.`.G.I' 
I/DEBUG   (  157):     40088608 70082400 eaccf7f4 f7f52106 a902ec08  .$.p.....!......
I/DEBUG   (  157):     40088618 f04f2006 460a5380 94029304 f7f49403  . O..S.F........
I/DEBUG   (  157):     40088628 4629efea 20024622 eff2f7f4 eab8f7f4  ..)F"F. ........
I/DEBUG   (  157): 
I/DEBUG   (  157): code around lr:
